Archive member included to satisfy reference by file (symbol)

C:\Users\mcardenas\Documents\MCUXpressoIDE_11.6.1_8255\Iteso\frdmk64f_cmsis_enet_txrx_transfer\mmcau\asm-cm4-cm7\lib_mmcau.a(mmcau_aes_functions.o)
                              ./mmcau/fsl_mmcau.o (mmcau_aes_set_key)
C:\Users\mcardenas\Documents\MCUXpressoIDE_11.6.1_8255\Iteso\frdmk64f_cmsis_enet_txrx_transfer\mmcau\asm-cm4-cm7\lib_mmcau.a(mmcau_des_functions.o)
                              ./mmcau/fsl_mmcau.o (mmcau_des_chk_parity)
C:\Users\mcardenas\Documents\MCUXpressoIDE_11.6.1_8255\Iteso\frdmk64f_cmsis_enet_txrx_transfer\mmcau\asm-cm4-cm7\lib_mmcau.a(mmcau_md5_functions.o)
                              ./mmcau/fsl_mmcau.o (mmcau_md5_initialize_output)
C:\Users\mcardenas\Documents\MCUXpressoIDE_11.6.1_8255\Iteso\frdmk64f_cmsis_enet_txrx_transfer\mmcau\asm-cm4-cm7\lib_mmcau.a(mmcau_sha1_functions.o)
                              ./mmcau/fsl_mmcau.o (mmcau_sha1_initialize_output)
C:\Users\mcardenas\Documents\MCUXpressoIDE_11.6.1_8255\Iteso\frdmk64f_cmsis_enet_txrx_transfer\mmcau\asm-cm4-cm7\lib_mmcau.a(mmcau_sha256_functions.o)
                              ./mmcau/fsl_mmcau.o (mmcau_sha256_initialize_output)
c:/nxp/mcuxpressoide_11.6.1_8255/ide/plugins/com.nxp.mcuxpresso.tools.win32_11.6.1.202207200623/tools/bin/../lib/gcc/arm-none-eabi/10.3.1/../../../../arm-none-eabi/lib/thumb/v7e-m+fp/hard\libcr_nohost_nf.a(_cr__main.o)
                              ./startup/startup_mk64f12.o (__main)
c:/nxp/mcuxpressoide_11.6.1_8255/ide/plugins/com.nxp.mcuxpresso.tools.win32_11.6.1.202207200623/tools/bin/../lib/gcc/arm-none-eabi/10.3.1/../../../../arm-none-eabi/lib/thumb/v7e-m+fp/hard\libcr_c.a(memcpy.o)
                              ./utilities/fsl_debug_console.o (memcpy)
c:/nxp/mcuxpressoide_11.6.1_8255/ide/plugins/com.nxp.mcuxpresso.tools.win32_11.6.1.202207200623/tools/bin/../lib/gcc/arm-none-eabi/10.3.1/../../../../arm-none-eabi/lib/thumb/v7e-m+fp/hard\libcr_c.a(memset.o)
                              ./source/main.o (memset)
c:/nxp/mcuxpressoide_11.6.1_8255/ide/plugins/com.nxp.mcuxpresso.tools.win32_11.6.1.202207200623/tools/bin/../lib/gcc/arm-none-eabi/10.3.1/../../../../arm-none-eabi/lib/thumb/v7e-m+fp/hard\libcr_c.a(alloc.o)
                              ./source/custom_layer.o (malloc)
c:/nxp/mcuxpressoide_11.6.1_8255/ide/plugins/com.nxp.mcuxpresso.tools.win32_11.6.1.202207200623/tools/bin/../lib/gcc/arm-none-eabi/10.3.1/../../../../arm-none-eabi/lib/thumb/v7e-m+fp/hard\libcr_c.a(initio.o)
                              c:/nxp/mcuxpressoide_11.6.1_8255/ide/plugins/com.nxp.mcuxpresso.tools.win32_11.6.1.202207200623/tools/bin/../lib/gcc/arm-none-eabi/10.3.1/../../../../arm-none-eabi/lib/thumb/v7e-m+fp/hard\libcr_nohost_nf.a(_cr__main.o) (_initio)
c:/nxp/mcuxpressoide_11.6.1_8255/ide/plugins/com.nxp.mcuxpresso.tools.win32_11.6.1.202207200623/tools/bin/../lib/gcc/arm-none-eabi/10.3.1/../../../../arm-none-eabi/lib/thumb/v7e-m+fp/hard\libcr_c.a(memcmp.o)
                              ./source/custom_layer.o (memcmp)
c:/nxp/mcuxpressoide_11.6.1_8255/ide/plugins/com.nxp.mcuxpresso.tools.win32_11.6.1.202207200623/tools/bin/../lib/gcc/arm-none-eabi/10.3.1/../../../../arm-none-eabi/lib/thumb/v7e-m+fp/hard\libcr_c.a(setvbuf.o)
                              c:/nxp/mcuxpressoide_11.6.1_8255/ide/plugins/com.nxp.mcuxpresso.tools.win32_11.6.1.202207200623/tools/bin/../lib/gcc/arm-none-eabi/10.3.1/../../../../arm-none-eabi/lib/thumb/v7e-m+fp/hard\libcr_c.a(initio.o) (setvbuf)
c:/nxp/mcuxpressoide_11.6.1_8255/ide/plugins/com.nxp.mcuxpresso.tools.win32_11.6.1.202207200623/tools/bin/../lib/gcc/arm-none-eabi/10.3.1/../../../../arm-none-eabi/lib/thumb/v7e-m+fp/hard\libcr_c.a(strlen.o)
                              ./utilities/fsl_debug_console.o (strlen)
c:/nxp/mcuxpressoide_11.6.1_8255/ide/plugins/com.nxp.mcuxpresso.tools.win32_11.6.1.202207200623/tools/bin/../lib/gcc/arm-none-eabi/10.3.1/../../../../arm-none-eabi/lib/thumb/v7e-m+fp/hard\libcr_c.a(__init_alloc.o)
                              c:/nxp/mcuxpressoide_11.6.1_8255/ide/plugins/com.nxp.mcuxpresso.tools.win32_11.6.1.202207200623/tools/bin/../lib/gcc/arm-none-eabi/10.3.1/../../../../arm-none-eabi/lib/thumb/v7e-m+fp/hard\libcr_c.a(alloc.o) (__heaps)
c:/nxp/mcuxpressoide_11.6.1_8255/ide/plugins/com.nxp.mcuxpresso.tools.win32_11.6.1.202207200623/tools/bin/../lib/gcc/arm-none-eabi/10.3.1/../../../../arm-none-eabi/lib/thumb/v7e-m+fp/hard\libcr_c.a(_cr_sbrk.o)
                              c:/nxp/mcuxpressoide_11.6.1_8255/ide/plugins/com.nxp.mcuxpresso.tools.win32_11.6.1.202207200623/tools/bin/../lib/gcc/arm-none-eabi/10.3.1/../../../../arm-none-eabi/lib/thumb/v7e-m+fp/hard\libcr_c.a(alloc.o) (_sbrk)
c:/nxp/mcuxpressoide_11.6.1_8255/ide/plugins/com.nxp.mcuxpresso.tools.win32_11.6.1.202207200623/tools/bin/../lib/gcc/arm-none-eabi/10.3.1/../../../../arm-none-eabi/lib/thumb/v7e-m+fp/hard\libcr_c.a(_fdopen.o)
[...]
Memory Configuration

Name             Origin             Length             Attributes
PROGRAM_FLASH    0x00000000         0x00100000         xr
SRAM_UPPER       0x20000000         0x00030000         xrw
SRAM_LOWER       0x1fff0000         0x00010000         xrw
FLEX_RAM         0x14000000         0x00001000         xrw
*default*        0x00000000         0xffffffff

Linker script and memory map

LOAD ./utilities/fsl_assert.o
LOAD ./utilities/fsl_debug_console.o
LOAD ./startup/startup_mk64f12.o
LOAD ./source/custom_layer.o
LOAD ./source/ethernet_layer.o
LOAD ./source/main.o
LOAD ./source/semihost_hardfault.o
LOAD ./phy/fsl_phyksz8081.o
LOAD ./mmcau/fsl_mmcau.o
LOAD ./mmcau/mmcau_api.o
LOAD ./mdio/fsl_enet_mdio.o
LOAD ./drivers/fsl_adc16.o
LOAD ./drivers/fsl_clock.o
LOAD ./drivers/fsl_common.o
LOAD ./drivers/fsl_common_arm.o
LOAD ./drivers/fsl_crc.o
LOAD ./drivers/fsl_dmamux.o
LOAD ./drivers/fsl_edma.o
LOAD ./drivers/fsl_enet.o
LOAD ./drivers/fsl_enet_cmsis.o
LOAD ./drivers/fsl_enet_phy_cmsis.o
LOAD ./drivers/fsl_ftfx_cache.o
LOAD ./drivers/fsl_ftfx_controller.o
LOAD ./drivers/fsl_ftfx_flash.o
LOAD ./drivers/fsl_ftfx_flexnvm.o
LOAD ./drivers/fsl_gpio.o
LOAD ./drivers/fsl_i2c.o
LOAD ./drivers/fsl_sim.o
LOAD ./drivers/fsl_smc.o
LOAD ./drivers/fsl_sysmpu.o
LOAD ./drivers/fsl_uart.o
LOAD ./device/system_MK64F12.o
LOAD ./component/uart/fsl_adapter_uart.o
LOAD ./component/lists/fsl_component_generic_list.o
LOAD ./board/board.o
LOAD ./board/clock_config.o
LOAD ./board/pin_mux.o
LOAD C:\Users\mcardenas\Documents\MCUXpressoIDE_11.6.1_8255\Iteso\frdmk64f_cmsis_enet_txrx_transfer\mmcau\asm-cm4-cm7\lib_mmcau.a
START GROUP
LOAD c:/nxp/mcuxpressoide_11.6.1_8255/ide/plugins/com.nxp.mcuxpresso.tools.win32_11.6.1.202207200623/tools/bin/../lib/gcc/arm-none-eabi/10.3.1/../../../../arm-none-eabi/lib/thumb/v7e-m+fp/hard\libcr_nohost_nf.a
LOAD c:/nxp/mcuxpressoide_11.6.1_8255/ide/plugins/com.nxp.mcuxpresso.tools.win32_11.6.1.202207200623/tools/bin/../lib/gcc/arm-none-eabi/10.3.1/../../../../arm-none-eabi/lib/thumb/v7e-m+fp/hard\libcr_c.a
LOAD c:/nxp/mcuxpressoide_11.6.1_8255/ide/plugins/com.nxp.mcuxpresso.tools.win32_11.6.1.202207200623/tools/bin/../lib/gcc/arm-none-eabi/10.3.1/thumb/v7e-m+fp/hard\libcr_eabihelpers.a
LOAD c:/nxp/mcuxpressoide_11.6.1_8255/ide/plugins/com.nxp.mcuxpresso.tools.win32_11.6.1.202207200623/tools/bin/../lib/gcc/arm-none-eabi/10.3.1/thumb/v7e-m+fp/hard\libgcc.a
END GROUP
                0x00000000                __base_PROGRAM_FLASH = 0x0
                0x00000000                __base_Flash = 0x0
                0x00100000                __top_PROGRAM_FLASH = 0x100000
                0x00100000                __top_Flash = 0x100000
                0x20000000                __base_SRAM_UPPER = 0x20000000
                0x20000000                __base_RAM = 0x20000000
                0x20030000                __top_SRAM_UPPER = 0x20030000
                0x20030000                __top_RAM = 0x20030000
                0x1fff0000                __base_SRAM_LOWER = 0x1fff0000
                0x1fff0000                __base_RAM2 = 0x1fff0000
                0x20000000                __top_SRAM_LOWER = 0x20000000
                0x20000000                __top_RAM2 = 0x20000000
                0x14000000                __base_FLEX_RAM = 0x14000000
                0x14000000                __base_RAM3 = 0x14000000
                0x14001000                __top_FLEX_RAM = 0x14001000
                0x14001000                __top_RAM3 = 0x14001000

.text           0x00000000     0x8768
 FILL mask 0xff
                0x00000000                __vectors_start__ = ABSOLUTE (.)
 *(SORT_BY_ALIGNMENT(.isr_vector))
 .isr_vector    0x00000000      0x198 ./startup/startup_mk64f12.o
                0x00000000                g_pfnVectors
                0x00000000                __Vectors
                0x00000198                . = ALIGN (0x4)
                0x00000198                __section_table_start = .
                0x00000198                __data_section_table = .
                0x00000198        0x4 LONG 0x8768 LOADADDR (.data)
                0x0000019c        0x4 LONG 0x20000000 ADDR (.data)
                0x000001a0        0x4 LONG 0xe8 SIZEOF (.data)
                0x000001a4        0x4 LONG 0x8768 LOADADDR (.data_RAM2)
                0x000001a8        0x4 LONG 0x1fff0000 ADDR (.data_RAM2)
                0x000001ac        0x4 LONG 0x0 SIZEOF (.data_RAM2)
                0x000001b0        0x4 LONG 0x8768 LOADADDR (.data_RAM3)
                0x000001b4        0x4 LONG 0x14000000 ADDR (.data_RAM3)
                0x000001b8        0x4 LONG 0x0 SIZEOF (.data_RAM3)
                0x000001bc                __data_section_table_end = .
                0x000001bc                __bss_section_table = .
                0x000001bc        0x4 LONG 0x200000f0 ADDR (.bss)
                0x000001c0        0x4 LONG 0x4368 SIZEOF (.bss)
                0x000001c4        0x4 LONG 0x1fff0000 ADDR (.bss_RAM2)
                0x000001c8        0x4 LONG 0x0 SIZEOF (.bss_RAM2)
                0x000001cc        0x4 LONG 0x14000000 ADDR (.bss_RAM3)
                0x000001d0        0x4 LONG 0x0 SIZEOF (.bss_RAM3)
                0x000001d4                __bss_section_table_end = .
                0x000001d4                __section_table_end = .
 *(SORT_BY_ALIGNMENT(.after_vectors*))
 .after_vectors.reset
                0x000001d4       0x4c ./startup/startup_mk64f12.o
                0x000001d4                ResetISR
 .after_vectors.init_data
                0x00000220       0x1e ./startup/startup_mk64f12.o
                0x00000220                data_init
 .after_vectors.init_bss
                0x0000023e       0x12 ./startup/startup_mk64f12.o
                0x0000023e                bss_init
 .after_vectors
                0x00000250       0x14 ./startup/startup_mk64f12.o
                0x00000250                NMI_Handler
                0x00000254                MemManage_Handler
                0x00000256                BusFault_Handler
                0x00000258                UsageFault_Handler
                0x0000025a                SVC_Handler
                0x0000025c                DebugMon_Handler
                0x0000025e                PendSV_Handler
                0x00000260                SysTick_Handler
                0x00000262                FTM1_DriverIRQHandler
                0x00000262                FTM2_DriverIRQHandler
                0x00000262                PIT2_DriverIRQHandler
                0x00000262                SDHC_DriverIRQHandler
                0x00000262                I2S0_Tx_DriverIRQHandler
                0x00000262                RTC_Seconds_DriverIRQHandler
                0x00000262                LLWU_DriverIRQHandler
                0x00000262                MCM_DriverIRQHandler
                0x00000262                MCG_DriverIRQHandler
                0x00000262                DAC1_DriverIRQHandler
                0x00000262                DMA_Error_DriverIRQHandler
                0x00000262                CMP1_DriverIRQHandler
                0x00000262                FTM0_DriverIRQHandler
                0x00000262                IntDefaultHandler
                0x00000262                USB0_DriverIRQHandler
                0x00000262                UART5_ERR_DriverIRQHandler
                0x00000262                PORTC_DriverIRQHandler
                0x00000262                DAC0_DriverIRQHandler
                0x00000262                CMP2_DriverIRQHandler
                0x00000262                UART2_ERR_DriverIRQHandler
                0x00000262                LPTMR0_DriverIRQHandler
                0x00000262                LVD_LVW_DriverIRQHandler
                0x00000262                PIT0_DriverIRQHandler
                0x00000262                RNG_DriverIRQHandler
                0x00000262                USBDCD_DriverIRQHandler
                0x00000262                UART3_ERR_DriverIRQHandler
                0x00000262                UART0_ERR_DriverIRQHandler
                0x00000262                CMT_DriverIRQHandler
                0x00000262                Reserved71_DriverIRQHandler
                0x00000262                ADC1_DriverIRQHandler
                0x00000262                PORTA_DriverIRQHandler
                0x00000262                PIT3_DriverIRQHandler
                0x00000262                PIT1_DriverIRQHandler
                0x00000262                WDOG_EWM_DriverIRQHandler
                0x00000262                PDB0_DriverIRQHandler
                0x00000262                RTC_DriverIRQHandler
                0x00000262                I2S0_Rx_DriverIRQHandler
                0x00000262                Read_Collision_DriverIRQHandler
                0x00000262                SWI_DriverIRQHandler
                0x00000262                UART4_ERR_DriverIRQHandler
                0x00000262                SPI1_DriverIRQHandler
                0x00000262                UART0_LON_DriverIRQHandler
                0x00000262                PORTB_DriverIRQHandler
                0x00000262                SPI0_DriverIRQHandler
                0x00000262                ADC0_DriverIRQHandler
                0x00000262                CMP0_DriverIRQHandler
                0x00000262                CAN0_DriverIRQHandler
                0x00000262                FTM3_DriverIRQHandler
                0x00000262                SPI2_DriverIRQHandler
                0x00000262                UART1_ERR_DriverIRQHandler
                0x00000262                PORTD_DriverIRQHandler
                0x00000262                PORTE_DriverIRQHandler
                0x00000262                FTFE_DriverIRQHandler
                0x00000400                . = 0x400
 *fill*         0x00000264      0x19c ff
                0x00000400                PROVIDE (__FLASH_CONFIG_START__ = .)
 *(SORT_BY_ALIGNMENT(.FlashConfig))
 .FlashConfig   0x00000400       0x10 ./startup/startup_mk64f12.o
                0x00000400                Flash_Config
                0x00000410                PROVIDE (__FLASH_CONFIG_END__ = .)
                0x00000001                ASSERT (! ((__FLASH_CONFIG_START__ == __FLASH_CONFIG_END__)), Linker Flash Config Support Enabled, but no .FlashConfig section provided within application)
 *(SORT_BY_ALIGNMENT(.text*))
 .text          0x00000410      0x800 C:\Users\mcardenas\Documents\MCUXpressoIDE_11.6.1_8255\Iteso\frdmk64f_cmsis_enet_txrx_transfer\mmcau\asm-cm4-cm7\lib_mmcau.a(mmcau_aes_functions.o)
                0x00000410                _mmcau_aes_set_key
                0x00000410                mmcau_aes_set_key
                0x00000990                mmcau_aes_encrypt
                0x00000990                _mmcau_aes_encrypt
                0x00000ac0                mmcau_aes_decrypt
                0x00000ac0                _mmcau_aes_decrypt
 .text.__assertion_failed
                0x00000c10       0x18 ./utilities/fsl_assert.o
                0x00000c10                __assertion_failed
 .text.DbgConsole_Init
                0x00000c28       0x74 ./utilities/fsl_debug_console.o
                0x00000c28                DbgConsole_Init
 .text.DbgConsole_Vprintf
                0x00000c9c       0x3c ./utilities/fsl_debug_console.o
                0x00000c9c                DbgConsole_Vprintf
 .text.DbgConsole_Putchar
                0x00000cd8       0x30 ./utilities/fsl_debug_console.o
                0x00000cd8                DbgConsole_Putchar
 .text.DbgConsole_Getchar
                0x00000d08       0x3c ./utilities/fsl_debug_console.o
                0x00000d08                DbgConsole_Getchar
 .text.DbgConsole_PrintfFormattedData
                0x00000d44      0x3e0 ./utilities/fsl_debug_console.o
 .text.calculate_crc
                0x00001124       0x38 ./source/custom_layer.o
 .text.custom_layer_send
                0x0000115c       0xec ./source/custom_layer.o
                0x0000115c                custom_layer_send
 .text.ENET_callback
                0x00001248       0xe8 ./source/custom_layer.o
                0x00001248                ENET_callback
 .text.custom_layer_init
                0x00001330       0x24 ./source/custom_layer.o
                0x00001330                custom_layer_init
 .text.ENET_SignalEvent_t
                0x00001354       0x58 ./source/ethernet_layer.o
                0x00001354                ENET_SignalEvent_t
 .text.ENET_BuildBroadCastFrame
                0x000013ac       0x68 ./source/ethernet_layer.o
 .text.ethernet_init
                0x00001414       0xd8 ./source/ethernet_layer.o
                0x00001414                ethernet_init
 .text.ethernet_send
                0x000014ec       0x54 ./source/ethernet_layer.o
                0x000014ec                ethernet_send
 .text.user_receive_callback
                0x00001540       0x2c ./source/main.o
                0x00001540                user_receive_callback
 .text.main     0x0000156c       0xc4 ./source/main.o
                0x0000156c                main
 .text.PHY_KSZ8081_Init
                0x00001630      0x128 ./phy/fsl_phyksz8081.o
                0x00001630                PHY_KSZ8081_Init
 .text.PHY_KSZ8081_GetAutoNegotiationStatus
                0x00001758       0x54 ./phy/fsl_phyksz8081.o
                0x00001758                PHY_KSZ8081_GetAutoNegotiationStatus
 .text.PHY_KSZ8081_GetLinkStatus
                0x000017ac       0x58 ./phy/fsl_phyksz8081.o
                0x000017ac                PHY_KSZ8081_GetLinkStatus
 .text.PHY_KSZ8081_GetLinkSpeedDuplex
                0x00001804       0x98 ./phy/fsl_phyksz8081.o
                0x00001804                PHY_KSZ8081_GetLinkSpeedDuplex
 .text.PHY_KSZ8081_SetLinkSpeedDuplex
                0x0000189c       0x90 ./phy/fsl_phyksz8081.o
                0x0000189c                PHY_KSZ8081_SetLinkSpeedDuplex
 .text.PHY_KSZ8081_EnableLoopback
                0x0000192c      0x150 ./phy/fsl_phyksz8081.o
                0x0000192c                PHY_KSZ8081_EnableLoopback
 .text.ENET_MDIO_Init
                0x00001a7c       0x44 ./mdio/fsl_enet_mdio.o
 .text.ENET_MDIO_Read
                0x00001ac0       0x74 ./mdio/fsl_enet_mdio.o
 .text.CLOCK_SetEr32kClock
                0x00001b34       0x30 ./drivers/fsl_clock.o
 .text.CLOCK_SetPllFllSelClock
                0x00001b64       0x38 ./drivers/fsl_clock.o
 .text.CLOCK_GetMcgExtClkFreq
                0x00001b9c       0x7c ./drivers/fsl_clock.o
 .text.CLOCK_GetFllExtRefClkFreq
                0x00001c18       0xb0 ./drivers/fsl_clock.o
 .text.CLOCK_GetInternalRefClkSelectFreq
                0x00001cc8       0x4c ./drivers/fsl_clock.o
 .text.CLOCK_GetFllRefClkFreq
                0x00001d14       0x34 ./drivers/fsl_clock.o
 .text.CLOCK_GetOscRangeFromFreq
                0x00001d48       0x3c ./drivers/fsl_clock.o
 .text.CLOCK_GetOsc0ErClkFreq
                0x00001d84       0x44 ./drivers/fsl_clock.o
                0x00001d84                CLOCK_GetOsc0ErClkFreq
 .text.CLOCK_GetEr32kClkFreq
                0x00001dc8       0x74 ./drivers/fsl_clock.o
                0x00001dc8                CLOCK_GetEr32kClkFreq
 .text.CLOCK_GetPllFllSelClkFreq
                0x00001e3c       0x54 ./drivers/fsl_clock.o
                0x00001e3c                CLOCK_GetPllFllSelClkFreq
 .text.CLOCK_GetCoreSysClkFreq
                0x00001e90       0x28 ./drivers/fsl_clock.o
                0x00001e90                CLOCK_GetCoreSysClkFreq
 .text.CLOCK_GetFreq
                0x00001eb8      0x140 ./drivers/fsl_clock.o
                0x00001eb8                CLOCK_GetFreq
 .text.CLOCK_SetSimConfig
                0x00001ff8       0x34 ./drivers/fsl_clock.o
                0x00001ff8                CLOCK_SetSimConfig
 .text.CLOCK_GetOutClkFreq
                0x0000202c       0x64 ./drivers/fsl_clock.o
                0x0000202c                CLOCK_GetOutClkFreq
 .text.CLOCK_GetFllFreq
                0x00002090       0x84 ./drivers/fsl_clock.o
                0x00002090                CLOCK_GetFllFreq
 .text.CLOCK_GetInternalRefClkFreq
                0x00002114       0x30 ./drivers/fsl_clock.o
                0x00002114                CLOCK_GetInternalRefClkFreq
 .text.CLOCK_GetPll0Freq
                0x00002144       0x78 ./drivers/fsl_clock.o
                0x00002144                CLOCK_GetPll0Freq
 .text.CLOCK_SetExternalRefClkConfig
                0x000021bc       0x6c ./drivers/fsl_clock.o
                0x000021bc                CLOCK_SetExternalRefClkConfig
 .text.CLOCK_SetInternalRefClkConfig
                0x00002228      0x104 ./drivers/fsl_clock.o
                0x00002228                CLOCK_SetInternalRefClkConfig
 .text.CLOCK_EnablePll0
                0x0000232c       0x88 ./drivers/fsl_clock.o
                0x0000232c                CLOCK_EnablePll0
 .text.CLOCK_InitOsc0
                0x000023b4       0x8c ./drivers/fsl_clock.o
                0x000023b4                CLOCK_InitOsc0
 .text.CLOCK_SetPbeMode
                0x00002440       0xa8 ./drivers/fsl_clock.o
                0x00002440                CLOCK_SetPbeMode
 .text.CLOCK_BootToPeeMode
                0x000024e8       0x64 ./drivers/fsl_clock.o
                0x000024e8                CLOCK_BootToPeeMode
 .text.CRC_Init
                0x0000254c       0x38 ./drivers/fsl_crc.o
                0x0000254c                CRC_Init
 .text.CRC_GetDefaultConfig
                0x00002584       0x2c ./drivers/fsl_crc.o
                0x00002584                CRC_GetDefaultConfig
 .text.EDMA_HandleIRQ
                0x000025b0      0x1b0 ./drivers/fsl_edma.o
                0x000025b0                EDMA_HandleIRQ
 .text.DMA0_DriverIRQHandler
                0x00002760       0x1c ./drivers/fsl_edma.o
                0x00002760                DMA0_DriverIRQHandler
 .text.DMA1_DriverIRQHandler
                0x0000277c       0x1c ./drivers/fsl_edma.o
                0x0000277c                DMA1_DriverIRQHandler
 .text.DMA2_DriverIRQHandler
                0x00002798       0x1c ./drivers/fsl_edma.o
                0x00002798                DMA2_DriverIRQHandler
 .text.DMA3_DriverIRQHandler
                0x000027b4       0x1c ./drivers/fsl_edma.o
                0x000027b4                DMA3_DriverIRQHandler
 .text.DMA4_DriverIRQHandler
                0x000027d0       0x1c ./drivers/fsl_edma.o
                0x000027d0                DMA4_DriverIRQHandler
 .text.DMA5_DriverIRQHandler
                0x000027ec       0x1c ./drivers/fsl_edma.o
                0x000027ec                DMA5_DriverIRQHandler
 .text.DMA6_DriverIRQHandler
                0x00002808       0x1c ./drivers/fsl_edma.o
                0x00002808                DMA6_DriverIRQHandler
 .text.DMA7_DriverIRQHandler
                0x00002824       0x1c ./drivers/fsl_edma.o
                0x00002824                DMA7_DriverIRQHandler
 .text.DMA8_DriverIRQHandler
                0x00002840       0x1c ./drivers/fsl_edma.o
                0x00002840                DMA8_DriverIRQHandler
 .text.DMA9_DriverIRQHandler
                0x0000285c       0x1c ./drivers/fsl_edma.o
                0x0000285c                DMA9_DriverIRQHandler
 .text.DMA10_DriverIRQHandler
                0x00002878       0x1c ./drivers/fsl_edma.o
                0x00002878                DMA10_DriverIRQHandler
 .text.DMA11_DriverIRQHandler
                0x00002894       0x1c ./drivers/fsl_edma.o
                0x00002894                DMA11_DriverIRQHandler
 .text.DMA12_DriverIRQHandler
                0x000028b0       0x1c ./drivers/fsl_edma.o
                0x000028b0                DMA12_DriverIRQHandler
 .text.DMA13_DriverIRQHandler
                0x000028cc       0x1c ./drivers/fsl_edma.o
                0x000028cc                DMA13_DriverIRQHandler
 .text.DMA14_DriverIRQHandler
                0x000028e8       0x1c ./drivers/fsl_edma.o
                0x000028e8                DMA14_DriverIRQHandler
 .text.DMA15_DriverIRQHandler
                0x00002904       0x1c ./drivers/fsl_edma.o
                0x00002904                DMA15_DriverIRQHandler
 .text.__NVIC_EnableIRQ
                0x00002920       0x3c ./drivers/fsl_enet.o
 .text.ENET_GetInstance
                0x0000295c       0x44 ./drivers/fsl_enet.o
                0x0000295c                ENET_GetInstance
 .text.ENET_GetDefaultConfig
                0x000029a0       0x4c ./drivers/fsl_enet.o
                0x000029a0                ENET_GetDefaultConfig
 .text.ENET_Up  0x000029ec       0xb8 ./drivers/fsl_enet.o
                0x000029ec                ENET_Up
 .text.ENET_Init
                0x00002aa4       0x48 ./drivers/fsl_enet.o
                0x00002aa4                ENET_Init
 .text.ENET_Down
                0x00002aec       0x48 ./drivers/fsl_enet.o
                0x00002aec                ENET_Down
 .text.ENET_Deinit
                0x00002b34       0x28 ./drivers/fsl_enet.o
                0x00002b34                ENET_Deinit
 .text.ENET_SetCallback
                0x00002b5c       0x30 ./drivers/fsl_enet.o
                0x00002b5c                ENET_SetCallback
 .text.ENET_SetRxISRHandler
                0x00002b8c       0x30 ./drivers/fsl_enet.o
                0x00002b8c                ENET_SetRxISRHandler
 .text.ENET_SetTxISRHandler
                0x00002bbc       0x30 ./drivers/fsl_enet.o
                0x00002bbc                ENET_SetTxISRHandler
 .text.ENET_SetErrISRHandler
                0x00002bec       0x30 ./drivers/fsl_enet.o
                0x00002bec                ENET_SetErrISRHandler
 .text.ENET_SetHandler
                0x00002c1c      0x1a8 ./drivers/fsl_enet.o
 .text.ENET_SetMacController
                0x00002dc4      0x250 ./drivers/fsl_enet.o
 .text.ENET_SetTxBufferDescriptors
                0x00003014       0xe4 ./drivers/fsl_enet.o
 .text.ENET_SetRxBufferDescriptors
                0x000030f8       0xfc ./drivers/fsl_enet.o
 .text.ENET_RxBufferAllocAll
                0x000031f4       0xcc ./drivers/fsl_enet.o
 .text.ENET_RxBufferFreeAll
                0x000032c0       0xc4 ./drivers/fsl_enet.o
 .text.ENET_ActiveReadRing
                0x00003384       0x44 ./drivers/fsl_enet.o
 .text.ENET_ActiveSendRing
                0x000033c8       0x4c ./drivers/fsl_enet.o
 .text.ENET_GetMacAddr
                0x00003414       0x78 ./drivers/fsl_enet.o
                0x00003414                ENET_GetMacAddr
 .text.ENET_SetSMI
                0x0000348c       0xa0 ./drivers/fsl_enet.o
                0x0000348c                ENET_SetSMI
 .text.ENET_IncreaseIndex
                0x0000352c       0x40 ./drivers/fsl_enet.o
 .text.ENET_GetRxFrameSize
                0x0000356c      0x128 ./drivers/fsl_enet.o
                0x0000356c                ENET_GetRxFrameSize
 .text.ENET_ReadFrame
                0x00003694      0x188 ./drivers/fsl_enet.o
                0x00003694                ENET_ReadFrame
 .text.ENET_UpdateReadBuffers
                0x0000381c       0x94 ./drivers/fsl_enet.o
 .text.ENET_SendFrame
                0x000038b0      0x378 ./drivers/fsl_enet.o
                0x000038b0                ENET_SendFrame
 .text.ENET_ReclaimTxDescriptor
                0x00003c28      0x10c ./drivers/fsl_enet.o
                0x00003c28                ENET_ReclaimTxDescriptor
 .text.ENET_TransmitIRQHandler
                0x00003d34       0x8c ./drivers/fsl_enet.o
                0x00003d34                ENET_TransmitIRQHandler
 .text.ENET_ReceiveIRQHandler
                0x00003dc0       0x5c ./drivers/fsl_enet.o
                0x00003dc0                ENET_ReceiveIRQHandler
 .text.ENET_ErrorIRQHandler
                0x00003e1c       0x90 ./drivers/fsl_enet.o
                0x00003e1c                ENET_ErrorIRQHandler
 .text.ENET_Ptp1588IRQHandler
                0x00003eac       0x44 ./drivers/fsl_enet.o
                0x00003eac                ENET_Ptp1588IRQHandler
 .text.ENET_TxIRQHandler
                0x00003ef0       0x48 ./drivers/fsl_enet.o
                0x00003ef0                ENET_TxIRQHandler
 .text.ENET_RxIRQHandler
                0x00003f38       0x44 ./drivers/fsl_enet.o
                0x00003f38                ENET_RxIRQHandler
 .text.ENET_ErrIRQHandler
                0x00003f7c       0x44 ./drivers/fsl_enet.o
                0x00003f7c                ENET_ErrIRQHandler
 .text.ENET_Transmit_DriverIRQHandler
                0x00003fc0       0x18 ./drivers/fsl_enet.o
                0x00003fc0                ENET_Transmit_DriverIRQHandler
 .text.ENET_Receive_DriverIRQHandler
                0x00003fd8       0x18 ./drivers/fsl_enet.o
                0x00003fd8                ENET_Receive_DriverIRQHandler
 .text.ENET_Error_DriverIRQHandler
                0x00003ff0       0x18 ./drivers/fsl_enet.o
                0x00003ff0                ENET_Error_DriverIRQHandler
 .text.ENET_1588_Timer_DriverIRQHandler
                0x00004008       0x18 ./drivers/fsl_enet.o
                0x00004008                ENET_1588_Timer_DriverIRQHandler
 .text.ENETx_GetVersion
                0x00004020       0x2c ./drivers/fsl_enet_cmsis.o
 .text.ENET_SetInterruptCallback
                0x0000404c       0x64 ./drivers/fsl_enet_cmsis.o
 .text.ENET_CommonControl
                0x000040b0      0x1e8 ./drivers/fsl_enet_cmsis.o
 .text.ENET_CommonPowerControl
                0x00004298      0x13c ./drivers/fsl_enet_cmsis.o
 .text.ENET_Phy_Read
                0x000043d4       0xa0 ./drivers/fsl_enet_cmsis.o
 .text.ENET0_Initialize
                0x00004474       0x24 ./drivers/fsl_enet_cmsis.o
 .text.ENET0_Uninitialize
                0x00004498       0x18 ./drivers/fsl_enet_cmsis.o
 .text.ENET0_PowerControl
                0x000044b0       0x24 ./drivers/fsl_enet_cmsis.o
 .text.ENET0_GetMacAddress
                0x000044d4       0x24 ./drivers/fsl_enet_cmsis.o
 .text.ENET0_SetMacAddress
                0x000044f8       0x34 ./drivers/fsl_enet_cmsis.o
 .text.ENET0_TransmitFrame
                0x0000452c       0x28 ./drivers/fsl_enet_cmsis.o
 .text.ENET0_GetReceiveFrameSize
                0x00004554       0x14 ./drivers/fsl_enet_cmsis.o
 .text.ENET0_ReceiveFrame
                0x00004568       0x24 ./drivers/fsl_enet_cmsis.o
 .text.ENET0_Control
                0x0000458c       0x24 ./drivers/fsl_enet_cmsis.o
 .text.ENET0_PhyWrite
                0x000045b0       0x2c ./drivers/fsl_enet_cmsis.o
 .text.ENET0_PhyRead
                0x000045dc       0x2c ./drivers/fsl_enet_cmsis.o
 .text.PHYx_GetVersion
                0x00004608       0x2c ./drivers/fsl_enet_phy_cmsis.o
 .text.PHY_SetForcedSpeedDuplexMode
                0x00004634       0xac ./drivers/fsl_enet_phy_cmsis.o
 .text.PHY_SetPowerDown
                0x000046e0       0xa8 ./drivers/fsl_enet_phy_cmsis.o
 .text.PHY0_PowerControl
                0x00004788       0xac ./drivers/fsl_enet_phy_cmsis.o
 .text.PHY0_SetMode
                0x00004834       0xd8 ./drivers/fsl_enet_phy_cmsis.o
 .text.PHY0_GetLinkState
                0x0000490c       0x3c ./drivers/fsl_enet_phy_cmsis.o
 .text.PHY0_GetLinkInfo
                0x00004948       0x70 ./drivers/fsl_enet_phy_cmsis.o
 .text.I2C_TransferCommonIRQHandler
                0x000049b8       0x58 ./drivers/fsl_i2c.o
 .text.I2C0_DriverIRQHandler
                0x00004a10       0x1c ./drivers/fsl_i2c.o
                0x00004a10                I2C0_DriverIRQHandler
 .text.I2C1_DriverIRQHandler
                0x00004a2c       0x1c ./drivers/fsl_i2c.o
                0x00004a2c                I2C1_DriverIRQHandler
 .text.I2C2_DriverIRQHandler
                0x00004a48       0x1c ./drivers/fsl_i2c.o
                0x00004a48                I2C2_DriverIRQHandler
 .text.UART_GetInstance
                0x00004a64       0x54 ./drivers/fsl_uart.o
                0x00004a64                UART_GetInstance
 .text.UART_Init
                0x00004ab8      0x2f4 ./drivers/fsl_uart.o
                0x00004ab8                UART_Init
 .text.UART_GetDefaultConfig
                0x00004dac       0x68 ./drivers/fsl_uart.o
                0x00004dac                UART_GetDefaultConfig
 .text.UART_ReadBlocking
                0x00004e14       0xfc ./drivers/fsl_uart.o
                0x00004e14                UART_ReadBlocking
 .text.UART0_DriverIRQHandler
                0x00004f10       0x28 ./drivers/fsl_uart.o
                0x00004f10                UART0_DriverIRQHandler
 .text.UART1_DriverIRQHandler
                0x00004f38       0x28 ./drivers/fsl_uart.o
                0x00004f38                UART1_DriverIRQHandler
 .text.UART2_DriverIRQHandler
                0x00004f60       0x28 ./drivers/fsl_uart.o
                0x00004f60                UART2_DriverIRQHandler
 .text.UART3_DriverIRQHandler
                0x00004f88       0x28 ./drivers/fsl_uart.o
                0x00004f88                UART3_DriverIRQHandler
 .text.UART4_DriverIRQHandler
                0x00004fb0       0x28 ./drivers/fsl_uart.o
                0x00004fb0                UART4_DriverIRQHandler
 .text.UART5_DriverIRQHandler
                0x00004fd8       0x28 ./drivers/fsl_uart.o
                0x00004fd8                UART5_DriverIRQHandler
 .text.SystemInit
                0x00005000       0x3c ./device/system_MK64F12.o
                0x00005000                SystemInit
 .text.HAL_UartInit
                0x0000503c      0x128 ./component/uart/fsl_adapter_uart.o
                0x0000503c                HAL_UartInit
 .text.HAL_UartReceiveBlocking
                0x00005164       0x6c ./component/uart/fsl_adapter_uart.o
                0x00005164                HAL_UartReceiveBlocking
 .text.HAL_UartSendBlocking
                0x000051d0       0x64 ./component/uart/fsl_adapter_uart.o
                0x000051d0                HAL_UartSendBlocking
 .text.CLOCK_SetSimSafeDivs
                0x00005234       0x20 ./board/clock_config.o
 .text.CLOCK_SetXtal0Freq
                0x00005254       0x20 ./board/clock_config.o
 .text.CLOCK_CONFIG_SetFllExtRefDiv
                0x00005274       0x3c ./board/clock_config.o
 .text.BOARD_BootClockRUN
                0x000052b0       0x60 ./board/clock_config.o
                0x000052b0                BOARD_BootClockRUN
 .text.PORT_SetPinConfig
                0x00005310       0x38 ./board/pin_mux.o
 .text.BOARD_InitPins
                0x00005348       0x44 ./board/pin_mux.o
                0x00005348                BOARD_InitPins
 .text.ENET0_InitPins
                0x0000538c       0xd0 ./board/pin_mux.o
                0x0000538c                ENET0_InitPins
 .text.malloc   0x0000545c       0xc8 c:/nxp/mcuxpressoide_11.6.1_8255/ide/plugins/com.nxp.mcuxpresso.tools.win32_11.6.1.202207200623/tools/bin/../lib/gcc/arm-none-eabi/10.3.1/../../../../arm-none-eabi/lib/thumb/v7e-m+fp/hard\libcr_c.a(alloc.o)
                0x0000545c                malloc
 .text._initio  0x00005524       0x78 c:/nxp/mcuxpressoide_11.6.1_8255/ide/plugins/com.nxp.mcuxpresso.tools.win32_11.6.1.202207200623/tools/bin/../lib/gcc/arm-none-eabi/10.3.1/../../../../arm-none-eabi/lib/thumb/v7e-m+fp/hard\libcr_c.a(initio.o)
                0x00005524                _initio
 .text._sbrk    0x0000559c       0x3c c:/nxp/mcuxpressoide_11.6.1_8255/ide/plugins/com.nxp.mcuxpresso.tools.win32_11.6.1.202207200623/tools/bin/../lib/gcc/arm-none-eabi/10.3.1/../../../../arm-none-eabi/lib/thumb/v7e-m+fp/hard\libcr_c.a(_cr_sbrk.o)
                0x0000559c                _sbrk
 .text.fflush   0x000055d8       0x3c c:/nxp/mcuxpressoide_11.6.1_8255/ide/plugins/com.nxp.mcuxpresso.tools.win32_11.6.1.202207200623/tools/bin/../lib/gcc/arm-none-eabi/10.3.1/../../../../arm-none-eabi/lib/thumb/v7e-m+fp/hard\libcr_c.a(fflush.o)
                0x000055d8                fflush
 .text.fseek    0x00005614       0xfc c:/nxp/mcuxpressoide_11.6.1_8255/ide/plugins/com.nxp.mcuxpresso.tools.win32_11.6.1.202207200623/tools/bin/../lib/gcc/arm-none-eabi/10.3.1/../../../../arm-none-eabi/lib/thumb/v7e-m+fp/hard\libcr_c.a(fseek.o)
                0x00005614                fseek
 .text.ftell    0x00005710       0x44 c:/nxp/mcuxpressoide_11.6.1_8255/ide/plugins/com.nxp.mcuxpresso.tools.win32_11.6.1.202207200623/tools/bin/../lib/gcc/arm-none-eabi/10.3.1/../../../../arm-none-eabi/lib/thumb/v7e-m+fp/hard\libcr_c.a(ftell.o)
                0x00005710                ftell
 .text.__check_heap_overflow
                0x00005754       0x18 c:/nxp/mcuxpressoide_11.6.1_8255/ide/plugins/com.nxp.mcuxpresso.tools.win32_11.6.1.202207200623/tools/bin/../lib/gcc/arm-none-eabi/10.3.1/../../../../arm-none-eabi/lib/thumb/v7e-m+fp/hard\libcr_c.a(_cr_check_heap.o)
                0x00005754                __check_heap_overflow
 .text._Cwritebuf
                0x0000576c       0x6c c:/nxp/mcuxpressoide_11.6.1_8255/ide/plugins/com.nxp.mcuxpresso.tools.win32_11.6.1.202207200623/tools/bin/../lib/gcc/arm-none-eabi/10.3.1/../../../../arm-none-eabi/lib/thumb/v7e-m+fp/hard\libcr_c.a(_writebuf.o)
                0x0000576c                _Cwritebuf
 .text.DbgConsole_Printf
                0x000057d8       0x2c ./utilities/fsl_debug_console.o
                0x000057d8                DbgConsole_Printf
 .text.DbgConsole_PrintfPaddingCharacter
                0x00005804       0x40 ./utilities/fsl_debug_console.o
 .text.DbgConsole_ConvertRadixNumToString
                0x00005844       0xc2 ./utilities/fsl_debug_console.o
 .text.DMA0_IRQHandler
                0x00005906        0x8 ./startup/startup_mk64f12.o
                0x00005906                DMA0_IRQHandler
 .text.DMA1_IRQHandler
                0x0000590e        0x8 ./startup/startup_mk64f12.o
                0x0000590e                DMA1_IRQHandler
 .text.DMA2_IRQHandler
                0x00005916        0x8 ./startup/startup_mk64f12.o
                0x00005916                DMA2_IRQHandler
 .text.DMA3_IRQHandler
                0x0000591e        0x8 ./startup/startup_mk64f12.o
                0x0000591e                DMA3_IRQHandler
 .text.DMA4_IRQHandler
                0x00005926        0x8 ./startup/startup_mk64f12.o
                0x00005926                DMA4_IRQHandler
 .text.DMA5_IRQHandler
                0x0000592e        0x8 ./startup/startup_mk64f12.o
                0x0000592e                DMA5_IRQHandler
 .text.DMA6_IRQHandler
                0x00005936        0x8 ./startup/startup_mk64f12.o
                0x00005936                DMA6_IRQHandler
 .text.DMA7_IRQHandler
                0x0000593e        0x8 ./startup/startup_mk64f12.o
                0x0000593e                DMA7_IRQHandler
 .text.DMA8_IRQHandler
                0x00005946        0x8 ./startup/startup_mk64f12.o
                0x00005946                DMA8_IRQHandler
 .text.DMA9_IRQHandler
                0x0000594e        0x8 ./startup/startup_mk64f12.o
                0x0000594e                DMA9_IRQHandler
 .text.DMA10_IRQHandler
                0x00005956        0x8 ./startup/startup_mk64f12.o
                0x00005956                DMA10_IRQHandler
 .text.DMA11_IRQHandler
                0x0000595e        0x8 ./startup/startup_mk64f12.o
                0x0000595e                DMA11_IRQHandler
 .text.DMA12_IRQHandler
                0x00005966        0x8 ./startup/startup_mk64f12.o
                0x00005966                DMA12_IRQHandler
 .text.DMA13_IRQHandler
                0x0000596e        0x8 ./startup/startup_mk64f12.o
                0x0000596e                DMA13_IRQHandler
 .text.DMA14_IRQHandler
                0x00005976        0x8 ./startup/startup_mk64f12.o
                0x00005976                DMA14_IRQHandler
 .text.DMA15_IRQHandler
                0x0000597e        0x8 ./startup/startup_mk64f12.o
                0x0000597e                DMA15_IRQHandler
 .text.DMA_Error_IRQHandler
                0x00005986        0x8 ./startup/startup_mk64f12.o
                0x00005986                DMA_Error_IRQHandler
 .text.MCM_IRQHandler
                0x0000598e        0x8 ./startup/startup_mk64f12.o
                0x0000598e                MCM_IRQHandler
 .text.FTFE_IRQHandler
                0x00005996        0x8 ./startup/startup_mk64f12.o
                0x00005996                FTFE_IRQHandler
 .text.Read_Collision_IRQHandler
                0x0000599e        0x8 ./startup/startup_mk64f12.o
                0x0000599e                Read_Collision_IRQHandler
 .text.LVD_LVW_IRQHandler
                0x000059a6        0x8 ./startup/startup_mk64f12.o
                0x000059a6                LVD_LVW_IRQHandler
 .text.LLWU_IRQHandler
                0x000059ae        0x8 ./startup/startup_mk64f12.o
                0x000059ae                LLWU_IRQHandler
 .text.WDOG_EWM_IRQHandler
                0x000059b6        0x8 ./startup/startup_mk64f12.o
                0x000059b6                WDOG_EWM_IRQHandler
 .text.RNG_IRQHandler
                0x000059be        0x8 ./startup/startup_mk64f12.o
                0x000059be                RNG_IRQHandler
 .text.I2C0_IRQHandler
                0x000059c6        0x8 ./startup/startup_mk64f12.o
                0x000059c6                I2C0_IRQHandler
 .text.I2C1_IRQHandler
                0x000059ce        0x8 ./startup/startup_mk64f12.o
                0x000059ce                I2C1_IRQHandler
 .text.SPI0_IRQHandler
                0x000059d6        0x8 ./startup/startup_mk64f12.o
                0x000059d6                SPI0_IRQHandler
 .text.SPI1_IRQHandler
                0x000059de        0x8 ./startup/startup_mk64f12.o
                0x000059de                SPI1_IRQHandler
 .text.I2S0_Tx_IRQHandler
                0x000059e6        0x8 ./startup/startup_mk64f12.o
                0x000059e6                I2S0_Tx_IRQHandler
 .text.I2S0_Rx_IRQHandler
                0x000059ee        0x8 ./startup/startup_mk64f12.o
                0x000059ee                I2S0_Rx_IRQHandler
 .text.UART0_LON_IRQHandler
                0x000059f6        0x8 ./startup/startup_mk64f12.o
                0x000059f6                UART0_LON_IRQHandler
 .text.UART0_RX_TX_IRQHandler
                0x000059fe        0x8 ./startup/startup_mk64f12.o
                0x000059fe                UART0_RX_TX_IRQHandler
 .text.UART0_ERR_IRQHandler
                0x00005a06        0x8 ./startup/startup_mk64f12.o
                0x00005a06                UART0_ERR_IRQHandler
 .text.UART1_RX_TX_IRQHandler
                0x00005a0e        0x8 ./startup/startup_mk64f12.o
                0x00005a0e                UART1_RX_TX_IRQHandler
 .text.UART1_ERR_IRQHandler
                0x00005a16        0x8 ./startup/startup_mk64f12.o
                0x00005a16                UART1_ERR_IRQHandler
 .text.UART2_RX_TX_IRQHandler
                0x00005a1e        0x8 ./startup/startup_mk64f12.o
                0x00005a1e                UART2_RX_TX_IRQHandler
 .text.UART2_ERR_IRQHandler
                0x00005a26        0x8 ./startup/startup_mk64f12.o
                0x00005a26                UART2_ERR_IRQHandler
 .text.UART3_RX_TX_IRQHandler
                0x00005a2e        0x8 ./startup/startup_mk64f12.o
                0x00005a2e                UART3_RX_TX_IRQHandler
 .text.UART3_ERR_IRQHandler
                0x00005a36        0x8 ./startup/startup_mk64f12.o
                0x00005a36                UART3_ERR_IRQHandler
 .text.ADC0_IRQHandler
                0x00005a3e        0x8 ./startup/startup_mk64f12.o
                0x00005a3e                ADC0_IRQHandler
 .text.CMP0_IRQHandler
                0x00005a46        0x8 ./startup/startup_mk64f12.o
                0x00005a46                CMP0_IRQHandler
 .text.CMP1_IRQHandler
                0x00005a4e        0x8 ./startup/startup_mk64f12.o
                0x00005a4e                CMP1_IRQHandler
 .text.FTM0_IRQHandler
                0x00005a56        0x8 ./startup/startup_mk64f12.o
                0x00005a56                FTM0_IRQHandler
 .text.FTM1_IRQHandler
                0x00005a5e        0x8 ./startup/startup_mk64f12.o
                0x00005a5e                FTM1_IRQHandler
 .text.FTM2_IRQHandler
                0x00005a66        0x8 ./startup/startup_mk64f12.o
                0x00005a66                FTM2_IRQHandler
 .text.CMT_IRQHandler
                0x00005a6e        0x8 ./startup/startup_mk64f12.o
                0x00005a6e                CMT_IRQHandler
 .text.RTC_IRQHandler
                0x00005a76        0x8 ./startup/startup_mk64f12.o
                0x00005a76                RTC_IRQHandler
 .text.RTC_Seconds_IRQHandler
                0x00005a7e        0x8 ./startup/startup_mk64f12.o
                0x00005a7e                RTC_Seconds_IRQHandler
 .text.PIT0_IRQHandler
                0x00005a86        0x8 ./startup/startup_mk64f12.o
                0x00005a86                PIT0_IRQHandler
 .text.PIT1_IRQHandler
                0x00005a8e        0x8 ./startup/startup_mk64f12.o
                0x00005a8e                PIT1_IRQHandler
 .text.PIT2_IRQHandler
                0x00005a96        0x8 ./startup/startup_mk64f12.o
                0x00005a96                PIT2_IRQHandler
 .text.PIT3_IRQHandler
                0x00005a9e        0x8 ./startup/startup_mk64f12.o
                0x00005a9e                PIT3_IRQHandler
 .text.PDB0_IRQHandler
                0x00005aa6        0x8 ./startup/startup_mk64f12.o
                0x00005aa6                PDB0_IRQHandler
 .text.USB0_IRQHandler
                0x00005aae        0x8 ./startup/startup_mk64f12.o
                0x00005aae                USB0_IRQHandler
 .text.USBDCD_IRQHandler
                0x00005ab6        0x8 ./startup/startup_mk64f12.o
                0x00005ab6                USBDCD_IRQHandler
 .text.Reserved71_IRQHandler
                0x00005abe        0x8 ./startup/startup_mk64f12.o
                0x00005abe                Reserved71_IRQHandler
 .text.DAC0_IRQHandler
                0x00005ac6        0x8 ./startup/startup_mk64f12.o
                0x00005ac6                DAC0_IRQHandler
 .text.MCG_IRQHandler
                0x00005ace        0x8 ./startup/startup_mk64f12.o
                0x00005ace                MCG_IRQHandler
 .text.LPTMR0_IRQHandler
                0x00005ad6        0x8 ./startup/startup_mk64f12.o
                0x00005ad6                LPTMR0_IRQHandler
 .text.PORTA_IRQHandler
                0x00005ade        0x8 ./startup/startup_mk64f12.o
                0x00005ade                PORTA_IRQHandler
 .text.PORTB_IRQHandler
                0x00005ae6        0x8 ./startup/startup_mk64f12.o
                0x00005ae6                PORTB_IRQHandler
 .text.PORTC_IRQHandler
                0x00005aee        0x8 ./startup/startup_mk64f12.o
                0x00005aee                PORTC_IRQHandler
 .text.PORTD_IRQHandler
                0x00005af6        0x8 ./startup/startup_mk64f12.o
                0x00005af6                PORTD_IRQHandler
 .text.PORTE_IRQHandler
                0x00005afe        0x8 ./startup/startup_mk64f12.o
                0x00005afe                PORTE_IRQHandler
 .text.SWI_IRQHandler
                0x00005b06        0x8 ./startup/startup_mk64f12.o
                0x00005b06                SWI_IRQHandler
 .text.SPI2_IRQHandler
                0x00005b0e        0x8 ./startup/startup_mk64f12.o
                0x00005b0e                SPI2_IRQHandler
 .text.UART4_RX_TX_IRQHandler
                0x00005b16        0x8 ./startup/startup_mk64f12.o
                0x00005b16                UART4_RX_TX_IRQHandler
 .text.UART4_ERR_IRQHandler
                0x00005b1e        0x8 ./startup/startup_mk64f12.o
                0x00005b1e                UART4_ERR_IRQHandler
 .text.UART5_RX_TX_IRQHandler
                0x00005b26        0x8 ./startup/startup_mk64f12.o
                0x00005b26                UART5_RX_TX_IRQHandler
 .text.UART5_ERR_IRQHandler
                0x00005b2e        0x8 ./startup/startup_mk64f12.o
                0x00005b2e                UART5_ERR_IRQHandler
 .text.CMP2_IRQHandler
                0x00005b36        0x8 ./startup/startup_mk64f12.o
                0x00005b36                CMP2_IRQHandler
 .text.FTM3_IRQHandler
                0x00005b3e        0x8 ./startup/startup_mk64f12.o
                0x00005b3e                FTM3_IRQHandler
 .text.DAC1_IRQHandler
                0x00005b46        0x8 ./startup/startup_mk64f12.o
                0x00005b46                DAC1_IRQHandler
 .text.ADC1_IRQHandler
                0x00005b4e        0x8 ./startup/startup_mk64f12.o
                0x00005b4e                ADC1_IRQHandler
 .text.I2C2_IRQHandler
                0x00005b56        0x8 ./startup/startup_mk64f12.o
                0x00005b56                I2C2_IRQHandler
 .text.CAN0_ORed_Message_buffer_IRQHandler
                0x00005b5e        0x8 ./startup/startup_mk64f12.o
                0x00005b5e                CAN0_ORed_Message_buffer_IRQHandler
 .text.CAN0_Bus_Off_IRQHandler
                0x00005b66        0x8 ./startup/startup_mk64f12.o
                0x00005b66                CAN0_Bus_Off_IRQHandler
 .text.CAN0_Error_IRQHandler
                0x00005b6e        0x8 ./startup/startup_mk64f12.o
                0x00005b6e                CAN0_Error_IRQHandler
 .text.CAN0_Tx_Warning_IRQHandler
                0x00005b76        0x8 ./startup/startup_mk64f12.o
                0x00005b76                CAN0_Tx_Warning_IRQHandler
 .text.CAN0_Rx_Warning_IRQHandler
                0x00005b7e        0x8 ./startup/startup_mk64f12.o
                0x00005b7e                CAN0_Rx_Warning_IRQHandler
 .text.CAN0_Wake_Up_IRQHandler
                0x00005b86        0x8 ./startup/startup_mk64f12.o
                0x00005b86                CAN0_Wake_Up_IRQHandler
 .text.SDHC_IRQHandler
                0x00005b8e        0x8 ./startup/startup_mk64f12.o
                0x00005b8e                SDHC_IRQHandler
 .text.ENET_1588_Timer_IRQHandler
                0x00005b96        0x8 ./startup/startup_mk64f12.o
                0x00005b96                ENET_1588_Timer_IRQHandler
 .text.ENET_Transmit_IRQHandler
                0x00005b9e        0x8 ./startup/startup_mk64f12.o
                0x00005b9e                ENET_Transmit_IRQHandler
 .text.ENET_Receive_IRQHandler
                0x00005ba6        0x8 ./startup/startup_mk64f12.o
                0x00005ba6                ENET_Receive_IRQHandler
 .text.ENET_Error_IRQHandler
                0x00005bae        0x8 ./startup/startup_mk64f12.o
                0x00005bae                ENET_Error_IRQHandler
 .text.InitCrc16_CcittFalse
                0x00005bb6       0x2c ./source/custom_layer.o
 .text.add_padding
                0x00005be2       0x48 ./source/custom_layer.o
 .text.remove_padding
                0x00005c2a       0x56 ./source/custom_layer.o
 .text.ENET0_GetFreq
                0x00005c80       0x10 ./source/ethernet_layer.o
                0x00005c80                ENET0_GetFreq
 .text.SYSMPU_Enable
                0x00005c90       0x38 ./source/main.o
 .text.HardFault_Handler
                0x00005cc8       0x2c ./source/semihost_hardfault.o
                0x00005cc8                HardFault_Handler
 .text.MDIO_Init
                0x00005cf4       0x1a ./phy/fsl_phyksz8081.o
 .text.MDIO_Write
                0x00005d0e       0x28 ./phy/fsl_phyksz8081.o
 .text.MDIO_Read
                0x00005d36       0x28 ./phy/fsl_phyksz8081.o
 .text.PHY_KSZ8081_Write
                0x00005d5e       0x26 ./phy/fsl_phyksz8081.o
                0x00005d5e                PHY_KSZ8081_Write
 .text.PHY_KSZ8081_Read
                0x00005d84       0x26 ./phy/fsl_phyksz8081.o
                0x00005d84                PHY_KSZ8081_Read
 .text.mmcau_memcpy
                0x00005daa       0x32 ./mmcau/fsl_mmcau.o
 .text.mmcau_align_const
                0x00005ddc       0x36 ./mmcau/fsl_mmcau.o
 .text.mmcau_align
                0x00005e12       0x3e ./mmcau/fsl_mmcau.o
 .text.mmcau_AesCrypt
                0x00005e50      0x17c ./mmcau/fsl_mmcau.o
 .text.MMCAU_AES_SetKey
                0x00005fcc      0x15a ./mmcau/fsl_mmcau.o
                0x00005fcc                MMCAU_AES_SetKey
 .text.MMCAU_AES_EncryptEcb
                0x00006126       0x28 ./mmcau/fsl_mmcau.o
                0x00006126                MMCAU_AES_EncryptEcb
 .text.MMCAU_AES_DecryptEcb
                0x0000614e       0x28 ./mmcau/fsl_mmcau.o
                0x0000614e                MMCAU_AES_DecryptEcb
 .text.mmcau_encrypt_aes_cbc
                0x00006176      0x1f4 ./mmcau/mmcau_api.o
                0x00006176                mmcau_encrypt_aes_cbc
 .text.mmcau_decrypt_aes_cbc
                0x0000636a      0x1fe ./mmcau/mmcau_api.o
                0x0000636a                mmcau_decrypt_aes_cbc
 .text.CLOCK_EnableClock
                0x00006568       0x34 ./mdio/fsl_enet_mdio.o
 .text.ENET_ReadSMIData
                0x0000659c       0x1a ./mdio/fsl_enet_mdio.o
 .text.ENET_GetInterruptStatus
                0x000065b6       0x18 ./mdio/fsl_enet_mdio.o
 .text.ENET_ClearInterruptStatus
                0x000065ce       0x1c ./mdio/fsl_enet_mdio.o
 .text.ENET_MDIO_Write
                0x000065ea       0x5c ./mdio/fsl_enet_mdio.o
 .text.ENET_MDIO_WaitTransferOver
                0x00006646       0x2a ./mdio/fsl_enet_mdio.o
 .text.OSC_SetExtRefClkConfig
                0x00006670       0x34 ./drivers/fsl_clock.o
 .text.OSC_SetCapLoad
                0x000066a4       0x34 ./drivers/fsl_clock.o
 .text.CLOCK_GetPll0RefFreq
                0x000066d8        0xe ./drivers/fsl_clock.o
 .text.CLOCK_GetFixedFreqClkFreq
                0x000066e6       0x34 ./drivers/fsl_clock.o
                0x000066e6                CLOCK_GetFixedFreqClkFreq
 .text.CLOCK_EnableClock
                0x0000671a       0x34 ./drivers/fsl_crc.o
 .text.CRC_GetTransposeTypeFromReflectIn
                0x0000674e       0x22 ./drivers/fsl_crc.o
 .text.CRC_GetTransposeTypeFromReflectOut
                0x00006770       0x22 ./drivers/fsl_crc.o
 .text.CRC_ConfigureAndStart
                0x00006792       0x68 ./drivers/fsl_crc.o
 .text.CRC_SetProtocolConfig
                0x000067fa       0x52 ./drivers/fsl_crc.o
 .text.CRC_SetRawProtocolConfig
                0x0000684c       0x46 ./drivers/fsl_crc.o
 .text.CRC_WriteData
                0x00006892       0x80 ./drivers/fsl_crc.o
                0x00006892                CRC_WriteData
 .text.CRC_Get16bitResult
                0x00006912       0x46 ./drivers/fsl_crc.o
                0x00006912                CRC_Get16bitResult
 .text.CLOCK_EnableClock
                0x00006958       0x34 ./drivers/fsl_enet.o
 .text.CLOCK_DisableClock
                0x0000698c       0x38 ./drivers/fsl_enet.o
 .text.EnableIRQ
                0x000069c4       0x32 ./drivers/fsl_enet.o
 .text.DisableGlobalIRQ
                0x000069f6       0x22 ./drivers/fsl_enet.o
 .text.EnableGlobalIRQ
                0x00006a18       0x20 ./drivers/fsl_enet.o
 .text.ENET_Reset
                0x00006a38       0x20 ./drivers/fsl_enet.o
 .text.ENET_GetSMI
                0x00006a58       0x26 ./drivers/fsl_enet.o
 .text.ENET_EnableSleepMode
                0x00006a7e       0x38 ./drivers/fsl_enet.o
 .text.ENET_EnableInterrupts
                0x00006ab6       0x22 ./drivers/fsl_enet.o
 .text.ENET_SetMacAddr
                0x00006ad8       0x5e ./drivers/fsl_enet.o
                0x00006ad8                ENET_SetMacAddr
 .text.ENET_StartSMIWrite
                0x00006b36       0x50 ./drivers/fsl_enet.o
                0x00006b36                ENET_StartSMIWrite
 .text.ENET_StartSMIRead
                0x00006b86       0x4a ./drivers/fsl_enet.o
                0x00006b86                ENET_StartSMIRead
 .text.ENET_TxDirtyRingAvailable
                0x00006bd0       0x2e ./drivers/fsl_enet.o
 .text.ENET_Reset
                0x00006bfe       0x20 ./drivers/fsl_enet_cmsis.o
 .text.ENET_ReadSMIData
                0x00006c1e       0x1a ./drivers/fsl_enet_cmsis.o
 .text.ENET_ActiveRead
                0x00006c38       0x1c ./drivers/fsl_enet_cmsis.o
 .text.ENET_EnableSleepMode
                0x00006c54       0x38 ./drivers/fsl_enet_cmsis.o
 .text.ENET_GetInterruptStatus
                0x00006c8c       0x18 ./drivers/fsl_enet_cmsis.o
 .text.ENET_ClearInterruptStatus
                0x00006ca4       0x1c ./drivers/fsl_enet_cmsis.o
 .text.ENETx_GetCapabilities
                0x00006cc0       0x46 ./drivers/fsl_enet_cmsis.o
 .text.ENET_CommonInitialize
                0x00006d06       0x30 ./drivers/fsl_enet_cmsis.o
 .text.ENET_CommonUninitialize
                0x00006d36       0x1c ./drivers/fsl_enet_cmsis.o
 .text.ENET_Phy_Write
                0x00006d52       0x8a ./drivers/fsl_enet_cmsis.o
 .text.ENET_CommonSendFrame
                0x00006ddc       0x78 ./drivers/fsl_enet_cmsis.o
 .text.ENET_CommonGetFrameSize
                0x00006e54       0x4c ./drivers/fsl_enet_cmsis.o
 .text.ENET_CommonReadFrame
                0x00006ea0       0x3e ./drivers/fsl_enet_cmsis.o
 .text.ENET0_SetAddressFilter
                0x00006ede       0x1a ./drivers/fsl_enet_cmsis.o
 .text.ENET0_GetRxFrameTime
                0x00006ef8       0x18 ./drivers/fsl_enet_cmsis.o
 .text.ENET0_GetTxFrameTime
                0x00006f10       0x18 ./drivers/fsl_enet_cmsis.o
 .text.ENET0_ControlTimer
                0x00006f28       0x1a ./drivers/fsl_enet_cmsis.o
 .text.CLOCK_EnableClock
                0x00006f42       0x34 ./drivers/fsl_enet_phy_cmsis.o
 .text.PHY_Init
                0x00006f76       0x20 ./drivers/fsl_enet_phy_cmsis.o
 .text.PHY_Write
                0x00006f96       0x24 ./drivers/fsl_enet_phy_cmsis.o
 .text.PHY_Read
                0x00006fba       0x24 ./drivers/fsl_enet_phy_cmsis.o
 .text.PHY_GetAutoNegotiationStatus
                0x00006fde       0x20 ./drivers/fsl_enet_phy_cmsis.o
 .text.PHY_GetLinkStatus
                0x00006ffe       0x20 ./drivers/fsl_enet_phy_cmsis.o
 .text.PHY_GetLinkSpeedDuplex
                0x0000701e       0x24 ./drivers/fsl_enet_phy_cmsis.o
 .text.PHY_EnableLoopback
                0x00007042       0x34 ./drivers/fsl_enet_phy_cmsis.o
 .text.PHY0_Initialize
                0x00007076       0x18 ./drivers/fsl_enet_phy_cmsis.o
 .text.PHY0_UnInitialize
                0x0000708e       0x10 ./drivers/fsl_enet_phy_cmsis.o
 .text.PHY0_SetInterface
                0x0000709e       0x26 ./drivers/fsl_enet_phy_cmsis.o
 .text.CLOCK_EnableClock
                0x000070c4       0x34 ./drivers/fsl_uart.o
 .text.UART_GetStatusFlags
                0x000070f8       0x48 ./drivers/fsl_uart.o
                0x000070f8                UART_GetStatusFlags
 .text.UART_ClearStatusFlags
                0x00007140       0x80 ./drivers/fsl_uart.o
                0x00007140                UART_ClearStatusFlags
 .text.UART_WriteBlocking
                0x000071c0       0x50 ./drivers/fsl_uart.o
                0x000071c0                UART_WriteBlocking
 .text.UART0_RX_TX_DriverIRQHandler
                0x00007210       0x12 ./drivers/fsl_uart.o
                0x00007210                UART0_RX_TX_DriverIRQHandler
 .text.UART1_RX_TX_DriverIRQHandler
                0x00007222       0x12 ./drivers/fsl_uart.o
                0x00007222                UART1_RX_TX_DriverIRQHandler
 .text.UART2_RX_TX_DriverIRQHandler
                0x00007234       0x12 ./drivers/fsl_uart.o
                0x00007234                UART2_RX_TX_DriverIRQHandler
 .text.UART3_RX_TX_DriverIRQHandler
                0x00007246       0x12 ./drivers/fsl_uart.o
                0x00007246                UART3_RX_TX_DriverIRQHandler
 .text.UART4_RX_TX_DriverIRQHandler
                0x00007258       0x12 ./drivers/fsl_uart.o
                0x00007258                UART4_RX_TX_DriverIRQHandler
 .text.UART5_RX_TX_DriverIRQHandler
                0x0000726a       0x12 ./drivers/fsl_uart.o
                0x0000726a                UART5_RX_TX_DriverIRQHandler
 .text.SystemInitHook
                0x0000727c        0xe ./device/system_MK64F12.o
                0x0000727c                SystemInitHook
 .text.HAL_UartGetStatus
                0x0000728a       0x22 ./component/uart/fsl_adapter_uart.o
 .text.BOARD_InitDebugConsole
                0x000072ac       0x22 ./board/board.o
                0x000072ac                BOARD_InitDebugConsole
 .text.CLOCK_EnableClock
                0x000072ce       0x34 ./board/pin_mux.o
 .text.PORT_SetPinMux
                0x00007302       0x3a ./board/pin_mux.o
 .text.ENET0_DeinitPins
                0x0000733c        0xe ./board/pin_mux.o
                0x0000733c                ENET0_DeinitPins
 .text.__main   0x0000734a        0xe c:/nxp/mcuxpressoide_11.6.1_8255/ide/plugins/com.nxp.mcuxpresso.tools.win32_11.6.1.202207200623/tools/bin/../lib/gcc/arm-none-eabi/10.3.1/../../../../arm-none-eabi/lib/thumb/v7e-m+fp/hard\libcr_nohost_nf.a(_cr__main.o)
                0x0000734a                __main
 .text.memcpy   0x00007358        0x4 c:/nxp/mcuxpressoide_11.6.1_8255/ide/plugins/com.nxp.mcuxpresso.tools.win32_11.6.1.202207200623/tools/bin/../lib/gcc/arm-none-eabi/10.3.1/../../../../arm-none-eabi/lib/thumb/v7e-m+fp/hard\libcr_c.a(memcpy.o)
                0x00007358                memcpy
 .text.memset   0x0000735c        0x4 c:/nxp/mcuxpressoide_11.6.1_8255/ide/plugins/com.nxp.mcuxpresso.tools.win32_11.6.1.202207200623/tools/bin/../lib/gcc/arm-none-eabi/10.3.1/../../../../arm-none-eabi/lib/thumb/v7e-m+fp/hard\libcr_c.a(memset.o)
                0x0000735c                memset
 .text.free     0x00007360       0x30 c:/nxp/mcuxpressoide_11.6.1_8255/ide/plugins/com.nxp.mcuxpresso.tools.win32_11.6.1.202207200623/tools/bin/../lib/gcc/arm-none-eabi/10.3.1/../../../../arm-none-eabi/lib/thumb/v7e-m+fp/hard\libcr_c.a(alloc.o)
                0x00007360                free
 .text.memcmp   0x00007390       0x44 c:/nxp/mcuxpressoide_11.6.1_8255/ide/plugins/com.nxp.mcuxpresso.tools.win32_11.6.1.202207200623/tools/bin/../lib/gcc/arm-none-eabi/10.3.1/../../../../arm-none-eabi/lib/thumb/v7e-m+fp/hard\libcr_c.a(memcmp.o)
                0x00007390                memcmp
 .text.setvbuf  0x000073d4       0x3e c:/nxp/mcuxpressoide_11.6.1_8255/ide/plugins/com.nxp.mcuxpresso.tools.win32_11.6.1.202207200623/tools/bin/../lib/gcc/arm-none-eabi/10.3.1/../../../../arm-none-eabi/lib/thumb/v7e-m+fp/hard\libcr_c.a(setvbuf.o)
                0x000073d4                setvbuf
 .text.strlen   0x00007412       0x48 c:/nxp/mcuxpressoide_11.6.1_8255/ide/plugins/com.nxp.mcuxpresso.tools.win32_11.6.1.202207200623/tools/bin/../lib/gcc/arm-none-eabi/10.3.1/../../../../arm-none-eabi/lib/thumb/v7e-m+fp/hard\libcr_c.a(strlen.o)
                0x00007412                strlen
 .text._fdopen  0x0000745a       0x68 c:/nxp/mcuxpressoide_11.6.1_8255/ide/plugins/com.nxp.mcuxpresso.tools.win32_11.6.1.202207200623/tools/bin/../lib/gcc/arm-none-eabi/10.3.1/../../../../arm-none-eabi/lib/thumb/v7e-m+fp/hard\libcr_c.a(_fdopen.o)
                0x0000745a                _fdopen
 .text.fclose   0x000074c2       0x58 c:/nxp/mcuxpressoide_11.6.1_8255/ide/plugins/com.nxp.mcuxpresso.tools.win32_11.6.1.202207200623/tools/bin/../lib/gcc/arm-none-eabi/10.3.1/../../../../arm-none-eabi/lib/thumb/v7e-m+fp/hard\libcr_c.a(fclose.o)
                0x000074c2                fclose
 .text.remove   0x0000751a       0x14 c:/nxp/mcuxpressoide_11.6.1_8255/ide/plugins/com.nxp.mcuxpresso.tools.win32_11.6.1.202207200623/tools/bin/../lib/gcc/arm-none-eabi/10.3.1/../../../../arm-none-eabi/lib/thumb/v7e-m+fp/hard\libcr_c.a(remove.o)
                0x0000751a                remove
 .text._do_fflush
                0x0000752e       0x40 c:/nxp/mcuxpressoide_11.6.1_8255/ide/plugins/com.nxp.mcuxpresso.tools.win32_11.6.1.202207200623/tools/bin/../lib/gcc/arm-none-eabi/10.3.1/../../../../arm-none-eabi/lib/thumb/v7e-m+fp/hard\libcr_c.a(_do_fflush.o)
                0x0000752e                _do_fflush
 .text._fflush  0x0000756e       0x52 c:/nxp/mcuxpressoide_11.6.1_8255/ide/plugins/com.nxp.mcuxpresso.tools.win32_11.6.1.202207200623/tools/bin/../lib/gcc/arm-none-eabi/10.3.1/../../../../arm-none-eabi/lib/thumb/v7e-m+fp/hard\libcr_c.a(_fflush.o)
                0x0000756e                _fflush
 .text._deferredlazyseek
                0x000075c0       0x40 c:/nxp/mcuxpressoide_11.6.1_8255/ide/plugins/com.nxp.mcuxpresso.tools.win32_11.6.1.202207200623/tools/bin/../lib/gcc/arm-none-eabi/10.3.1/../../../../arm-none-eabi/lib/thumb/v7e-m+fp/hard\libcr_c.a(_deferredlazyseek.o)
                0x000075c0                _deferredlazyseek
 .text.__aeabi_memcpy
                0x00007600       0x34 c:/nxp/mcuxpressoide_11.6.1_8255/ide/plugins/com.nxp.mcuxpresso.tools.win32_11.6.1.202207200623/tools/bin/../lib/gcc/arm-none-eabi/10.3.1/thumb/v7e-m+fp/hard\libcr_eabihelpers.a(memcpy.o)
                0x00007600                __aeabi_memcpy
                0x0000760a                __aeabi_memcpy8
                0x0000760a                __aeabi_memcpy4
 .text.__aeabi_memset_lowlevel
                0x00007634       0x32 c:/nxp/mcuxpressoide_11.6.1_8255/ide/plugins/com.nxp.mcuxpresso.tools.win32_11.6.1.202207200623/tools/bin/../lib/gcc/arm-none-eabi/10.3.1/thumb/v7e-m+fp/hard\libcr_eabihelpers.a(memcpy.o)
                0x00007634                __aeabi_lowlevel_memset
 .text.__sys_close
                0x00007666        0x6 c:/nxp/mcuxpressoide_11.6.1_8255/ide/plugins/com.nxp.mcuxpresso.tools.win32_11.6.1.202207200623/tools/bin/../lib/gcc/arm-none-eabi/10.3.1/../../../../arm-none-eabi/lib/thumb/v7e-m+fp/hard\libcr_nohost_nf.a(__sys_close.o)
                0x00007666                __sys_close
 .text.__sys_flen
                0x0000766c        0x6 c:/nxp/mcuxpressoide_11.6.1_8255/ide/plugins/com.nxp.mcuxpresso.tools.win32_11.6.1.202207200623/tools/bin/../lib/gcc/arm-none-eabi/10.3.1/../../../../arm-none-eabi/lib/thumb/v7e-m+fp/hard\libcr_nohost_nf.a(__sys_flen.o)
                0x0000766c                __sys_flen
 .text.__sys_istty
                0x00007672        0x6 c:/nxp/mcuxpressoide_11.6.1_8255/ide/plugins/com.nxp.mcuxpresso.tools.win32_11.6.1.202207200623/tools/bin/../lib/gcc/arm-none-eabi/10.3.1/../../../../arm-none-eabi/lib/thumb/v7e-m+fp/hard\libcr_nohost_nf.a(__sys_istty.o)
                0x00007672                __sys_istty
 .text.__sys_remove
                0x00007678        0x6 c:/nxp/mcuxpressoide_11.6.1_8255/ide/plugins/com.nxp.mcuxpresso.tools.win32_11.6.1.202207200623/tools/bin/../lib/gcc/arm-none-eabi/10.3.1/../../../../arm-none-eabi/lib/thumb/v7e-m+fp/hard\libcr_nohost_nf.a(__sys_remove.o)
                0x00007678                __sys_remove
 .text.__sys_seek
                0x0000767e        0x6 c:/nxp/mcuxpressoide_11.6.1_8255/ide/plugins/com.nxp.mcuxpresso.tools.win32_11.6.1.202207200623/tools/bin/../lib/gcc/arm-none-eabi/10.3.1/../../../../arm-none-eabi/lib/thumb/v7e-m+fp/hard\libcr_nohost_nf.a(__sys_seek.o)
                0x0000767e                __sys_seek
 .text.__sys_tmpnam
                0x00007684        0x6 c:/nxp/mcuxpressoide_11.6.1_8255/ide/plugins/com.nxp.mcuxpresso.tools.win32_11.6.1.202207200623/tools/bin/../lib/gcc/arm-none-eabi/10.3.1/../../../../arm-none-eabi/lib/thumb/v7e-m+fp/hard\libcr_nohost_nf.a(__sys_tmpnam.o)
                0x00007684                __sys_tmpnam
 .text.__sys_write
                0x0000768a        0x4 c:/nxp/mcuxpressoide_11.6.1_8255/ide/plugins/com.nxp.mcuxpresso.tools.win32_11.6.1.202207200623/tools/bin/../lib/gcc/arm-none-eabi/10.3.1/../../../../arm-none-eabi/lib/thumb/v7e-m+fp/hard\libcr_nohost_nf.a(__sys_write.o)
                0x0000768a                __sys_write
 *(SORT_BY_ALIGNMENT(.rodata) SORT_BY_ALIGNMENT(.rodata.*) SORT_BY_ALIGNMENT(.constdata) SORT_BY_ALIGNMENT(.constdata.*))
 *fill*         0x0000768e        0x2 ff
 .rodata.__assertion_failed.str1.4
                0x00007690       0x14 ./utilities/fsl_assert.o
 .rodata.g_aesKey128
                0x000076a4       0x10 ./source/custom_layer.o
                0x000076a4                g_aesKey128
 .rodata.g_aesIV
                0x000076b4       0x10 ./source/custom_layer.o
                0x000076b4                g_aesIV
 .rodata.macAddr
                0x000076c4        0x6 ./source/custom_layer.o
                0x000076c4                macAddr
 *fill*         0x000076ca        0x2 ff
 .rodata.custom_layer_send.str1.4
                0x000076cc       0x22 ./source/custom_layer.o
 *fill*         0x000076ee        0x2 ff
 .rodata.ENET_callback.str1.4
                0x000076f0       0x42 ./source/custom_layer.o
 *fill*         0x00007732        0x2 ff
 .rodata.g_macAddr
                0x00007734        0x6 ./source/ethernet_layer.o
                0x00007734                g_macAddr
 *fill*         0x0000773a        0x2 ff
 .rodata.ethernet_init.str1.4
                0x0000773c       0x8e ./source/ethernet_layer.o
 *fill*         0x000077ca        0x2 ff
 .rodata.ethernet_send.str1.4
                0x000077cc       0x34 ./source/ethernet_layer.o
 .rodata.user_receive_callback.str1.4
                0x00007800       0x2f ./source/main.o
 *fill*         0x0000782f        0x1 ff
 .rodata.main.str1.4
                0x00007830       0x4c ./source/main.o
 .rodata.phyksz8081_ops
                0x0000787c       0x20 ./phy/fsl_phyksz8081.o
                0x0000787c                phyksz8081_ops
 .rodata.PHY_KSZ8081_Init.str1.4
                0x0000789c       0x37 ./phy/fsl_phyksz8081.o
 *fill*         0x000078d3        0x1 ff
 .rodata.PHY_KSZ8081_GetAutoNegotiationStatus.str1.4
                0x000078d4       0x1e ./phy/fsl_phyksz8081.o
 *fill*         0x000078f2        0x2 ff
 .rodata.PHY_KSZ8081_GetLinkStatus.str1.4
                0x000078f4       0x1e ./phy/fsl_phyksz8081.o
 *fill*         0x00007912        0x2 ff
 .rodata.PHY_KSZ8081_GetLinkSpeedDuplex.str1.4
                0x00007914       0x3e ./phy/fsl_phyksz8081.o
 *fill*         0x00007952        0x2 ff
 .rodata.PHY_KSZ8081_SetLinkSpeedDuplex.str1.4
                0x00007954       0x2f ./phy/fsl_phyksz8081.o
 *fill*         0x00007983        0x1 ff
 .rodata.PHY_KSZ8081_EnableLoopback.str1.4
                0x00007984       0x8f ./phy/fsl_phyksz8081.o
 *fill*         0x00007a13        0x1 ff
 .rodata.enet_ops
                0x00007a14       0x14 ./mdio/fsl_enet_mdio.o
                0x00007a14                enet_ops
 .rodata.ENET_MDIO_Read.str1.4
                0x00007a28       0x25 ./mdio/fsl_enet_mdio.o
 *fill*         0x00007a4d        0x3 ff
 .rodata.CLOCK_GetMcgExtClkFreq.str1.4
                0x00007a50       0x49 ./drivers/fsl_clock.o
 *fill*         0x00007a99        0x3 ff
 .rodata.CLOCK_GetOsc0ErClkFreq.str1.4
                0x00007a9c       0x1e ./drivers/fsl_clock.o
 *fill*         0x00007aba        0x2 ff
 .rodata.CLOCK_GetEr32kClkFreq.str1.4
                0x00007abc       0x1f ./drivers/fsl_clock.o
 *fill*         0x00007adb        0x1 ff
 .rodata.CLOCK_GetPll0Freq.str1.4
                0x00007adc       0x1d ./drivers/fsl_clock.o
 *fill*         0x00007af9        0x3 ff
 .rodata.CLOCK_EnablePll0.str1.4
                0x00007afc       0x1a ./drivers/fsl_clock.o
 *fill*         0x00007b16        0x2 ff
 .rodata.CLOCK_SetPbeMode.str1.4
                0x00007b18       0x1a ./drivers/fsl_clock.o
 *fill*         0x00007b32        0x2 ff
 .rodata.CLOCK_BootToPeeMode.str1.4
                0x00007b34       0x1a ./drivers/fsl_clock.o
 *fill*         0x00007b4e        0x2 ff
 .rodata.fllFactorTable.1
                0x00007b50       0x10 ./drivers/fsl_clock.o
 .rodata.crc16ccit.0
                0x00007b60       0x10 ./drivers/fsl_crc.o
 .rodata.EDMA_HandleIRQ.str1.4
                0x00007b70       0x21 ./drivers/fsl_edma.o
 *fill*         0x00007b91        0x3 ff
 .rodata.s_enetClock
                0x00007b94        0x4 ./drivers/fsl_enet.o
                0x00007b94                s_enetClock
 .rodata.ENET_GetInstance.str1.4
                0x00007b98       0x34 ./drivers/fsl_enet.o
 .rodata.ENET_GetDefaultConfig.str1.4
                0x00007bcc       0x20 ./drivers/fsl_enet.o
 .rodata.ENET_Up.str1.4
                0x00007bec       0xe0 ./drivers/fsl_enet.o
 .rodata.ENET_SetCallback.str1.4
                0x00007ccc       0x20 ./drivers/fsl_enet.o
 .rodata.ENET_SetHandler.str1.4
                0x00007cec       0x58 ./drivers/fsl_enet.o
 .rodata.ENET_SetTxBufferDescriptors.str1.4
                0x00007d44       0x46 ./drivers/fsl_enet.o
 *fill*         0x00007d8a        0x2 ff
 .rodata.ENET_SetRxBufferDescriptors.str1.4
                0x00007d8c       0x8c ./drivers/fsl_enet.o
 .rodata.ENET_RxBufferAllocAll.str1.4
                0x00007e18       0x6b ./drivers/fsl_enet.o
 *fill*         0x00007e83        0x1 ff
 .rodata.ENET_RxBufferFreeAll.str1.4
                0x00007e84       0x67 ./drivers/fsl_enet.o
 *fill*         0x00007eeb        0x1 ff
 .rodata.ENET_ActiveReadRing.str1.4
                0x00007eec       0x64 ./drivers/fsl_enet.o
 .rodata.ENET_ActiveSendRing.str1.4
                0x00007f50       0x4b ./drivers/fsl_enet.o
 *fill*         0x00007f9b        0x1 ff
 .rodata.ENET_GetMacAddr.str1.4
                0x00007f9c       0x22 ./drivers/fsl_enet.o
 *fill*         0x00007fbe        0x2 ff
 .rodata.ENET_SetSMI.str1.4
                0x00007fc0       0x45 ./drivers/fsl_enet.o
 *fill*         0x00008005        0x3 ff
 .rodata.ENET_IncreaseIndex.str1.4
                0x00008008       0x1e ./drivers/fsl_enet.o
 *fill*         0x00008026        0x2 ff
 .rodata.ENET_GetRxFrameSize.str1.4
                0x00008028       0x83 ./drivers/fsl_enet.o
 *fill*         0x000080ab        0x1 ff
 .rodata.ENET_ReadFrame.str1.4
                0x000080ac       0x6f ./drivers/fsl_enet.o
 *fill*         0x0000811b        0x1 ff
 .rodata.ENET_UpdateReadBuffers.str1.4
                0x0000811c       0x6f ./drivers/fsl_enet.o
 *fill*         0x0000818b        0x1 ff
 .rodata.ENET_SendFrame.str1.4
                0x0000818c       0x8f ./drivers/fsl_enet.o
 *fill*         0x0000821b        0x1 ff
 .rodata.ENET_ReclaimTxDescriptor.str1.4
                0x0000821c       0x4b ./drivers/fsl_enet.o
 *fill*         0x00008267        0x1 ff
 .rodata.ENET_TransmitIRQHandler.str1.4
                0x00008268       0x21 ./drivers/fsl_enet.o
 *fill*         0x00008289        0x3 ff
 .rodata.ENET_ReceiveIRQHandler.str1.4
                0x0000828c       0x21 ./drivers/fsl_enet.o
 *fill*         0x000082ad        0x3 ff
 .rodata.ENET_ErrorIRQHandler.str1.4
                0x000082b0       0x21 ./drivers/fsl_enet.o
 *fill*         0x000082d1        0x3 ff
 .rodata.s_enetDriverVersion
                0x000082d4        0x4 ./drivers/fsl_enet_cmsis.o
 .rodata.ENET_Phy_Read.str1.4
                0x000082d8       0x1c ./drivers/fsl_enet_cmsis.o
 .rodata.ENET0_Resource
                0x000082f4        0x8 ./drivers/fsl_enet_cmsis.o
 .rodata.Driver_ETH_MAC0
                0x000082fc       0x44 ./drivers/fsl_enet_cmsis.o
                0x000082fc                Driver_ETH_MAC0
 .rodata.s_phyDriverVersion
                0x00008340        0x4 ./drivers/fsl_enet_phy_cmsis.o
 .rodata.ENETPHY0_Resource
                0x00008344        0xc ./drivers/fsl_enet_phy_cmsis.o
 .rodata.Driver_ETH_PHY0
                0x00008350       0x20 ./drivers/fsl_enet_phy_cmsis.o
                0x00008350                Driver_ETH_PHY0
 .rodata.s_uartBases
                0x00008370       0x18 ./drivers/fsl_uart.o
 .rodata.s_uartClock
                0x00008388       0x18 ./drivers/fsl_uart.o
 .rodata.UART_GetInstance.str1.4
                0x000083a0       0x2b ./drivers/fsl_uart.o
 *fill*         0x000083cb        0x1 ff
 .rodata.UART_Init.str1.4
                0x000083cc       0xfb ./drivers/fsl_uart.o
 *fill*         0x000084c7        0x1 ff
 .rodata.UART_GetDefaultConfig.str1.4
                0x000084c8       0x20 ./drivers/fsl_uart.o
 .rodata.UART_ReadBlocking.str1.4
                0x000084e8       0x1e ./drivers/fsl_uart.o
 *fill*         0x00008506        0x2 ff
 .rodata.s_UartAdapterBase
                0x00008508       0x18 ./component/uart/fsl_adapter_uart.o
 .rodata.HAL_UartInit.str1.4
                0x00008520       0xdd ./component/uart/fsl_adapter_uart.o
 *fill*         0x000085fd        0x3 ff
 .rodata.HAL_UartReceiveBlocking.str1.4
                0x00008600       0x60 ./component/uart/fsl_adapter_uart.o
 .rodata.HAL_UartSendBlocking.str1.4
                0x00008660       0x60 ./component/uart/fsl_adapter_uart.o
 .rodata.mcgConfig_BOARD_BootClockRUN
                0x000086c0        0xb ./board/clock_config.o
                0x000086c0                mcgConfig_BOARD_BootClockRUN
 *fill*         0x000086cb        0x1 ff
 .rodata.simConfig_BOARD_BootClockRUN
                0x000086cc        0x8 ./board/clock_config.o
                0x000086cc                simConfig_BOARD_BootClockRUN
 .rodata.oscConfig_BOARD_BootClockRUN
                0x000086d4        0x8 ./board/clock_config.o
                0x000086d4                oscConfig_BOARD_BootClockRUN
 .rodata.PORT_SetPinConfig.str1.4
                0x000086dc       0x7f ./board/pin_mux.o
 *fill*         0x0000875b        0x1 ff
 .rodata.__num_Ciob_streams
                0x0000875c        0x4 c:/nxp/mcuxpressoide_11.6.1_8255/ide/plugins/com.nxp.mcuxpresso.tools.win32_11.6.1.202207200623/tools/bin/../lib/gcc/arm-none-eabi/10.3.1/../../../../arm-none-eabi/lib/thumb/v7e-m+fp/hard\libcr_nohost_nf.a(__ciob.o)
                0x0000875c                __num_Ciob_streams
 .rodata._initio.str1.1
                0x00008760        0x4 c:/nxp/mcuxpressoide_11.6.1_8255/ide/plugins/com.nxp.mcuxpresso.tools.win32_11.6.1.202207200623/tools/bin/../lib/gcc/arm-none-eabi/10.3.1/../../../../arm-none-eabi/lib/thumb/v7e-m+fp/hard\libcr_c.a(initio.o)
                0x00008768                . = ALIGN (0x8)
 *fill*         0x00008764        0x4 ff
                0x00008768                _etext = .

.glue_7         0x00008768        0x0
 .glue_7        0x00008768        0x0 linker stubs

.glue_7t        0x00008768        0x0
 .glue_7t       0x00008768        0x0 linker stubs

.vfp11_veneer   0x00008768        0x0
 .vfp11_veneer  0x00008768        0x0 linker stubs

.v4_bx          0x00008768        0x0
 .v4_bx         0x00008768        0x0 linker stubs

.iplt           0x00008768        0x0
 .iplt          0x00008768        0x0 ./utilities/fsl_assert.o

.rel.dyn        0x00008768        0x0
 .rel.iplt      0x00008768        0x0 ./utilities/fsl_assert.o

.m_usb_data
 *(SORT_BY_ALIGNMENT(m_usb_bdt))

.data_RAM2      0x1fff0000        0x0 load address 0x00008768
 FILL mask 0xff
                [!provide]                PROVIDE (__start_data_RAM2 = .)
                [!provide]                PROVIDE (__start_data_SRAM_LOWER = .)
 *(SORT_BY_ALIGNMENT(.ramfunc.$RAM2))
 *(SORT_BY_ALIGNMENT(.ramfunc.$SRAM_LOWER))
 *(SORT_BY_ALIGNMENT(.data.$RAM2))
 *(SORT_BY_ALIGNMENT(.data.$SRAM_LOWER))
 *(SORT_BY_ALIGNMENT(.data.$RAM2.*))
 *(SORT_BY_ALIGNMENT(.data.$SRAM_LOWER.*))
                0x1fff0000                . = ALIGN (0x8)
                [!provide]                PROVIDE (__end_data_RAM2 = .)
                [!provide]                PROVIDE (__end_data_SRAM_LOWER = .)

.data_RAM3      0x14000000        0x0 load address 0x00008768
 FILL mask 0xff
                [!provide]                PROVIDE (__start_data_RAM3 = .)
                [!provide]                PROVIDE (__start_data_FLEX_RAM = .)
 *(SORT_BY_ALIGNMENT(.ramfunc.$RAM3))
 *(SORT_BY_ALIGNMENT(.ramfunc.$FLEX_RAM))
 *(SORT_BY_ALIGNMENT(.data.$RAM3))
 *(SORT_BY_ALIGNMENT(.data.$FLEX_RAM))
 *(SORT_BY_ALIGNMENT(.data.$RAM3.*))
 *(SORT_BY_ALIGNMENT(.data.$FLEX_RAM.*))
                0x14000000                . = ALIGN (0x8)
                [!provide]                PROVIDE (__end_data_RAM3 = .)
                [!provide]                PROVIDE (__end_data_FLEX_RAM = .)

.uninit_RESERVED
                0x20000000        0x0
                0x20000000                _start_uninit_RESERVED = .
 *(SORT_BY_ALIGNMENT(.bss.$RESERVED*))
                0x20000000                . = ALIGN (0x8)
                0x20000000                _end_uninit_RESERVED = .

.data           0x20000000       0xe8 load address 0x00008768
 FILL mask 0xff
                0x20000000                _data = .
                [!provide]                PROVIDE (__start_data_RAM = .)
                [!provide]                PROVIDE (__start_data_SRAM_UPPER = .)
 *(SORT_BY_ALIGNMENT(vtable))
 *(SORT_BY_ALIGNMENT(.ramfunc*))
 *(SORT_BY_ALIGNMENT(CodeQuickAccess))
 *(SORT_BY_ALIGNMENT(DataQuickAccess))
 *(SORT_BY_ALIGNMENT(RamFunction))
 *(SORT_BY_ALIGNMENT(.data*))
 .data          0x20000000       0x80 C:\Users\mcardenas\Documents\MCUXpressoIDE_11.6.1_8255\Iteso\frdmk64f_cmsis_enet_txrx_transfer\mmcau\asm-cm4-cm7\lib_mmcau.a(mmcau_aes_functions.o)
 .data.mdioHandle
                0x20000080        0xc ./source/ethernet_layer.o
                0x20000080                mdioHandle
 .data.phyHandle
                0x2000008c        0xc ./source/ethernet_layer.o
                0x2000008c                phyHandle
 .data.s_slowIrcFreq
                0x20000098        0x4 ./drivers/fsl_clock.o
 .data.s_fastIrcFreq
                0x2000009c        0x4 ./drivers/fsl_clock.o
 .data.ENET0_BuffConfig
                0x200000a0       0x20 ./drivers/fsl_enet_cmsis.o
 .data.ENET0_DriverState
                0x200000c0       0x18 ./drivers/fsl_enet_cmsis.o
 .data.ENETPHY0_State
                0x200000d8        0x8 ./drivers/fsl_enet_phy_cmsis.o
 .data.SystemCoreClock
                0x200000e0        0x4 ./device/system_MK64F12.o
                0x200000e0                SystemCoreClock
                0x200000e8                . = ALIGN (0x8)
 *fill*         0x200000e4        0x4 ff
                0x200000e8                _edata = .
                [!provide]                PROVIDE (__end_data_RAM = .)
                [!provide]                PROVIDE (__end_data_SRAM_UPPER = .)

.igot.plt       0x200000e8        0x0 load address 0x00008850
 .igot.plt      0x200000e8        0x0 ./utilities/fsl_assert.o

.bss_RAM2       0x1fff0000        0x0
                [!provide]                PROVIDE (__start_bss_RAM2 = .)
                [!provide]                PROVIDE (__start_bss_SRAM_LOWER = .)
 *(SORT_BY_ALIGNMENT(.bss.$RAM2))
 *(SORT_BY_ALIGNMENT(.bss.$SRAM_LOWER))
 *(SORT_BY_ALIGNMENT(.bss.$RAM2.*))
 *(SORT_BY_ALIGNMENT(.bss.$SRAM_LOWER.*))
                0x1fff0000                . = ALIGN ((. != 0x0)?0x8:0x1)
                [!provide]                PROVIDE (__end_bss_RAM2 = .)
                [!provide]                PROVIDE (__end_bss_SRAM_LOWER = .)

.bss_RAM3       0x14000000        0x0
                [!provide]                PROVIDE (__start_bss_RAM3 = .)
                [!provide]                PROVIDE (__start_bss_FLEX_RAM = .)
 *(SORT_BY_ALIGNMENT(.bss.$RAM3))
 *(SORT_BY_ALIGNMENT(.bss.$FLEX_RAM))
 *(SORT_BY_ALIGNMENT(.bss.$RAM3.*))
 *(SORT_BY_ALIGNMENT(.bss.$FLEX_RAM.*))
                0x14000000                . = ALIGN ((. != 0x0)?0x8:0x1)
                [!provide]                PROVIDE (__end_bss_RAM3 = .)
                [!provide]                PROVIDE (__end_bss_FLEX_RAM = .)

.bss            0x200000f0     0x4368
                0x200000f0                _bss = .
                [!provide]                PROVIDE (__start_bss_RAM = .)
                [!provide]                PROVIDE (__start_bss_SRAM_UPPER = .)
 *(SORT_BY_ALIGNMENT(.bss*))
 .bss.g_rxBuffDescrip
                0x200000f0       0x20 ./drivers/fsl_enet_cmsis.o
 .bss.g_txBuffDescrip
                0x20000110       0x20 ./drivers/fsl_enet_cmsis.o
 .bss.g_rxDataBuff
                0x20000130     0x17c0 ./drivers/fsl_enet_cmsis.o
 .bss.g_txDataBuff
                0x200018f0     0x17c0 ./drivers/fsl_enet_cmsis.o
 .bss.s_debugConsole
                0x200030b0       0x14 ./utilities/fsl_debug_console.o
 .bss.custom_layer_msg_buffer
                0x200030c4      0x5dc ./source/custom_layer.o
                0x200030c4                custom_layer_msg_buffer
 .bss.input_data
                0x200036a0        0x4 ./source/custom_layer.o
                0x200036a0                input_data
 .bss.user_callback
                0x200036a4        0x4 ./source/custom_layer.o
                0x200036a4                user_callback
 .bss.tx_frame  0x200036a8      0x5ea ./source/ethernet_layer.o
                0x200036a8                tx_frame
 *fill*         0x20003c92        0x2 
 .bss.rx_frame  0x20003c94      0x5ea ./source/ethernet_layer.o
                0x20003c94                rx_frame
 *fill*         0x2000427e        0x2 
 .bss.receive_callback
                0x20004280        0x4 ./source/ethernet_layer.o
                0x20004280                receive_callback
 .bss.g_xtal0Freq
                0x20004284        0x4 ./drivers/fsl_clock.o
                0x20004284                g_xtal0Freq
 .bss.g_xtal32Freq
                0x20004288        0x4 ./drivers/fsl_clock.o
                0x20004288                g_xtal32Freq
 .bss.s_EDMAHandle
                0x2000428c       0x40 ./drivers/fsl_edma.o
 .bss.s_ENETHandle
                0x200042cc        0x4 ./drivers/fsl_enet.o
 .bss.s_enetTxIsr
                0x200042d0        0x4 ./drivers/fsl_enet.o
 .bss.s_enetRxIsr
                0x200042d4        0x4 ./drivers/fsl_enet.o
 .bss.s_enetErrIsr
                0x200042d8        0x4 ./drivers/fsl_enet.o
 .bss.s_enet1588TimerIsr
                0x200042dc        0x4 ./drivers/fsl_enet.o
 .bss.ENET0_Handle
                0x200042e0       0x84 ./drivers/fsl_enet_cmsis.o
 .bss.s_i2cHandle
                0x20004364        0xc ./drivers/fsl_i2c.o
 .bss.s_i2cMasterIsr
                0x20004370        0x4 ./drivers/fsl_i2c.o
 .bss.s_i2cSlaveIsr
                0x20004374        0x4 ./drivers/fsl_i2c.o
 .bss.s_uartHandle
                0x20004378       0x18 ./drivers/fsl_uart.o
                0x20004378                s_uartHandle
 .bss.s_uartIsr
                0x20004390        0x4 ./drivers/fsl_uart.o
                0x20004390                s_uartIsr
 .bss.__end_of_heap
                0x20004394        0x4 c:/nxp/mcuxpressoide_11.6.1_8255/ide/plugins/com.nxp.mcuxpresso.tools.win32_11.6.1.202207200623/tools/bin/../lib/gcc/arm-none-eabi/10.3.1/../../../../arm-none-eabi/lib/thumb/v7e-m+fp/hard\libcr_c.a(__init_alloc.o)
                0x20004394                __end_of_heap
 .bss.__heaps   0x20004398        0x4 c:/nxp/mcuxpressoide_11.6.1_8255/ide/plugins/com.nxp.mcuxpresso.tools.win32_11.6.1.202207200623/tools/bin/../lib/gcc/arm-none-eabi/10.3.1/../../../../arm-none-eabi/lib/thumb/v7e-m+fp/hard\libcr_c.a(__init_alloc.o)
                0x20004398                __heaps
 .bss.errno     0x2000439c        0x4 c:/nxp/mcuxpressoide_11.6.1_8255/ide/plugins/com.nxp.mcuxpresso.tools.win32_11.6.1.202207200623/tools/bin/../lib/gcc/arm-none-eabi/10.3.1/../../../../arm-none-eabi/lib/thumb/v7e-m+fp/hard\libcr_c.a(errno.o)
                0x2000439c                errno
 .bss.__Ciob    0x200043a0       0xb4 c:/nxp/mcuxpressoide_11.6.1_8255/ide/plugins/com.nxp.mcuxpresso.tools.win32_11.6.1.202207200623/tools/bin/../lib/gcc/arm-none-eabi/10.3.1/../../../../arm-none-eabi/lib/thumb/v7e-m+fp/hard\libcr_nohost_nf.a(__ciob.o)
                0x200043a0                __Ciob
 *(SORT_BY_ALIGNMENT(COMMON))
                0x20004458                . = ALIGN (0x8)
 *fill*         0x20004454        0x4 
                0x20004458                _ebss = .
                [!provide]                PROVIDE (__end_bss_RAM = .)
                [!provide]                PROVIDE (__end_bss_SRAM_UPPER = .)
                [!provide]                PROVIDE (end = .)

.noinit_RAM2    0x1fff0000        0x0
                [!provide]                PROVIDE (__start_noinit_RAM2 = .)
                [!provide]                PROVIDE (__start_noinit_SRAM_LOWER = .)
 *(SORT_BY_ALIGNMENT(.noinit.$RAM2))
 *(SORT_BY_ALIGNMENT(.noinit.$SRAM_LOWER))
 *(SORT_BY_ALIGNMENT(.noinit.$RAM2.*))
 *(SORT_BY_ALIGNMENT(.noinit.$SRAM_LOWER.*))
                0x1fff0000                . = ALIGN (0x8)
                [!provide]                PROVIDE (__end_noinit_RAM2 = .)
                [!provide]                PROVIDE (__end_noinit_SRAM_LOWER = .)

.noinit_RAM3    0x14000000        0x0
                [!provide]                PROVIDE (__start_noinit_RAM3 = .)
                [!provide]                PROVIDE (__start_noinit_FLEX_RAM = .)
 *(SORT_BY_ALIGNMENT(.noinit.$RAM3))
 *(SORT_BY_ALIGNMENT(.noinit.$FLEX_RAM))
 *(SORT_BY_ALIGNMENT(.noinit.$RAM3.*))
 *(SORT_BY_ALIGNMENT(.noinit.$FLEX_RAM.*))
                0x14000000                . = ALIGN (0x8)
                [!provide]                PROVIDE (__end_noinit_RAM3 = .)
                [!provide]                PROVIDE (__end_noinit_FLEX_RAM = .)

.noinit         0x20004458        0x0
                0x20004458                _noinit = .
                [!provide]                PROVIDE (__start_noinit_RAM = .)
                [!provide]                PROVIDE (__start_noinit_SRAM_UPPER = .)
 *(SORT_BY_ALIGNMENT(.noinit*))
                0x20004458                . = ALIGN (0x8)
                0x20004458                _end_noinit = .
                [!provide]                PROVIDE (__end_noinit_RAM = .)
                [!provide]                PROVIDE (__end_noinit_SRAM_UPPER = .)

.ARM.extab
 *(SORT_BY_ALIGNMENT(.ARM.extab*) SORT_BY_ALIGNMENT(.gnu.linkonce.armextab.*))

.ARM.exidx      0x00008850        0x0
                0x00008850                __exidx_start = .
 *(SORT_BY_ALIGNMENT(.ARM.exidx*) SORT_BY_ALIGNMENT(.gnu.linkonce.armexidx.*))
                0x00008850                __exidx_end = .
                0x00001000                _HeapSize = 0x1000

.heap           0x20004458     0x1000
                0x20004458                _pvHeapStart = .
                0x20005458                . = (. + _HeapSize)
 *fill*         0x20004458     0x1000 
                0x20005458                . = ALIGN (0x8)
                0x20005458                _pvHeapLimit = .
                0x00001000                _StackSize = 0x1000

.heap2stackfill
                0x20005458     0x1000
                0x20006458                . = (. + _StackSize)
 *fill*         0x20005458     0x1000 

.stack          0x2002f000        0x0
                0x2002f000                _vStackBase = .
                0x2002f000                . = ALIGN (0x8)
                0x20030000                _vStackTop = (. + _StackSize)
                0x00000000                _image_start = LOADADDR (.text)
                0x00008850                _image_end = (LOADADDR (.data) + SIZEOF (.data))
                0x00008850                _image_size = (_image_end - _image_start)
OUTPUT(frdmk64f_cmsis_enet_txrx_transfer.axf elf32-littlearm)
LOAD linker stubs

.debug_info     0x00000000    0x18991
 .debug_info    0x00000000       0xa3 ./utilities/fsl_assert.o
 .debug_info    0x000000a3      0xca3 ./utilities/fsl_debug_console.o
 .debug_info    0x00000d46      0x93a ./startup/startup_mk64f12.o
 .debug_info    0x00001680      0x928 ./source/custom_layer.o
 .debug_info    0x00001fa8     0x1752 ./source/ethernet_layer.o
 .debug_info    0x000036fa      0x288 ./source/main.o
 .debug_info    0x00003982       0x3c ./source/semihost_hardfault.o
 .debug_info    0x000039be      0xb54 ./phy/fsl_phyksz8081.o
 .debug_info    0x00004512      0xc25 ./mmcau/fsl_mmcau.o
 .debug_info    0x00005137      0x283 ./mmcau/mmcau_api.o
 .debug_info    0x000053ba     0x10da ./mdio/fsl_enet_mdio.o
 .debug_info    0x00006494     0x21c3 ./drivers/fsl_clock.o
 .debug_info    0x00008657      0x879 ./drivers/fsl_crc.o
 .debug_info    0x00008ed0     0x23af ./drivers/fsl_edma.o
 .debug_info    0x0000b27f     0x3924 ./drivers/fsl_enet.o
 .debug_info    0x0000eba3     0x216e ./drivers/fsl_enet_cmsis.o
 .debug_info    0x00010d11     0x18ea ./drivers/fsl_enet_phy_cmsis.o
 .debug_info    0x000125fb     0x1e92 ./drivers/fsl_i2c.o
 .debug_info    0x0001448d     0x1f90 ./drivers/fsl_uart.o
 .debug_info    0x0001641d      0x649 ./device/system_MK64F12.o
 .debug_info    0x00016a66      0xa7e ./component/uart/fsl_adapter_uart.o
 .debug_info    0x000174e4       0xbd ./board/board.o
 .debug_info    0x000175a1      0xbd9 ./board/clock_config.o
 .debug_info    0x0001817a      0x817 ./board/pin_mux.o

.debug_abbrev   0x00000000     0x338c
 .debug_abbrev  0x00000000       0x66 ./utilities/fsl_assert.o
 .debug_abbrev  0x00000066      0x24b ./utilities/fsl_debug_console.o
 .debug_abbrev  0x000002b1      0x185 ./startup/startup_mk64f12.o
 .debug_abbrev  0x00000436      0x21a ./source/custom_layer.o
 .debug_abbrev  0x00000650      0x27f ./source/ethernet_layer.o
 .debug_abbrev  0x000008cf      0x155 ./source/main.o
 .debug_abbrev  0x00000a24       0x31 ./source/semihost_hardfault.o
 .debug_abbrev  0x00000a55      0x1a8 ./phy/fsl_phyksz8081.o
 .debug_abbrev  0x00000bfd      0x195 ./mmcau/fsl_mmcau.o
 .debug_abbrev  0x00000d92       0xdc ./mmcau/mmcau_api.o
 .debug_abbrev  0x00000e6e      0x274 ./mdio/fsl_enet_mdio.o
 .debug_abbrev  0x000010e2      0x359 ./drivers/fsl_clock.o
 .debug_abbrev  0x0000143b      0x21b ./drivers/fsl_crc.o
 .debug_abbrev  0x00001656      0x3cb ./drivers/fsl_edma.o
 .debug_abbrev  0x00001a21      0x3ed ./drivers/fsl_enet.o
 .debug_abbrev  0x00001e0e      0x36a ./drivers/fsl_enet_cmsis.o
 .debug_abbrev  0x00002178      0x2b0 ./drivers/fsl_enet_phy_cmsis.o
 .debug_abbrev  0x00002428      0x363 ./drivers/fsl_i2c.o
 .debug_abbrev  0x0000278b      0x42e ./drivers/fsl_uart.o
 .debug_abbrev  0x00002bb9      0x148 ./device/system_MK64F12.o
 .debug_abbrev  0x00002d01      0x1c9 ./component/uart/fsl_adapter_uart.o
 .debug_abbrev  0x00002eca       0x85 ./board/board.o
 .debug_abbrev  0x00002f4f      0x214 ./board/clock_config.o
 .debug_abbrev  0x00003163      0x229 ./board/pin_mux.o

.debug_aranges  0x00000000     0x1328
 .debug_aranges
                0x00000000       0x20 ./utilities/fsl_assert.o
 .debug_aranges
                0x00000020       0x78 ./utilities/fsl_debug_console.o
 .debug_aranges
                0x00000098      0x330 ./startup/startup_mk64f12.o
 .debug_aranges
                0x000003c8       0x50 ./source/custom_layer.o
 .debug_aranges
                0x00000418       0x40 ./source/ethernet_layer.o
 .debug_aranges
                0x00000458       0x30 ./source/main.o
 .debug_aranges
                0x00000488       0x20 ./source/semihost_hardfault.o
 .debug_aranges
                0x000004a8       0x70 ./phy/fsl_phyksz8081.o
 .debug_aranges
                0x00000518       0xc8 ./mmcau/fsl_mmcau.o
 .debug_aranges
                0x000005e0       0x28 ./mmcau/mmcau_api.o
 .debug_aranges
                0x00000608       0x58 ./mdio/fsl_enet_mdio.o
 .debug_aranges
                0x00000660      0x1f8 ./drivers/fsl_clock.o
 .debug_aranges
                0x00000858       0x70 ./drivers/fsl_crc.o
 .debug_aranges
                0x000008c8      0x1f8 ./drivers/fsl_edma.o
 .debug_aranges
                0x00000ac0      0x220 ./drivers/fsl_enet.o
 .debug_aranges
                0x00000ce0      0x120 ./drivers/fsl_enet_cmsis.o
 .debug_aranges
                0x00000e00       0xa8 ./drivers/fsl_enet_phy_cmsis.o
 .debug_aranges
                0x00000ea8      0x180 ./drivers/fsl_i2c.o
 .debug_aranges
                0x00001028      0x1b8 ./drivers/fsl_uart.o
 .debug_aranges
                0x000011e0       0x30 ./device/system_MK64F12.o
 .debug_aranges
                0x00001210       0x50 ./component/uart/fsl_adapter_uart.o
 .debug_aranges
                0x00001260       0x20 ./board/board.o
 .debug_aranges
                0x00001280       0x58 ./board/clock_config.o
 .debug_aranges
                0x000012d8       0x50 ./board/pin_mux.o

.debug_ranges   0x00000000     0x11c0
 .debug_ranges  0x00000000       0x10 ./utilities/fsl_assert.o
 .debug_ranges  0x00000010       0x68 ./utilities/fsl_debug_console.o
 .debug_ranges  0x00000078      0x320 ./startup/startup_mk64f12.o
 .debug_ranges  0x00000398       0x40 ./source/custom_layer.o
 .debug_ranges  0x000003d8       0x30 ./source/ethernet_layer.o
 .debug_ranges  0x00000408       0x20 ./source/main.o
 .debug_ranges  0x00000428       0x10 ./source/semihost_hardfault.o
 .debug_ranges  0x00000438       0x60 ./phy/fsl_phyksz8081.o
 .debug_ranges  0x00000498       0xb8 ./mmcau/fsl_mmcau.o
 .debug_ranges  0x00000550       0x18 ./mmcau/mmcau_api.o
 .debug_ranges  0x00000568       0x48 ./mdio/fsl_enet_mdio.o
 .debug_ranges  0x000005b0      0x1e8 ./drivers/fsl_clock.o
 .debug_ranges  0x00000798       0x60 ./drivers/fsl_crc.o
 .debug_ranges  0x000007f8      0x1e8 ./drivers/fsl_edma.o
 .debug_ranges  0x000009e0      0x210 ./drivers/fsl_enet.o
 .debug_ranges  0x00000bf0      0x128 ./drivers/fsl_enet_cmsis.o
 .debug_ranges  0x00000d18       0x98 ./drivers/fsl_enet_phy_cmsis.o
 .debug_ranges  0x00000db0      0x170 ./drivers/fsl_i2c.o
 .debug_ranges  0x00000f20      0x1a8 ./drivers/fsl_uart.o
 .debug_ranges  0x000010c8       0x20 ./device/system_MK64F12.o
 .debug_ranges  0x000010e8       0x40 ./component/uart/fsl_adapter_uart.o
 .debug_ranges  0x00001128       0x10 ./board/board.o
 .debug_ranges  0x00001138       0x48 ./board/clock_config.o
 .debug_ranges  0x00001180       0x40 ./board/pin_mux.o

.debug_macro    0x00000000    0x14e26
 .debug_macro   0x00000000      0x123 ./utilities/fsl_assert.o
 .debug_macro   0x00000123      0xaba ./utilities/fsl_assert.o
 .debug_macro   0x00000bdd       0x10 ./utilities/fsl_assert.o
 .debug_macro   0x00000bed       0x1c ./utilities/fsl_assert.o
 .debug_macro   0x00000c09       0x22 ./utilities/fsl_assert.o
 .debug_macro   0x00000c2b      0x12e ./utilities/fsl_assert.o
 .debug_macro   0x00000d59      0x5b3 ./utilities/fsl_assert.o
 .debug_macro   0x0000130c       0x22 ./utilities/fsl_assert.o
 .debug_macro   0x0000132e       0x10 ./utilities/fsl_assert.o
 .debug_macro   0x0000133e       0x58 ./utilities/fsl_assert.o
 .debug_macro   0x00001396       0x1c ./utilities/fsl_assert.o
 .debug_macro   0x000013b2       0x22 ./utilities/fsl_assert.o
 .debug_macro   0x000013d4       0xfb ./utilities/fsl_assert.o
 .debug_macro   0x000014cf      0xeeb ./utilities/fsl_assert.o
 .debug_macro   0x000023ba       0x40 ./utilities/fsl_assert.o
 .debug_macro   0x000023fa     0xec5f ./utilities/fsl_assert.o
 .debug_macro   0x00011059     0x12e8 ./utilities/fsl_assert.o
 .debug_macro   0x00012341       0x7a ./utilities/fsl_assert.o
 .debug_macro   0x000123bb       0xa8 ./utilities/fsl_assert.o
 .debug_macro   0x00012463      0x174 ./utilities/fsl_assert.o
 .debug_macro   0x000125d7       0x1c ./utilities/fsl_assert.o
 .debug_macro   0x000125f3       0x1c ./utilities/fsl_assert.o
 .debug_macro   0x0001260f       0x2e ./utilities/fsl_assert.o
 .debug_macro   0x0001263d      0x149 ./utilities/fsl_debug_console.o