Archive member included to satisfy reference by file (symbol)

c:/nxp/mcuxpressoide_11.6.1_8255/ide/plugins/com.nxp.mcuxpresso.tools.win32_11.6.1.202207200623/tools/bin/../lib/gcc/arm-none-eabi/10.3.1/../../../../arm-none-eabi/lib/thumb/v7e-m+fp/hard\libcr_nohost_nf.a(_cr__main.o)
                              ./startup/startup_mk64f12.o (__main)
c:/nxp/mcuxpressoide_11.6.1_8255/ide/plugins/com.nxp.mcuxpresso.tools.win32_11.6.1.202207200623/tools/bin/../lib/gcc/arm-none-eabi/10.3.1/../../../../arm-none-eabi/lib/thumb/v7e-m+fp/hard\libcr_c.a(memcpy.o)
                              ./utilities/fsl_debug_console.o (memcpy)
c:/nxp/mcuxpressoide_11.6.1_8255/ide/plugins/com.nxp.mcuxpresso.tools.win32_11.6.1.202207200623/tools/bin/../lib/gcc/arm-none-eabi/10.3.1/../../../../arm-none-eabi/lib/thumb/v7e-m+fp/hard\libcr_c.a(memset.o)
                              ./drivers/fsl_edma.o (memset)
c:/nxp/mcuxpressoide_11.6.1_8255/ide/plugins/com.nxp.mcuxpresso.tools.win32_11.6.1.202207200623/tools/bin/../lib/gcc/arm-none-eabi/10.3.1/../../../../arm-none-eabi/lib/thumb/v7e-m+fp/hard\libcr_c.a(alloc.o)
                              ./source/cmsis_enet_txrx_transfer.o (malloc)
c:/nxp/mcuxpressoide_11.6.1_8255/ide/plugins/com.nxp.mcuxpresso.tools.win32_11.6.1.202207200623/tools/bin/../lib/gcc/arm-none-eabi/10.3.1/../../../../arm-none-eabi/lib/thumb/v7e-m+fp/hard\libcr_c.a(initio.o)
                              c:/nxp/mcuxpressoide_11.6.1_8255/ide/plugins/com.nxp.mcuxpresso.tools.win32_11.6.1.202207200623/tools/bin/../lib/gcc/arm-none-eabi/10.3.1/../../../../arm-none-eabi/lib/thumb/v7e-m+fp/hard\libcr_nohost_nf.a(_cr__main.o) (_initio)
c:/nxp/mcuxpressoide_11.6.1_8255/ide/plugins/com.nxp.mcuxpresso.tools.win32_11.6.1.202207200623/tools/bin/../lib/gcc/arm-none-eabi/10.3.1/../../../../arm-none-eabi/lib/thumb/v7e-m+fp/hard\libcr_c.a(setvbuf.o)
                              c:/nxp/mcuxpressoide_11.6.1_8255/ide/plugins/com.nxp.mcuxpresso.tools.win32_11.6.1.202207200623/tools/bin/../lib/gcc/arm-none-eabi/10.3.1/../../../../arm-none-eabi/lib/thumb/v7e-m+fp/hard\libcr_c.a(initio.o) (setvbuf)
c:/nxp/mcuxpressoide_11.6.1_8255/ide/plugins/com.nxp.mcuxpresso.tools.win32_11.6.1.202207200623/tools/bin/../lib/gcc/arm-none-eabi/10.3.1/../../../../arm-none-eabi/lib/thumb/v7e-m+fp/hard\libcr_c.a(strlen.o)
                              ./utilities/fsl_debug_console.o (strlen)
c:/nxp/mcuxpressoide_11.6.1_8255/ide/plugins/com.nxp.mcuxpresso.tools.win32_11.6.1.202207200623/tools/bin/../lib/gcc/arm-none-eabi/10.3.1/../../../../arm-none-eabi/lib/thumb/v7e-m+fp/hard\libcr_c.a(__init_alloc.o)
                              c:/nxp/mcuxpressoide_11.6.1_8255/ide/plugins/com.nxp.mcuxpresso.tools.win32_11.6.1.202207200623/tools/bin/../lib/gcc/arm-none-eabi/10.3.1/../../../../arm-none-eabi/lib/thumb/v7e-m+fp/hard\libcr_c.a(alloc.o) (__heaps)
c:/nxp/mcuxpressoide_11.6.1_8255/ide/plugins/com.nxp.mcuxpresso.tools.win32_11.6.1.202207200623/tools/bin/../lib/gcc/arm-none-eabi/10.3.1/../../../../arm-none-eabi/lib/thumb/v7e-m+fp/hard\libcr_c.a(_cr_sbrk.o)
                              c:/nxp/mcuxpressoide_11.6.1_8255/ide/plugins/com.nxp.mcuxpresso.tools.win32_11.6.1.202207200623/tools/bin/../lib/gcc/arm-none-eabi/10.3.1/../../../../arm-none-eabi/lib/thumb/v7e-m+fp/hard\libcr_c.a(alloc.o) (_sbrk)
c:/nxp/mcuxpressoide_11.6.1_8255/ide/plugins/com.nxp.mcuxpresso.tools.win32_11.6.1.202207200623/tools/bin/../lib/gcc/arm-none-eabi/10.3.1/../../../../arm-none-eabi/lib/thumb/v7e-m+fp/hard\libcr_c.a(_fdopen.o)
                              c:/nxp/mcuxpressoide_11.6.1_8255/ide/plugins/com.nxp.mcuxpresso.tools.win32_11.6.1.202207200623/tools/bin/../lib/gcc/arm-none-eabi/10.3.1/../../../../arm-none-eabi/lib/thumb/v7e-m+fp/hard\libcr_c.a(initio.o) (_fdopen)
c:/nxp/mcuxpressoide_11.6.1_8255/ide/plugins/com.nxp.mcuxpresso.tools.win32_11.6.1.202207200623/tools/bin/../lib/gcc/arm-none-eabi/10.3.1/../../../../arm-none-eabi/lib/thumb/v7e-m+fp/hard\libcr_c.a(errno.o)
                              c:/nxp/mcuxpressoide_11.6.1_8255/ide/plugins/com.nxp.mcuxpresso.tools.win32_11.6.1.202207200623/tools/bin/../lib/gcc/arm-none-eabi/10.3.1/../../../../arm-none-eabi/lib/thumb/v7e-m+fp/hard\libcr_c.a(_cr_sbrk.o) (errno)
c:/nxp/mcuxpressoide_11.6.1_8255/ide/plugins/com.nxp.mcuxpresso.tools.win32_11.6.1.202207200623/tools/bin/../lib/gcc/arm-none-eabi/10.3.1/../../../../arm-none-eabi/lib/thumb/v7e-m+fp/hard\libcr_c.a(fclose.o)
                              c:/nxp/mcuxpressoide_11.6.1_8255/ide/plugins/com.nxp.mcuxpresso.tools.win32_11.6.1.202207200623/tools/bin/../lib/gcc/arm-none-eabi/10.3.1/../../../../arm-none-eabi/lib/thumb/v7e-m+fp/hard\libcr_c.a(initio.o) (fclose)
c:/nxp/mcuxpressoide_11.6.1_8255/ide/plugins/com.nxp.mcuxpresso.tools.win32_11.6.1.202207200623/tools/bin/../lib/gcc/arm-none-eabi/10.3.1/../../../../arm-none-eabi/lib/thumb/v7e-m+fp/hard\libcr_c.a(fflush.o)
[...]
Memory Configuration

Name             Origin             Length             Attributes
PROGRAM_FLASH    0x00000000         0x00100000         xr
SRAM_UPPER       0x20000000         0x00030000         xrw
SRAM_LOWER       0x1fff0000         0x00010000         xrw
FLEX_RAM         0x14000000         0x00001000         xrw
*default*        0x00000000         0xffffffff

Linker script and memory map

LOAD ./utilities/fsl_assert.o
LOAD ./utilities/fsl_debug_console.o
LOAD ./startup/startup_mk64f12.o
LOAD ./source/cmsis_enet_txrx_transfer.o
LOAD ./source/semihost_hardfault.o
LOAD ./phy/fsl_phyksz8081.o
LOAD ./mdio/fsl_enet_mdio.o
LOAD ./drivers/fsl_clock.o
LOAD ./drivers/fsl_common.o
LOAD ./drivers/fsl_common_arm.o
LOAD ./drivers/fsl_dmamux.o
LOAD ./drivers/fsl_edma.o
LOAD ./drivers/fsl_enet.o
LOAD ./drivers/fsl_enet_cmsis.o
LOAD ./drivers/fsl_enet_phy_cmsis.o
LOAD ./drivers/fsl_ftfx_cache.o
LOAD ./drivers/fsl_ftfx_controller.o
LOAD ./drivers/fsl_ftfx_flash.o
LOAD ./drivers/fsl_ftfx_flexnvm.o
LOAD ./drivers/fsl_gpio.o
LOAD ./drivers/fsl_sim.o
LOAD ./drivers/fsl_smc.o
LOAD ./drivers/fsl_sysmpu.o
LOAD ./drivers/fsl_uart.o
LOAD ./device/system_MK64F12.o
LOAD ./component/uart/fsl_adapter_uart.o
LOAD ./component/lists/fsl_component_generic_list.o
LOAD ./board/board.o
LOAD ./board/clock_config.o
LOAD ./board/pin_mux.o
START GROUP
LOAD c:/nxp/mcuxpressoide_11.6.1_8255/ide/plugins/com.nxp.mcuxpresso.tools.win32_11.6.1.202207200623/tools/bin/../lib/gcc/arm-none-eabi/10.3.1/../../../../arm-none-eabi/lib/thumb/v7e-m+fp/hard\libcr_nohost_nf.a
LOAD c:/nxp/mcuxpressoide_11.6.1_8255/ide/plugins/com.nxp.mcuxpresso.tools.win32_11.6.1.202207200623/tools/bin/../lib/gcc/arm-none-eabi/10.3.1/../../../../arm-none-eabi/lib/thumb/v7e-m+fp/hard\libcr_c.a
LOAD c:/nxp/mcuxpressoide_11.6.1_8255/ide/plugins/com.nxp.mcuxpresso.tools.win32_11.6.1.202207200623/tools/bin/../lib/gcc/arm-none-eabi/10.3.1/thumb/v7e-m+fp/hard\libcr_eabihelpers.a
LOAD c:/nxp/mcuxpressoide_11.6.1_8255/ide/plugins/com.nxp.mcuxpresso.tools.win32_11.6.1.202207200623/tools/bin/../lib/gcc/arm-none-eabi/10.3.1/thumb/v7e-m+fp/hard\libgcc.a
END GROUP
                0x00000000                __base_PROGRAM_FLASH = 0x0
                0x00000000                __base_Flash = 0x0
                0x00100000                __top_PROGRAM_FLASH = 0x100000
                0x00100000                __top_Flash = 0x100000
                0x20000000                __base_SRAM_UPPER = 0x20000000
                0x20000000                __base_RAM = 0x20000000
                0x20030000                __top_SRAM_UPPER = 0x20030000
                0x20030000                __top_RAM = 0x20030000
                0x1fff0000                __base_SRAM_LOWER = 0x1fff0000
                0x1fff0000                __base_RAM2 = 0x1fff0000
                0x20000000                __top_SRAM_LOWER = 0x20000000
                0x20000000                __top_RAM2 = 0x20000000
                0x14000000                __base_FLEX_RAM = 0x14000000
                0x14000000                __base_RAM3 = 0x14000000
                0x14001000                __top_FLEX_RAM = 0x14001000
                0x14001000                __top_RAM3 = 0x14001000

.text           0x00000000     0x7220
 FILL mask 0xff
                0x00000000                __vectors_start__ = ABSOLUTE (.)
 *(SORT_BY_ALIGNMENT(.isr_vector))
 .isr_vector    0x00000000      0x198 ./startup/startup_mk64f12.o
                0x00000000                g_pfnVectors
                0x00000000                __Vectors
                0x00000198                . = ALIGN (0x4)
                0x00000198                __section_table_start = .
                0x00000198                __data_section_table = .
                0x00000198        0x4 LONG 0x7220 LOADADDR (.data)
                0x0000019c        0x4 LONG 0x20000000 ADDR (.data)
                0x000001a0        0x4 LONG 0x78 SIZEOF (.data)
                0x000001a4        0x4 LONG 0x7220 LOADADDR (.data_RAM2)
                0x000001a8        0x4 LONG 0x1fff0000 ADDR (.data_RAM2)
                0x000001ac        0x4 LONG 0x0 SIZEOF (.data_RAM2)
                0x000001b0        0x4 LONG 0x7220 LOADADDR (.data_RAM3)
                0x000001b4        0x4 LONG 0x14000000 ADDR (.data_RAM3)
                0x000001b8        0x4 LONG 0x0 SIZEOF (.data_RAM3)
                0x000001bc                __data_section_table_end = .
                0x000001bc                __bss_section_table = .
                0x000001bc        0x4 LONG 0x20000080 ADDR (.bss)
                0x000001c0        0x4 LONG 0x3598 SIZEOF (.bss)
                0x000001c4        0x4 LONG 0x1fff0000 ADDR (.bss_RAM2)
                0x000001c8        0x4 LONG 0x0 SIZEOF (.bss_RAM2)
                0x000001cc        0x4 LONG 0x14000000 ADDR (.bss_RAM3)
                0x000001d0        0x4 LONG 0x0 SIZEOF (.bss_RAM3)
                0x000001d4                __bss_section_table_end = .
                0x000001d4                __section_table_end = .
 *(SORT_BY_ALIGNMENT(.after_vectors*))
 .after_vectors.reset
                0x000001d4       0x4c ./startup/startup_mk64f12.o
                0x000001d4                ResetISR
 .after_vectors.init_data
                0x00000220       0x1e ./startup/startup_mk64f12.o
                0x00000220                data_init
 .after_vectors.init_bss
                0x0000023e       0x12 ./startup/startup_mk64f12.o
                0x0000023e                bss_init
 .after_vectors
                0x00000250       0x14 ./startup/startup_mk64f12.o
                0x00000250                NMI_Handler
                0x00000254                MemManage_Handler
                0x00000256                BusFault_Handler
                0x00000258                UsageFault_Handler
                0x0000025a                SVC_Handler
                0x0000025c                DebugMon_Handler
                0x0000025e                PendSV_Handler
                0x00000260                SysTick_Handler
                0x00000262                FTM1_DriverIRQHandler
                0x00000262                FTM2_DriverIRQHandler
                0x00000262                PIT2_DriverIRQHandler
                0x00000262                SDHC_DriverIRQHandler
                0x00000262                I2S0_Tx_DriverIRQHandler
                0x00000262                RTC_Seconds_DriverIRQHandler
                0x00000262                LLWU_DriverIRQHandler
                0x00000262                MCM_DriverIRQHandler
                0x00000262                MCG_DriverIRQHandler
                0x00000262                I2C2_DriverIRQHandler
                0x00000262                DAC1_DriverIRQHandler
                0x00000262                DMA_Error_DriverIRQHandler
                0x00000262                CMP1_DriverIRQHandler
                0x00000262                FTM0_DriverIRQHandler
                0x00000262                IntDefaultHandler
                0x00000262                USB0_DriverIRQHandler
                0x00000262                UART5_ERR_DriverIRQHandler
                0x00000262                PORTC_DriverIRQHandler
                0x00000262                DAC0_DriverIRQHandler
                0x00000262                CMP2_DriverIRQHandler
                0x00000262                UART2_ERR_DriverIRQHandler
                0x00000262                LPTMR0_DriverIRQHandler
                0x00000262                LVD_LVW_DriverIRQHandler
                0x00000262                PIT0_DriverIRQHandler
                0x00000262                RNG_DriverIRQHandler
                0x00000262                USBDCD_DriverIRQHandler
                0x00000262                UART3_ERR_DriverIRQHandler
                0x00000262                UART0_ERR_DriverIRQHandler
                0x00000262                CMT_DriverIRQHandler
                0x00000262                Reserved71_DriverIRQHandler
                0x00000262                ADC1_DriverIRQHandler
                0x00000262                PORTA_DriverIRQHandler
                0x00000262                PIT3_DriverIRQHandler
                0x00000262                PIT1_DriverIRQHandler
                0x00000262                WDOG_EWM_DriverIRQHandler
                0x00000262                PDB0_DriverIRQHandler
                0x00000262                RTC_DriverIRQHandler
                0x00000262                I2S0_Rx_DriverIRQHandler
                0x00000262                Read_Collision_DriverIRQHandler
                0x00000262                SWI_DriverIRQHandler
                0x00000262                UART4_ERR_DriverIRQHandler
                0x00000262                SPI1_DriverIRQHandler
                0x00000262                UART0_LON_DriverIRQHandler
                0x00000262                PORTB_DriverIRQHandler
                0x00000262                I2C1_DriverIRQHandler
                0x00000262                SPI0_DriverIRQHandler
                0x00000262                ADC0_DriverIRQHandler
                0x00000262                CMP0_DriverIRQHandler
                0x00000262                CAN0_DriverIRQHandler
                0x00000262                FTM3_DriverIRQHandler
                0x00000262                SPI2_DriverIRQHandler
                0x00000262                UART1_ERR_DriverIRQHandler
                0x00000262                PORTD_DriverIRQHandler
                0x00000262                PORTE_DriverIRQHandler
                0x00000262                FTFE_DriverIRQHandler
                0x00000262                I2C0_DriverIRQHandler
                0x00000400                . = 0x400
 *fill*         0x00000264      0x19c ff
                0x00000400                PROVIDE (__FLASH_CONFIG_START__ = .)
 *(SORT_BY_ALIGNMENT(.FlashConfig))
 .FlashConfig   0x00000400       0x10 ./startup/startup_mk64f12.o
                0x00000400                Flash_Config
                0x00000410                PROVIDE (__FLASH_CONFIG_END__ = .)
                0x00000001                ASSERT (! ((__FLASH_CONFIG_START__ == __FLASH_CONFIG_END__)), Linker Flash Config Support Enabled, but no .FlashConfig section provided within application)
 *(SORT_BY_ALIGNMENT(.text*))
 .text.__assertion_failed
                0x00000410       0x18 ./utilities/fsl_assert.o
                0x00000410                __assertion_failed
 .text.DbgConsole_Init
                0x00000428       0x74 ./utilities/fsl_debug_console.o
                0x00000428                DbgConsole_Init
 .text.DbgConsole_Vprintf
                0x0000049c       0x3c ./utilities/fsl_debug_console.o
                0x0000049c                DbgConsole_Vprintf
 .text.DbgConsole_Putchar
                0x000004d8       0x30 ./utilities/fsl_debug_console.o
                0x000004d8                DbgConsole_Putchar
 .text.DbgConsole_PrintfFormattedData
                0x00000508      0x3e0 ./utilities/fsl_debug_console.o
 .text.ENET_SignalEvent_t
                0x000008e8       0x7c ./source/cmsis_enet_txrx_transfer.o
                0x000008e8                ENET_SignalEvent_t
 .text.ENET_BuildBroadCastFrame
                0x00000964       0x84 ./source/cmsis_enet_txrx_transfer.o
 .text.main     0x000009e8      0x190 ./source/cmsis_enet_txrx_transfer.o
                0x000009e8                main
 .text.PHY_KSZ8081_Init
                0x00000b78      0x128 ./phy/fsl_phyksz8081.o
                0x00000b78                PHY_KSZ8081_Init
 .text.PHY_KSZ8081_GetAutoNegotiationStatus
                0x00000ca0       0x54 ./phy/fsl_phyksz8081.o
                0x00000ca0                PHY_KSZ8081_GetAutoNegotiationStatus
 .text.PHY_KSZ8081_GetLinkStatus
                0x00000cf4       0x58 ./phy/fsl_phyksz8081.o
                0x00000cf4                PHY_KSZ8081_GetLinkStatus
 .text.PHY_KSZ8081_GetLinkSpeedDuplex
                0x00000d4c       0x98 ./phy/fsl_phyksz8081.o
                0x00000d4c                PHY_KSZ8081_GetLinkSpeedDuplex
 .text.PHY_KSZ8081_SetLinkSpeedDuplex
                0x00000de4       0x90 ./phy/fsl_phyksz8081.o
                0x00000de4                PHY_KSZ8081_SetLinkSpeedDuplex
 .text.PHY_KSZ8081_EnableLoopback
                0x00000e74      0x150 ./phy/fsl_phyksz8081.o
                0x00000e74                PHY_KSZ8081_EnableLoopback
 .text.ENET_MDIO_Init
                0x00000fc4       0x44 ./mdio/fsl_enet_mdio.o
 .text.ENET_MDIO_Read
                0x00001008       0x74 ./mdio/fsl_enet_mdio.o
 .text.CLOCK_SetEr32kClock
                0x0000107c       0x30 ./drivers/fsl_clock.o
 .text.CLOCK_SetPllFllSelClock
                0x000010ac       0x38 ./drivers/fsl_clock.o
 .text.CLOCK_GetMcgExtClkFreq
                0x000010e4       0x7c ./drivers/fsl_clock.o
 .text.CLOCK_GetFllExtRefClkFreq
                0x00001160       0xb0 ./drivers/fsl_clock.o
 .text.CLOCK_GetInternalRefClkSelectFreq
                0x00001210       0x4c ./drivers/fsl_clock.o
 .text.CLOCK_GetFllRefClkFreq
                0x0000125c       0x34 ./drivers/fsl_clock.o
 .text.CLOCK_GetOscRangeFromFreq
                0x00001290       0x3c ./drivers/fsl_clock.o
 .text.CLOCK_GetOsc0ErClkFreq
                0x000012cc       0x44 ./drivers/fsl_clock.o
                0x000012cc                CLOCK_GetOsc0ErClkFreq
 .text.CLOCK_GetEr32kClkFreq
                0x00001310       0x74 ./drivers/fsl_clock.o
                0x00001310                CLOCK_GetEr32kClkFreq
 .text.CLOCK_GetPllFllSelClkFreq
                0x00001384       0x54 ./drivers/fsl_clock.o
                0x00001384                CLOCK_GetPllFllSelClkFreq
 .text.CLOCK_GetCoreSysClkFreq
                0x000013d8       0x28 ./drivers/fsl_clock.o
                0x000013d8                CLOCK_GetCoreSysClkFreq
 .text.CLOCK_GetFreq
                0x00001400      0x140 ./drivers/fsl_clock.o
                0x00001400                CLOCK_GetFreq
 .text.CLOCK_SetSimConfig
                0x00001540       0x34 ./drivers/fsl_clock.o
                0x00001540                CLOCK_SetSimConfig
 .text.CLOCK_GetOutClkFreq
                0x00001574       0x64 ./drivers/fsl_clock.o
                0x00001574                CLOCK_GetOutClkFreq
 .text.CLOCK_GetFllFreq
                0x000015d8       0x84 ./drivers/fsl_clock.o
                0x000015d8                CLOCK_GetFllFreq
 .text.CLOCK_GetInternalRefClkFreq
                0x0000165c       0x30 ./drivers/fsl_clock.o
                0x0000165c                CLOCK_GetInternalRefClkFreq
 .text.CLOCK_GetPll0Freq
                0x0000168c       0x78 ./drivers/fsl_clock.o
                0x0000168c                CLOCK_GetPll0Freq
 .text.CLOCK_SetExternalRefClkConfig
                0x00001704       0x6c ./drivers/fsl_clock.o
                0x00001704                CLOCK_SetExternalRefClkConfig
 .text.CLOCK_SetInternalRefClkConfig
                0x00001770      0x104 ./drivers/fsl_clock.o
                0x00001770                CLOCK_SetInternalRefClkConfig
 .text.CLOCK_EnablePll0
                0x00001874       0x88 ./drivers/fsl_clock.o
                0x00001874                CLOCK_EnablePll0
 .text.CLOCK_InitOsc0
                0x000018fc       0x8c ./drivers/fsl_clock.o
                0x000018fc                CLOCK_InitOsc0
 .text.CLOCK_SetPbeMode
                0x00001988       0xa8 ./drivers/fsl_clock.o
                0x00001988                CLOCK_SetPbeMode
 .text.CLOCK_BootToPeeMode
                0x00001a30       0x64 ./drivers/fsl_clock.o
                0x00001a30                CLOCK_BootToPeeMode
 .text.SDK_DelayAtLeastUs
                0x00001a94       0x8c ./drivers/fsl_common_arm.o
                0x00001a94                SDK_DelayAtLeastUs
 .text.EDMA_HandleIRQ
                0x00001b20      0x1b0 ./drivers/fsl_edma.o
                0x00001b20                EDMA_HandleIRQ
 .text.DMA0_DriverIRQHandler
                0x00001cd0       0x1c ./drivers/fsl_edma.o
                0x00001cd0                DMA0_DriverIRQHandler
 .text.DMA1_DriverIRQHandler
                0x00001cec       0x1c ./drivers/fsl_edma.o
                0x00001cec                DMA1_DriverIRQHandler
 .text.DMA2_DriverIRQHandler
                0x00001d08       0x1c ./drivers/fsl_edma.o
                0x00001d08                DMA2_DriverIRQHandler
 .text.DMA3_DriverIRQHandler
                0x00001d24       0x1c ./drivers/fsl_edma.o
                0x00001d24                DMA3_DriverIRQHandler
 .text.DMA4_DriverIRQHandler
                0x00001d40       0x1c ./drivers/fsl_edma.o
                0x00001d40                DMA4_DriverIRQHandler
 .text.DMA5_DriverIRQHandler
                0x00001d5c       0x1c ./drivers/fsl_edma.o
                0x00001d5c                DMA5_DriverIRQHandler
 .text.DMA6_DriverIRQHandler
                0x00001d78       0x1c ./drivers/fsl_edma.o
                0x00001d78                DMA6_DriverIRQHandler
 .text.DMA7_DriverIRQHandler
                0x00001d94       0x1c ./drivers/fsl_edma.o
                0x00001d94                DMA7_DriverIRQHandler
 .text.DMA8_DriverIRQHandler
                0x00001db0       0x1c ./drivers/fsl_edma.o
                0x00001db0                DMA8_DriverIRQHandler
 .text.DMA9_DriverIRQHandler
                0x00001dcc       0x1c ./drivers/fsl_edma.o
                0x00001dcc                DMA9_DriverIRQHandler
 .text.DMA10_DriverIRQHandler
                0x00001de8       0x1c ./drivers/fsl_edma.o
                0x00001de8                DMA10_DriverIRQHandler
 .text.DMA11_DriverIRQHandler
                0x00001e04       0x1c ./drivers/fsl_edma.o
                0x00001e04                DMA11_DriverIRQHandler
 .text.DMA12_DriverIRQHandler
                0x00001e20       0x1c ./drivers/fsl_edma.o
                0x00001e20                DMA12_DriverIRQHandler
 .text.DMA13_DriverIRQHandler
                0x00001e3c       0x1c ./drivers/fsl_edma.o
                0x00001e3c                DMA13_DriverIRQHandler
 .text.DMA14_DriverIRQHandler
                0x00001e58       0x1c ./drivers/fsl_edma.o
                0x00001e58                DMA14_DriverIRQHandler
 .text.DMA15_DriverIRQHandler
                0x00001e74       0x1c ./drivers/fsl_edma.o
                0x00001e74                DMA15_DriverIRQHandler
 .text.__NVIC_EnableIRQ
                0x00001e90       0x3c ./drivers/fsl_enet.o
 .text.ENET_GetInstance
                0x00001ecc       0x44 ./drivers/fsl_enet.o
                0x00001ecc                ENET_GetInstance
 .text.ENET_GetDefaultConfig
                0x00001f10       0x4c ./drivers/fsl_enet.o
                0x00001f10                ENET_GetDefaultConfig
 .text.ENET_Up  0x00001f5c       0xb8 ./drivers/fsl_enet.o
                0x00001f5c                ENET_Up
 .text.ENET_Init
                0x00002014       0x48 ./drivers/fsl_enet.o
                0x00002014                ENET_Init
 .text.ENET_Down
                0x0000205c       0x48 ./drivers/fsl_enet.o
                0x0000205c                ENET_Down
 .text.ENET_Deinit
                0x000020a4       0x28 ./drivers/fsl_enet.o
                0x000020a4                ENET_Deinit
 .text.ENET_SetCallback
                0x000020cc       0x30 ./drivers/fsl_enet.o
                0x000020cc                ENET_SetCallback
 .text.ENET_SetRxISRHandler
                0x000020fc       0x30 ./drivers/fsl_enet.o
                0x000020fc                ENET_SetRxISRHandler
 .text.ENET_SetTxISRHandler
                0x0000212c       0x30 ./drivers/fsl_enet.o
                0x0000212c                ENET_SetTxISRHandler
 .text.ENET_SetErrISRHandler
                0x0000215c       0x30 ./drivers/fsl_enet.o
                0x0000215c                ENET_SetErrISRHandler
 .text.ENET_SetHandler
                0x0000218c      0x1a8 ./drivers/fsl_enet.o
 .text.ENET_SetMacController
                0x00002334      0x250 ./drivers/fsl_enet.o
 .text.ENET_SetTxBufferDescriptors
                0x00002584       0xe4 ./drivers/fsl_enet.o
 .text.ENET_SetRxBufferDescriptors
                0x00002668       0xfc ./drivers/fsl_enet.o
 .text.ENET_RxBufferAllocAll
                0x00002764       0xcc ./drivers/fsl_enet.o
 .text.ENET_RxBufferFreeAll
                0x00002830       0xc4 ./drivers/fsl_enet.o
 .text.ENET_ActiveReadRing
                0x000028f4       0x44 ./drivers/fsl_enet.o
 .text.ENET_ActiveSendRing
                0x00002938       0x4c ./drivers/fsl_enet.o
 .text.ENET_GetMacAddr
                0x00002984       0x78 ./drivers/fsl_enet.o
                0x00002984                ENET_GetMacAddr
 .text.ENET_SetSMI
                0x000029fc       0xa0 ./drivers/fsl_enet.o
                0x000029fc                ENET_SetSMI
 .text.ENET_IncreaseIndex
                0x00002a9c       0x40 ./drivers/fsl_enet.o
 .text.ENET_GetRxFrameSize
                0x00002adc      0x128 ./drivers/fsl_enet.o
                0x00002adc                ENET_GetRxFrameSize
 .text.ENET_ReadFrame
                0x00002c04      0x188 ./drivers/fsl_enet.o
                0x00002c04                ENET_ReadFrame
 .text.ENET_UpdateReadBuffers
                0x00002d8c       0x94 ./drivers/fsl_enet.o
 .text.ENET_SendFrame
                0x00002e20      0x378 ./drivers/fsl_enet.o
                0x00002e20                ENET_SendFrame
 .text.ENET_ReclaimTxDescriptor
                0x00003198      0x10c ./drivers/fsl_enet.o
                0x00003198                ENET_ReclaimTxDescriptor
 .text.ENET_TransmitIRQHandler
                0x000032a4       0x8c ./drivers/fsl_enet.o
                0x000032a4                ENET_TransmitIRQHandler
 .text.ENET_ReceiveIRQHandler
                0x00003330       0x5c ./drivers/fsl_enet.o
                0x00003330                ENET_ReceiveIRQHandler
 .text.ENET_ErrorIRQHandler
                0x0000338c       0x90 ./drivers/fsl_enet.o
                0x0000338c                ENET_ErrorIRQHandler
 .text.ENET_Ptp1588IRQHandler
                0x0000341c       0x44 ./drivers/fsl_enet.o
                0x0000341c                ENET_Ptp1588IRQHandler
 .text.ENET_TxIRQHandler
                0x00003460       0x48 ./drivers/fsl_enet.o
                0x00003460                ENET_TxIRQHandler
 .text.ENET_RxIRQHandler
                0x000034a8       0x44 ./drivers/fsl_enet.o
                0x000034a8                ENET_RxIRQHandler
 .text.ENET_ErrIRQHandler
                0x000034ec       0x44 ./drivers/fsl_enet.o
                0x000034ec                ENET_ErrIRQHandler
 .text.ENET_Transmit_DriverIRQHandler
                0x00003530       0x18 ./drivers/fsl_enet.o
                0x00003530                ENET_Transmit_DriverIRQHandler
 .text.ENET_Receive_DriverIRQHandler
                0x00003548       0x18 ./drivers/fsl_enet.o
                0x00003548                ENET_Receive_DriverIRQHandler
 .text.ENET_Error_DriverIRQHandler
                0x00003560       0x18 ./drivers/fsl_enet.o
                0x00003560                ENET_Error_DriverIRQHandler
 .text.ENET_1588_Timer_DriverIRQHandler
                0x00003578       0x18 ./drivers/fsl_enet.o
                0x00003578                ENET_1588_Timer_DriverIRQHandler
 .text.ENETx_GetVersion
                0x00003590       0x2c ./drivers/fsl_enet_cmsis.o
 .text.ENET_SetInterruptCallback
                0x000035bc       0x64 ./drivers/fsl_enet_cmsis.o
 .text.ENET_CommonControl
                0x00003620      0x1e8 ./drivers/fsl_enet_cmsis.o
 .text.ENET_CommonPowerControl
                0x00003808      0x13c ./drivers/fsl_enet_cmsis.o
 .text.ENET_Phy_Read
                0x00003944       0xa0 ./drivers/fsl_enet_cmsis.o
 .text.ENET0_Initialize
                0x000039e4       0x24 ./drivers/fsl_enet_cmsis.o
 .text.ENET0_Uninitialize
                0x00003a08       0x18 ./drivers/fsl_enet_cmsis.o
 .text.ENET0_PowerControl
                0x00003a20       0x24 ./drivers/fsl_enet_cmsis.o
 .text.ENET0_GetMacAddress
                0x00003a44       0x24 ./drivers/fsl_enet_cmsis.o
 .text.ENET0_SetMacAddress
                0x00003a68       0x34 ./drivers/fsl_enet_cmsis.o
 .text.ENET0_TransmitFrame
                0x00003a9c       0x28 ./drivers/fsl_enet_cmsis.o
 .text.ENET0_GetReceiveFrameSize
                0x00003ac4       0x14 ./drivers/fsl_enet_cmsis.o
 .text.ENET0_ReceiveFrame
                0x00003ad8       0x24 ./drivers/fsl_enet_cmsis.o
 .text.ENET0_Control
                0x00003afc       0x24 ./drivers/fsl_enet_cmsis.o
 .text.ENET0_PhyWrite
                0x00003b20       0x2c ./drivers/fsl_enet_cmsis.o
 .text.ENET0_PhyRead
                0x00003b4c       0x2c ./drivers/fsl_enet_cmsis.o
 .text.PHYx_GetVersion
                0x00003b78       0x2c ./drivers/fsl_enet_phy_cmsis.o
 .text.PHY_SetForcedSpeedDuplexMode
                0x00003ba4       0xac ./drivers/fsl_enet_phy_cmsis.o
 .text.PHY_SetPowerDown
                0x00003c50       0xa8 ./drivers/fsl_enet_phy_cmsis.o
 .text.PHY0_PowerControl
                0x00003cf8       0xac ./drivers/fsl_enet_phy_cmsis.o
 .text.PHY0_SetMode
                0x00003da4       0xd8 ./drivers/fsl_enet_phy_cmsis.o
 .text.PHY0_GetLinkState
                0x00003e7c       0x3c ./drivers/fsl_enet_phy_cmsis.o
 .text.PHY0_GetLinkInfo
                0x00003eb8       0x70 ./drivers/fsl_enet_phy_cmsis.o
 .text.UART_GetInstance
                0x00003f28       0x54 ./drivers/fsl_uart.o
                0x00003f28                UART_GetInstance
 .text.UART_Init
                0x00003f7c      0x2f4 ./drivers/fsl_uart.o
                0x00003f7c                UART_Init
 .text.UART_GetDefaultConfig
                0x00004270       0x68 ./drivers/fsl_uart.o
                0x00004270                UART_GetDefaultConfig
 .text.UART_ReadBlocking
                0x000042d8       0xfc ./drivers/fsl_uart.o
                0x000042d8                UART_ReadBlocking
 .text.UART0_DriverIRQHandler
                0x000043d4       0x28 ./drivers/fsl_uart.o
                0x000043d4                UART0_DriverIRQHandler
 .text.UART1_DriverIRQHandler
                0x000043fc       0x28 ./drivers/fsl_uart.o
                0x000043fc                UART1_DriverIRQHandler
 .text.UART2_DriverIRQHandler
                0x00004424       0x28 ./drivers/fsl_uart.o
                0x00004424                UART2_DriverIRQHandler
 .text.UART3_DriverIRQHandler
                0x0000444c       0x28 ./drivers/fsl_uart.o
                0x0000444c                UART3_DriverIRQHandler
 .text.UART4_DriverIRQHandler
                0x00004474       0x28 ./drivers/fsl_uart.o
                0x00004474                UART4_DriverIRQHandler
 .text.UART5_DriverIRQHandler
                0x0000449c       0x28 ./drivers/fsl_uart.o
                0x0000449c                UART5_DriverIRQHandler
 .text.SystemInit
                0x000044c4       0x3c ./device/system_MK64F12.o
                0x000044c4                SystemInit
 .text.HAL_UartInit
                0x00004500      0x128 ./component/uart/fsl_adapter_uart.o
                0x00004500                HAL_UartInit
 .text.HAL_UartReceiveBlocking
                0x00004628       0x6c ./component/uart/fsl_adapter_uart.o
                0x00004628                HAL_UartReceiveBlocking
 .text.HAL_UartSendBlocking
                0x00004694       0x64 ./component/uart/fsl_adapter_uart.o
                0x00004694                HAL_UartSendBlocking
 .text.CLOCK_SetSimSafeDivs
                0x000046f8       0x20 ./board/clock_config.o
 .text.CLOCK_SetXtal0Freq
                0x00004718       0x20 ./board/clock_config.o
 .text.CLOCK_CONFIG_SetFllExtRefDiv
                0x00004738       0x3c ./board/clock_config.o
 .text.BOARD_BootClockRUN
                0x00004774       0x60 ./board/clock_config.o
                0x00004774                BOARD_BootClockRUN
 .text.PORT_SetPinConfig
                0x000047d4       0x38 ./board/pin_mux.o
 .text.BOARD_InitPins
                0x0000480c       0x44 ./board/pin_mux.o
                0x0000480c                BOARD_InitPins
 .text.ENET0_InitPins
                0x00004850       0xd0 ./board/pin_mux.o
                0x00004850                ENET0_InitPins
 .text.malloc   0x00004920       0xc8 c:/nxp/mcuxpressoide_11.6.1_8255/ide/plugins/com.nxp.mcuxpresso.tools.win32_11.6.1.202207200623/tools/bin/../lib/gcc/arm-none-eabi/10.3.1/../../../../arm-none-eabi/lib/thumb/v7e-m+fp/hard\libcr_c.a(alloc.o)
                0x00004920                malloc
 .text._initio  0x000049e8       0x78 c:/nxp/mcuxpressoide_11.6.1_8255/ide/plugins/com.nxp.mcuxpresso.tools.win32_11.6.1.202207200623/tools/bin/../lib/gcc/arm-none-eabi/10.3.1/../../../../arm-none-eabi/lib/thumb/v7e-m+fp/hard\libcr_c.a(initio.o)
                0x000049e8                _initio
 .text._sbrk    0x00004a60       0x3c c:/nxp/mcuxpressoide_11.6.1_8255/ide/plugins/com.nxp.mcuxpresso.tools.win32_11.6.1.202207200623/tools/bin/../lib/gcc/arm-none-eabi/10.3.1/../../../../arm-none-eabi/lib/thumb/v7e-m+fp/hard\libcr_c.a(_cr_sbrk.o)
                0x00004a60                _sbrk
 .text.fflush   0x00004a9c       0x3c c:/nxp/mcuxpressoide_11.6.1_8255/ide/plugins/com.nxp.mcuxpresso.tools.win32_11.6.1.202207200623/tools/bin/../lib/gcc/arm-none-eabi/10.3.1/../../../../arm-none-eabi/lib/thumb/v7e-m+fp/hard\libcr_c.a(fflush.o)
                0x00004a9c                fflush
 .text.fseek    0x00004ad8       0xfc c:/nxp/mcuxpressoide_11.6.1_8255/ide/plugins/com.nxp.mcuxpresso.tools.win32_11.6.1.202207200623/tools/bin/../lib/gcc/arm-none-eabi/10.3.1/../../../../arm-none-eabi/lib/thumb/v7e-m+fp/hard\libcr_c.a(fseek.o)
                0x00004ad8                fseek
 .text.ftell    0x00004bd4       0x44 c:/nxp/mcuxpressoide_11.6.1_8255/ide/plugins/com.nxp.mcuxpresso.tools.win32_11.6.1.202207200623/tools/bin/../lib/gcc/arm-none-eabi/10.3.1/../../../../arm-none-eabi/lib/thumb/v7e-m+fp/hard\libcr_c.a(ftell.o)
                0x00004bd4                ftell
 .text.__check_heap_overflow
                0x00004c18       0x18 c:/nxp/mcuxpressoide_11.6.1_8255/ide/plugins/com.nxp.mcuxpresso.tools.win32_11.6.1.202207200623/tools/bin/../lib/gcc/arm-none-eabi/10.3.1/../../../../arm-none-eabi/lib/thumb/v7e-m+fp/hard\libcr_c.a(_cr_check_heap.o)
                0x00004c18                __check_heap_overflow
 .text._Cwritebuf
                0x00004c30       0x6c c:/nxp/mcuxpressoide_11.6.1_8255/ide/plugins/com.nxp.mcuxpresso.tools.win32_11.6.1.202207200623/tools/bin/../lib/gcc/arm-none-eabi/10.3.1/../../../../arm-none-eabi/lib/thumb/v7e-m+fp/hard\libcr_c.a(_writebuf.o)
                0x00004c30                _Cwritebuf
 .text.DbgConsole_Printf
                0x00004c9c       0x2c ./utilities/fsl_debug_console.o
                0x00004c9c                DbgConsole_Printf
 .text.DbgConsole_PrintfPaddingCharacter
                0x00004cc8       0x40 ./utilities/fsl_debug_console.o
 .text.DbgConsole_ConvertRadixNumToString
                0x00004d08       0xc2 ./utilities/fsl_debug_console.o
 .text.DMA0_IRQHandler
                0x00004dca        0x8 ./startup/startup_mk64f12.o
                0x00004dca                DMA0_IRQHandler
 .text.DMA1_IRQHandler
                0x00004dd2        0x8 ./startup/startup_mk64f12.o
                0x00004dd2                DMA1_IRQHandler
 .text.DMA2_IRQHandler
                0x00004dda        0x8 ./startup/startup_mk64f12.o
                0x00004dda                DMA2_IRQHandler
 .text.DMA3_IRQHandler
                0x00004de2        0x8 ./startup/startup_mk64f12.o
                0x00004de2                DMA3_IRQHandler
 .text.DMA4_IRQHandler
                0x00004dea        0x8 ./startup/startup_mk64f12.o
                0x00004dea                DMA4_IRQHandler
 .text.DMA5_IRQHandler
                0x00004df2        0x8 ./startup/startup_mk64f12.o
                0x00004df2                DMA5_IRQHandler
 .text.DMA6_IRQHandler
                0x00004dfa        0x8 ./startup/startup_mk64f12.o
                0x00004dfa                DMA6_IRQHandler
 .text.DMA7_IRQHandler
                0x00004e02        0x8 ./startup/startup_mk64f12.o
                0x00004e02                DMA7_IRQHandler
 .text.DMA8_IRQHandler
                0x00004e0a        0x8 ./startup/startup_mk64f12.o
                0x00004e0a                DMA8_IRQHandler
 .text.DMA9_IRQHandler
                0x00004e12        0x8 ./startup/startup_mk64f12.o
                0x00004e12                DMA9_IRQHandler
 .text.DMA10_IRQHandler
                0x00004e1a        0x8 ./startup/startup_mk64f12.o
                0x00004e1a                DMA10_IRQHandler
 .text.DMA11_IRQHandler
                0x00004e22        0x8 ./startup/startup_mk64f12.o
                0x00004e22                DMA11_IRQHandler
 .text.DMA12_IRQHandler
                0x00004e2a        0x8 ./startup/startup_mk64f12.o
                0x00004e2a                DMA12_IRQHandler
 .text.DMA13_IRQHandler
                0x00004e32        0x8 ./startup/startup_mk64f12.o
                0x00004e32                DMA13_IRQHandler
 .text.DMA14_IRQHandler
                0x00004e3a        0x8 ./startup/startup_mk64f12.o
                0x00004e3a                DMA14_IRQHandler
 .text.DMA15_IRQHandler
                0x00004e42        0x8 ./startup/startup_mk64f12.o
                0x00004e42                DMA15_IRQHandler
 .text.DMA_Error_IRQHandler
                0x00004e4a        0x8 ./startup/startup_mk64f12.o
                0x00004e4a                DMA_Error_IRQHandler
 .text.MCM_IRQHandler
                0x00004e52        0x8 ./startup/startup_mk64f12.o
                0x00004e52                MCM_IRQHandler
 .text.FTFE_IRQHandler
                0x00004e5a        0x8 ./startup/startup_mk64f12.o
                0x00004e5a                FTFE_IRQHandler
 .text.Read_Collision_IRQHandler
                0x00004e62        0x8 ./startup/startup_mk64f12.o
                0x00004e62                Read_Collision_IRQHandler
 .text.LVD_LVW_IRQHandler
                0x00004e6a        0x8 ./startup/startup_mk64f12.o
                0x00004e6a                LVD_LVW_IRQHandler
 .text.LLWU_IRQHandler
                0x00004e72        0x8 ./startup/startup_mk64f12.o
                0x00004e72                LLWU_IRQHandler
 .text.WDOG_EWM_IRQHandler
                0x00004e7a        0x8 ./startup/startup_mk64f12.o
                0x00004e7a                WDOG_EWM_IRQHandler
 .text.RNG_IRQHandler
                0x00004e82        0x8 ./startup/startup_mk64f12.o
                0x00004e82                RNG_IRQHandler
 .text.I2C0_IRQHandler
                0x00004e8a        0x8 ./startup/startup_mk64f12.o
                0x00004e8a                I2C0_IRQHandler
 .text.I2C1_IRQHandler
                0x00004e92        0x8 ./startup/startup_mk64f12.o
                0x00004e92                I2C1_IRQHandler
 .text.SPI0_IRQHandler
                0x00004e9a        0x8 ./startup/startup_mk64f12.o
                0x00004e9a                SPI0_IRQHandler
 .text.SPI1_IRQHandler
                0x00004ea2        0x8 ./startup/startup_mk64f12.o
                0x00004ea2                SPI1_IRQHandler
 .text.I2S0_Tx_IRQHandler
                0x00004eaa        0x8 ./startup/startup_mk64f12.o
                0x00004eaa                I2S0_Tx_IRQHandler
 .text.I2S0_Rx_IRQHandler
                0x00004eb2        0x8 ./startup/startup_mk64f12.o
                0x00004eb2                I2S0_Rx_IRQHandler
 .text.UART0_LON_IRQHandler
                0x00004eba        0x8 ./startup/startup_mk64f12.o
                0x00004eba                UART0_LON_IRQHandler
 .text.UART0_RX_TX_IRQHandler
                0x00004ec2        0x8 ./startup/startup_mk64f12.o
                0x00004ec2                UART0_RX_TX_IRQHandler
 .text.UART0_ERR_IRQHandler
                0x00004eca        0x8 ./startup/startup_mk64f12.o
                0x00004eca                UART0_ERR_IRQHandler
 .text.UART1_RX_TX_IRQHandler
                0x00004ed2        0x8 ./startup/startup_mk64f12.o
                0x00004ed2                UART1_RX_TX_IRQHandler
 .text.UART1_ERR_IRQHandler
                0x00004eda        0x8 ./startup/startup_mk64f12.o
                0x00004eda                UART1_ERR_IRQHandler
 .text.UART2_RX_TX_IRQHandler
                0x00004ee2        0x8 ./startup/startup_mk64f12.o
                0x00004ee2                UART2_RX_TX_IRQHandler
 .text.UART2_ERR_IRQHandler
                0x00004eea        0x8 ./startup/startup_mk64f12.o
                0x00004eea                UART2_ERR_IRQHandler
 .text.UART3_RX_TX_IRQHandler
                0x00004ef2        0x8 ./startup/startup_mk64f12.o
                0x00004ef2                UART3_RX_TX_IRQHandler
 .text.UART3_ERR_IRQHandler
                0x00004efa        0x8 ./startup/startup_mk64f12.o
                0x00004efa                UART3_ERR_IRQHandler
 .text.ADC0_IRQHandler
                0x00004f02        0x8 ./startup/startup_mk64f12.o
                0x00004f02                ADC0_IRQHandler
 .text.CMP0_IRQHandler
                0x00004f0a        0x8 ./startup/startup_mk64f12.o
                0x00004f0a                CMP0_IRQHandler
 .text.CMP1_IRQHandler
                0x00004f12        0x8 ./startup/startup_mk64f12.o
                0x00004f12                CMP1_IRQHandler
 .text.FTM0_IRQHandler
                0x00004f1a        0x8 ./startup/startup_mk64f12.o
                0x00004f1a                FTM0_IRQHandler
 .text.FTM1_IRQHandler
                0x00004f22        0x8 ./startup/startup_mk64f12.o
                0x00004f22                FTM1_IRQHandler
 .text.FTM2_IRQHandler
                0x00004f2a        0x8 ./startup/startup_mk64f12.o
                0x00004f2a                FTM2_IRQHandler
 .text.CMT_IRQHandler
                0x00004f32        0x8 ./startup/startup_mk64f12.o
                0x00004f32                CMT_IRQHandler
 .text.RTC_IRQHandler
                0x00004f3a        0x8 ./startup/startup_mk64f12.o
                0x00004f3a                RTC_IRQHandler
 .text.RTC_Seconds_IRQHandler
                0x00004f42        0x8 ./startup/startup_mk64f12.o
                0x00004f42                RTC_Seconds_IRQHandler
 .text.PIT0_IRQHandler
                0x00004f4a        0x8 ./startup/startup_mk64f12.o
                0x00004f4a                PIT0_IRQHandler
 .text.PIT1_IRQHandler
                0x00004f52        0x8 ./startup/startup_mk64f12.o
                0x00004f52                PIT1_IRQHandler
 .text.PIT2_IRQHandler
                0x00004f5a        0x8 ./startup/startup_mk64f12.o
                0x00004f5a                PIT2_IRQHandler
 .text.PIT3_IRQHandler
                0x00004f62        0x8 ./startup/startup_mk64f12.o
                0x00004f62                PIT3_IRQHandler
 .text.PDB0_IRQHandler
                0x00004f6a        0x8 ./startup/startup_mk64f12.o
                0x00004f6a                PDB0_IRQHandler
 .text.USB0_IRQHandler
                0x00004f72        0x8 ./startup/startup_mk64f12.o
                0x00004f72                USB0_IRQHandler
 .text.USBDCD_IRQHandler
                0x00004f7a        0x8 ./startup/startup_mk64f12.o
                0x00004f7a                USBDCD_IRQHandler
 .text.Reserved71_IRQHandler
                0x00004f82        0x8 ./startup/startup_mk64f12.o
                0x00004f82                Reserved71_IRQHandler
 .text.DAC0_IRQHandler
                0x00004f8a        0x8 ./startup/startup_mk64f12.o
                0x00004f8a                DAC0_IRQHandler
 .text.MCG_IRQHandler
                0x00004f92        0x8 ./startup/startup_mk64f12.o
                0x00004f92                MCG_IRQHandler
 .text.LPTMR0_IRQHandler
                0x00004f9a        0x8 ./startup/startup_mk64f12.o
                0x00004f9a                LPTMR0_IRQHandler
 .text.PORTA_IRQHandler
                0x00004fa2        0x8 ./startup/startup_mk64f12.o
                0x00004fa2                PORTA_IRQHandler
 .text.PORTB_IRQHandler
                0x00004faa        0x8 ./startup/startup_mk64f12.o
                0x00004faa                PORTB_IRQHandler
 .text.PORTC_IRQHandler
                0x00004fb2        0x8 ./startup/startup_mk64f12.o
                0x00004fb2                PORTC_IRQHandler
 .text.PORTD_IRQHandler
                0x00004fba        0x8 ./startup/startup_mk64f12.o
                0x00004fba                PORTD_IRQHandler
 .text.PORTE_IRQHandler
                0x00004fc2        0x8 ./startup/startup_mk64f12.o
                0x00004fc2                PORTE_IRQHandler
 .text.SWI_IRQHandler
                0x00004fca        0x8 ./startup/startup_mk64f12.o
                0x00004fca                SWI_IRQHandler
 .text.SPI2_IRQHandler
                0x00004fd2        0x8 ./startup/startup_mk64f12.o
                0x00004fd2                SPI2_IRQHandler
 .text.UART4_RX_TX_IRQHandler
                0x00004fda        0x8 ./startup/startup_mk64f12.o
                0x00004fda                UART4_RX_TX_IRQHandler
 .text.UART4_ERR_IRQHandler
                0x00004fe2        0x8 ./startup/startup_mk64f12.o
                0x00004fe2                UART4_ERR_IRQHandler
 .text.UART5_RX_TX_IRQHandler
                0x00004fea        0x8 ./startup/startup_mk64f12.o
                0x00004fea                UART5_RX_TX_IRQHandler
 .text.UART5_ERR_IRQHandler
                0x00004ff2        0x8 ./startup/startup_mk64f12.o
                0x00004ff2                UART5_ERR_IRQHandler
 .text.CMP2_IRQHandler
                0x00004ffa        0x8 ./startup/startup_mk64f12.o
                0x00004ffa                CMP2_IRQHandler
 .text.FTM3_IRQHandler
                0x00005002        0x8 ./startup/startup_mk64f12.o
                0x00005002                FTM3_IRQHandler
 .text.DAC1_IRQHandler
                0x0000500a        0x8 ./startup/startup_mk64f12.o
                0x0000500a                DAC1_IRQHandler
 .text.ADC1_IRQHandler
                0x00005012        0x8 ./startup/startup_mk64f12.o
                0x00005012                ADC1_IRQHandler
 .text.I2C2_IRQHandler
                0x0000501a        0x8 ./startup/startup_mk64f12.o
                0x0000501a                I2C2_IRQHandler
 .text.CAN0_ORed_Message_buffer_IRQHandler
                0x00005022        0x8 ./startup/startup_mk64f12.o
                0x00005022                CAN0_ORed_Message_buffer_IRQHandler
 .text.CAN0_Bus_Off_IRQHandler
                0x0000502a        0x8 ./startup/startup_mk64f12.o
                0x0000502a                CAN0_Bus_Off_IRQHandler
 .text.CAN0_Error_IRQHandler
                0x00005032        0x8 ./startup/startup_mk64f12.o
                0x00005032                CAN0_Error_IRQHandler
 .text.CAN0_Tx_Warning_IRQHandler
                0x0000503a        0x8 ./startup/startup_mk64f12.o
                0x0000503a                CAN0_Tx_Warning_IRQHandler
 .text.CAN0_Rx_Warning_IRQHandler
                0x00005042        0x8 ./startup/startup_mk64f12.o
                0x00005042                CAN0_Rx_Warning_IRQHandler
 .text.CAN0_Wake_Up_IRQHandler
                0x0000504a        0x8 ./startup/startup_mk64f12.o
                0x0000504a                CAN0_Wake_Up_IRQHandler
 .text.SDHC_IRQHandler
                0x00005052        0x8 ./startup/startup_mk64f12.o
                0x00005052                SDHC_IRQHandler
 .text.ENET_1588_Timer_IRQHandler
                0x0000505a        0x8 ./startup/startup_mk64f12.o
                0x0000505a                ENET_1588_Timer_IRQHandler
 .text.ENET_Transmit_IRQHandler
                0x00005062        0x8 ./startup/startup_mk64f12.o
                0x00005062                ENET_Transmit_IRQHandler
 .text.ENET_Receive_IRQHandler
                0x0000506a        0x8 ./startup/startup_mk64f12.o
                0x0000506a                ENET_Receive_IRQHandler
 .text.ENET_Error_IRQHandler
                0x00005072        0x8 ./startup/startup_mk64f12.o
                0x00005072                ENET_Error_IRQHandler
 .text.SYSMPU_Enable
                0x0000507a       0x38 ./source/cmsis_enet_txrx_transfer.o
 .text.ENET0_GetFreq
                0x000050b2       0x10 ./source/cmsis_enet_txrx_transfer.o
                0x000050b2                ENET0_GetFreq
 .text.HardFault_Handler
                0x000050c2       0x2c ./source/semihost_hardfault.o
                0x000050c2                HardFault_Handler
 .text.MDIO_Init
                0x000050ee       0x1a ./phy/fsl_phyksz8081.o
 .text.MDIO_Write
                0x00005108       0x28 ./phy/fsl_phyksz8081.o
 .text.MDIO_Read
                0x00005130       0x28 ./phy/fsl_phyksz8081.o
 .text.PHY_KSZ8081_Write
                0x00005158       0x26 ./phy/fsl_phyksz8081.o
                0x00005158                PHY_KSZ8081_Write
 .text.PHY_KSZ8081_Read
                0x0000517e       0x26 ./phy/fsl_phyksz8081.o
                0x0000517e                PHY_KSZ8081_Read
 .text.CLOCK_EnableClock
                0x000051a4       0x34 ./mdio/fsl_enet_mdio.o
 .text.ENET_ReadSMIData
                0x000051d8       0x1a ./mdio/fsl_enet_mdio.o
 .text.ENET_GetInterruptStatus
                0x000051f2       0x18 ./mdio/fsl_enet_mdio.o
 .text.ENET_ClearInterruptStatus
                0x0000520a       0x1c ./mdio/fsl_enet_mdio.o
 .text.ENET_MDIO_Write
                0x00005226       0x5c ./mdio/fsl_enet_mdio.o
 .text.ENET_MDIO_WaitTransferOver
                0x00005282       0x2a ./mdio/fsl_enet_mdio.o
 .text.OSC_SetExtRefClkConfig
                0x000052ac       0x34 ./drivers/fsl_clock.o
 .text.OSC_SetCapLoad
                0x000052e0       0x34 ./drivers/fsl_clock.o
 .text.CLOCK_GetPll0RefFreq
                0x00005314        0xe ./drivers/fsl_clock.o
 .text.CLOCK_GetFixedFreqClkFreq
                0x00005322       0x34 ./drivers/fsl_clock.o
                0x00005322                CLOCK_GetFixedFreqClkFreq
 .text.DelayLoop
                0x00005356       0x20 ./drivers/fsl_common_arm.o
 .text.CLOCK_EnableClock
                0x00005376       0x34 ./drivers/fsl_enet.o
 .text.CLOCK_DisableClock
                0x000053aa       0x38 ./drivers/fsl_enet.o
 .text.EnableIRQ
                0x000053e2       0x32 ./drivers/fsl_enet.o
 .text.DisableGlobalIRQ
                0x00005414       0x22 ./drivers/fsl_enet.o
 .text.EnableGlobalIRQ
                0x00005436       0x20 ./drivers/fsl_enet.o
 .text.ENET_Reset
                0x00005456       0x20 ./drivers/fsl_enet.o
 .text.ENET_GetSMI
                0x00005476       0x26 ./drivers/fsl_enet.o
 .text.ENET_EnableSleepMode
                0x0000549c       0x38 ./drivers/fsl_enet.o
 .text.ENET_EnableInterrupts
                0x000054d4       0x22 ./drivers/fsl_enet.o
 .text.ENET_SetMacAddr
                0x000054f6       0x5e ./drivers/fsl_enet.o
                0x000054f6                ENET_SetMacAddr
 .text.ENET_StartSMIWrite
                0x00005554       0x50 ./drivers/fsl_enet.o
                0x00005554                ENET_StartSMIWrite
 .text.ENET_StartSMIRead
                0x000055a4       0x4a ./drivers/fsl_enet.o
                0x000055a4                ENET_StartSMIRead
 .text.ENET_TxDirtyRingAvailable
                0x000055ee       0x2e ./drivers/fsl_enet.o
 .text.ENET_Reset
                0x0000561c       0x20 ./drivers/fsl_enet_cmsis.o
 .text.ENET_ReadSMIData
                0x0000563c       0x1a ./drivers/fsl_enet_cmsis.o
 .text.ENET_ActiveRead
                0x00005656       0x1c ./drivers/fsl_enet_cmsis.o
 .text.ENET_EnableSleepMode
                0x00005672       0x38 ./drivers/fsl_enet_cmsis.o
 .text.ENET_GetInterruptStatus
                0x000056aa       0x18 ./drivers/fsl_enet_cmsis.o
 .text.ENET_ClearInterruptStatus
                0x000056c2       0x1c ./drivers/fsl_enet_cmsis.o
 .text.ENETx_GetCapabilities
                0x000056de       0x46 ./drivers/fsl_enet_cmsis.o
 .text.ENET_CommonInitialize
                0x00005724       0x30 ./drivers/fsl_enet_cmsis.o
 .text.ENET_CommonUninitialize
                0x00005754       0x1c ./drivers/fsl_enet_cmsis.o
 .text.ENET_Phy_Write
                0x00005770       0x8a ./drivers/fsl_enet_cmsis.o
 .text.ENET_CommonSendFrame
                0x000057fa       0x78 ./drivers/fsl_enet_cmsis.o
 .text.ENET_CommonGetFrameSize
                0x00005872       0x4c ./drivers/fsl_enet_cmsis.o
 .text.ENET_CommonReadFrame
                0x000058be       0x3e ./drivers/fsl_enet_cmsis.o
 .text.ENET0_SetAddressFilter
                0x000058fc       0x1a ./drivers/fsl_enet_cmsis.o
 .text.ENET0_GetRxFrameTime
                0x00005916       0x18 ./drivers/fsl_enet_cmsis.o
 .text.ENET0_GetTxFrameTime
                0x0000592e       0x18 ./drivers/fsl_enet_cmsis.o
 .text.ENET0_ControlTimer
                0x00005946       0x1a ./drivers/fsl_enet_cmsis.o
 .text.CLOCK_EnableClock
                0x00005960       0x34 ./drivers/fsl_enet_phy_cmsis.o
 .text.PHY_Init
                0x00005994       0x20 ./drivers/fsl_enet_phy_cmsis.o
 .text.PHY_Write
                0x000059b4       0x24 ./drivers/fsl_enet_phy_cmsis.o
 .text.PHY_Read
                0x000059d8       0x24 ./drivers/fsl_enet_phy_cmsis.o
 .text.PHY_GetAutoNegotiationStatus
                0x000059fc       0x20 ./drivers/fsl_enet_phy_cmsis.o
 .text.PHY_GetLinkStatus
                0x00005a1c       0x20 ./drivers/fsl_enet_phy_cmsis.o
 .text.PHY_GetLinkSpeedDuplex
                0x00005a3c       0x24 ./drivers/fsl_enet_phy_cmsis.o
 .text.PHY_EnableLoopback
                0x00005a60       0x34 ./drivers/fsl_enet_phy_cmsis.o
 .text.PHY0_Initialize
                0x00005a94       0x18 ./drivers/fsl_enet_phy_cmsis.o
 .text.PHY0_UnInitialize
                0x00005aac       0x10 ./drivers/fsl_enet_phy_cmsis.o
 .text.PHY0_SetInterface
                0x00005abc       0x26 ./drivers/fsl_enet_phy_cmsis.o
 .text.CLOCK_EnableClock
                0x00005ae2       0x34 ./drivers/fsl_uart.o
 .text.UART_GetStatusFlags
                0x00005b16       0x48 ./drivers/fsl_uart.o
                0x00005b16                UART_GetStatusFlags
 .text.UART_ClearStatusFlags
                0x00005b5e       0x80 ./drivers/fsl_uart.o
                0x00005b5e                UART_ClearStatusFlags
 .text.UART_WriteBlocking
                0x00005bde       0x50 ./drivers/fsl_uart.o
                0x00005bde                UART_WriteBlocking
 .text.UART0_RX_TX_DriverIRQHandler
                0x00005c2e       0x12 ./drivers/fsl_uart.o
                0x00005c2e                UART0_RX_TX_DriverIRQHandler
 .text.UART1_RX_TX_DriverIRQHandler
                0x00005c40       0x12 ./drivers/fsl_uart.o
                0x00005c40                UART1_RX_TX_DriverIRQHandler
 .text.UART2_RX_TX_DriverIRQHandler
                0x00005c52       0x12 ./drivers/fsl_uart.o
                0x00005c52                UART2_RX_TX_DriverIRQHandler
 .text.UART3_RX_TX_DriverIRQHandler
                0x00005c64       0x12 ./drivers/fsl_uart.o
                0x00005c64                UART3_RX_TX_DriverIRQHandler
 .text.UART4_RX_TX_DriverIRQHandler
                0x00005c76       0x12 ./drivers/fsl_uart.o
                0x00005c76                UART4_RX_TX_DriverIRQHandler
 .text.UART5_RX_TX_DriverIRQHandler
                0x00005c88       0x12 ./drivers/fsl_uart.o
                0x00005c88                UART5_RX_TX_DriverIRQHandler
 .text.SystemInitHook
                0x00005c9a        0xe ./device/system_MK64F12.o
                0x00005c9a                SystemInitHook
 .text.HAL_UartGetStatus
                0x00005ca8       0x22 ./component/uart/fsl_adapter_uart.o
 .text.BOARD_InitDebugConsole
                0x00005cca       0x22 ./board/board.o
                0x00005cca                BOARD_InitDebugConsole
 .text.CLOCK_EnableClock
                0x00005cec       0x34 ./board/pin_mux.o
 .text.PORT_SetPinMux
                0x00005d20       0x3a ./board/pin_mux.o
 .text.ENET0_DeinitPins
                0x00005d5a        0xe ./board/pin_mux.o
                0x00005d5a                ENET0_DeinitPins
 .text.__main   0x00005d68        0xe c:/nxp/mcuxpressoide_11.6.1_8255/ide/plugins/com.nxp.mcuxpresso.tools.win32_11.6.1.202207200623/tools/bin/../lib/gcc/arm-none-eabi/10.3.1/../../../../arm-none-eabi/lib/thumb/v7e-m+fp/hard\libcr_nohost_nf.a(_cr__main.o)
                0x00005d68                __main
 .text.memcpy   0x00005d76        0x4 c:/nxp/mcuxpressoide_11.6.1_8255/ide/plugins/com.nxp.mcuxpresso.tools.win32_11.6.1.202207200623/tools/bin/../lib/gcc/arm-none-eabi/10.3.1/../../../../arm-none-eabi/lib/thumb/v7e-m+fp/hard\libcr_c.a(memcpy.o)
                0x00005d76                memcpy
 .text.memset   0x00005d7a        0x4 c:/nxp/mcuxpressoide_11.6.1_8255/ide/plugins/com.nxp.mcuxpresso.tools.win32_11.6.1.202207200623/tools/bin/../lib/gcc/arm-none-eabi/10.3.1/../../../../arm-none-eabi/lib/thumb/v7e-m+fp/hard\libcr_c.a(memset.o)
                0x00005d7a                memset
 .text.free     0x00005d7e       0x30 c:/nxp/mcuxpressoide_11.6.1_8255/ide/plugins/com.nxp.mcuxpresso.tools.win32_11.6.1.202207200623/tools/bin/../lib/gcc/arm-none-eabi/10.3.1/../../../../arm-none-eabi/lib/thumb/v7e-m+fp/hard\libcr_c.a(alloc.o)
                0x00005d7e                free
 .text.setvbuf  0x00005dae       0x3e c:/nxp/mcuxpressoide_11.6.1_8255/ide/plugins/com.nxp.mcuxpresso.tools.win32_11.6.1.202207200623/tools/bin/../lib/gcc/arm-none-eabi/10.3.1/../../../../arm-none-eabi/lib/thumb/v7e-m+fp/hard\libcr_c.a(setvbuf.o)
                0x00005dae                setvbuf
 .text.strlen   0x00005dec       0x48 c:/nxp/mcuxpressoide_11.6.1_8255/ide/plugins/com.nxp.mcuxpresso.tools.win32_11.6.1.202207200623/tools/bin/../lib/gcc/arm-none-eabi/10.3.1/../../../../arm-none-eabi/lib/thumb/v7e-m+fp/hard\libcr_c.a(strlen.o)
                0x00005dec                strlen
 .text._fdopen  0x00005e34       0x68 c:/nxp/mcuxpressoide_11.6.1_8255/ide/plugins/com.nxp.mcuxpresso.tools.win32_11.6.1.202207200623/tools/bin/../lib/gcc/arm-none-eabi/10.3.1/../../../../arm-none-eabi/lib/thumb/v7e-m+fp/hard\libcr_c.a(_fdopen.o)
                0x00005e34                _fdopen
 .text.fclose   0x00005e9c       0x58 c:/nxp/mcuxpressoide_11.6.1_8255/ide/plugins/com.nxp.mcuxpresso.tools.win32_11.6.1.202207200623/tools/bin/../lib/gcc/arm-none-eabi/10.3.1/../../../../arm-none-eabi/lib/thumb/v7e-m+fp/hard\libcr_c.a(fclose.o)
                0x00005e9c                fclose
 .text.remove   0x00005ef4       0x14 c:/nxp/mcuxpressoide_11.6.1_8255/ide/plugins/com.nxp.mcuxpresso.tools.win32_11.6.1.202207200623/tools/bin/../lib/gcc/arm-none-eabi/10.3.1/../../../../arm-none-eabi/lib/thumb/v7e-m+fp/hard\libcr_c.a(remove.o)
                0x00005ef4                remove
 .text._do_fflush
                0x00005f08       0x40 c:/nxp/mcuxpressoide_11.6.1_8255/ide/plugins/com.nxp.mcuxpresso.tools.win32_11.6.1.202207200623/tools/bin/../lib/gcc/arm-none-eabi/10.3.1/../../../../arm-none-eabi/lib/thumb/v7e-m+fp/hard\libcr_c.a(_do_fflush.o)
                0x00005f08                _do_fflush
 .text._fflush  0x00005f48       0x52 c:/nxp/mcuxpressoide_11.6.1_8255/ide/plugins/com.nxp.mcuxpresso.tools.win32_11.6.1.202207200623/tools/bin/../lib/gcc/arm-none-eabi/10.3.1/../../../../arm-none-eabi/lib/thumb/v7e-m+fp/hard\libcr_c.a(_fflush.o)
                0x00005f48                _fflush
 .text._deferredlazyseek
                0x00005f9a       0x40 c:/nxp/mcuxpressoide_11.6.1_8255/ide/plugins/com.nxp.mcuxpresso.tools.win32_11.6.1.202207200623/tools/bin/../lib/gcc/arm-none-eabi/10.3.1/../../../../arm-none-eabi/lib/thumb/v7e-m+fp/hard\libcr_c.a(_deferredlazyseek.o)
                0x00005f9a                _deferredlazyseek
 .text.__aeabi_division_uldivmod
                0x00005fda      0x174 c:/nxp/mcuxpressoide_11.6.1_8255/ide/plugins/com.nxp.mcuxpresso.tools.win32_11.6.1.202207200623/tools/bin/../lib/gcc/arm-none-eabi/10.3.1/thumb/v7e-m+fp/hard\libcr_eabihelpers.a(division_64.o)
                0x00005fda                __aeabi_uldivmod
                0x00005fde                __bhs_ldivmod1
 .text.__aeabi_division_idiv0
                0x0000614e        0x2 c:/nxp/mcuxpressoide_11.6.1_8255/ide/plugins/com.nxp.mcuxpresso.tools.win32_11.6.1.202207200623/tools/bin/../lib/gcc/arm-none-eabi/10.3.1/thumb/v7e-m+fp/hard\libcr_eabihelpers.a(division_idiv0.o)
                0x0000614e                __aeabi_idiv0
 .text.__aeabi_memcpy
                0x00006150       0x34 c:/nxp/mcuxpressoide_11.6.1_8255/ide/plugins/com.nxp.mcuxpresso.tools.win32_11.6.1.202207200623/tools/bin/../lib/gcc/arm-none-eabi/10.3.1/thumb/v7e-m+fp/hard\libcr_eabihelpers.a(memcpy.o)
                0x00006150                __aeabi_memcpy
                0x0000615a                __aeabi_memcpy8
                0x0000615a                __aeabi_memcpy4
 .text.__aeabi_memset_lowlevel
                0x00006184       0x32 c:/nxp/mcuxpressoide_11.6.1_8255/ide/plugins/com.nxp.mcuxpresso.tools.win32_11.6.1.202207200623/tools/bin/../lib/gcc/arm-none-eabi/10.3.1/thumb/v7e-m+fp/hard\libcr_eabihelpers.a(memcpy.o)
                0x00006184                __aeabi_lowlevel_memset
 .text.__sys_close
                0x000061b6        0x6 c:/nxp/mcuxpressoide_11.6.1_8255/ide/plugins/com.nxp.mcuxpresso.tools.win32_11.6.1.202207200623/tools/bin/../lib/gcc/arm-none-eabi/10.3.1/../../../../arm-none-eabi/lib/thumb/v7e-m+fp/hard\libcr_nohost_nf.a(__sys_close.o)
                0x000061b6                __sys_close
 .text.__sys_flen
                0x000061bc        0x6 c:/nxp/mcuxpressoide_11.6.1_8255/ide/plugins/com.nxp.mcuxpresso.tools.win32_11.6.1.202207200623/tools/bin/../lib/gcc/arm-none-eabi/10.3.1/../../../../arm-none-eabi/lib/thumb/v7e-m+fp/hard\libcr_nohost_nf.a(__sys_flen.o)
                0x000061bc                __sys_flen
 .text.__sys_istty
                0x000061c2        0x6 c:/nxp/mcuxpressoide_11.6.1_8255/ide/plugins/com.nxp.mcuxpresso.tools.win32_11.6.1.202207200623/tools/bin/../lib/gcc/arm-none-eabi/10.3.1/../../../../arm-none-eabi/lib/thumb/v7e-m+fp/hard\libcr_nohost_nf.a(__sys_istty.o)
                0x000061c2                __sys_istty
 .text.__sys_remove
                0x000061c8        0x6 c:/nxp/mcuxpressoide_11.6.1_8255/ide/plugins/com.nxp.mcuxpresso.tools.win32_11.6.1.202207200623/tools/bin/../lib/gcc/arm-none-eabi/10.3.1/../../../../arm-none-eabi/lib/thumb/v7e-m+fp/hard\libcr_nohost_nf.a(__sys_remove.o)
                0x000061c8                __sys_remove
 .text.__sys_seek
                0x000061ce        0x6 c:/nxp/mcuxpressoide_11.6.1_8255/ide/plugins/com.nxp.mcuxpresso.tools.win32_11.6.1.202207200623/tools/bin/../lib/gcc/arm-none-eabi/10.3.1/../../../../arm-none-eabi/lib/thumb/v7e-m+fp/hard\libcr_nohost_nf.a(__sys_seek.o)
                0x000061ce                __sys_seek
 .text.__sys_tmpnam
                0x000061d4        0x6 c:/nxp/mcuxpressoide_11.6.1_8255/ide/plugins/com.nxp.mcuxpresso.tools.win32_11.6.1.202207200623/tools/bin/../lib/gcc/arm-none-eabi/10.3.1/../../../../arm-none-eabi/lib/thumb/v7e-m+fp/hard\libcr_nohost_nf.a(__sys_tmpnam.o)
                0x000061d4                __sys_tmpnam
 .text.__sys_write
                0x000061da        0x4 c:/nxp/mcuxpressoide_11.6.1_8255/ide/plugins/com.nxp.mcuxpresso.tools.win32_11.6.1.202207200623/tools/bin/../lib/gcc/arm-none-eabi/10.3.1/../../../../arm-none-eabi/lib/thumb/v7e-m+fp/hard\libcr_nohost_nf.a(__sys_write.o)
                0x000061da                __sys_write
 *(SORT_BY_ALIGNMENT(.rodata) SORT_BY_ALIGNMENT(.rodata.*) SORT_BY_ALIGNMENT(.constdata) SORT_BY_ALIGNMENT(.constdata.*))
 *fill*         0x000061de        0x2 ff
 .rodata.__assertion_failed.str1.4
                0x000061e0       0x14 ./utilities/fsl_assert.o
 .rodata.main.str1.4
                0x000061f4      0x124 ./source/cmsis_enet_txrx_transfer.o
 .rodata.phyksz8081_ops
                0x00006318       0x20 ./phy/fsl_phyksz8081.o
                0x00006318                phyksz8081_ops
 .rodata.PHY_KSZ8081_Init.str1.4
                0x00006338       0x37 ./phy/fsl_phyksz8081.o
 *fill*         0x0000636f        0x1 ff
 .rodata.PHY_KSZ8081_GetAutoNegotiationStatus.str1.4
                0x00006370       0x1e ./phy/fsl_phyksz8081.o
 *fill*         0x0000638e        0x2 ff
 .rodata.PHY_KSZ8081_GetLinkStatus.str1.4
                0x00006390       0x1e ./phy/fsl_phyksz8081.o
 *fill*         0x000063ae        0x2 ff
 .rodata.PHY_KSZ8081_GetLinkSpeedDuplex.str1.4
                0x000063b0       0x3e ./phy/fsl_phyksz8081.o
 *fill*         0x000063ee        0x2 ff
 .rodata.PHY_KSZ8081_SetLinkSpeedDuplex.str1.4
                0x000063f0       0x2f ./phy/fsl_phyksz8081.o
 *fill*         0x0000641f        0x1 ff
 .rodata.PHY_KSZ8081_EnableLoopback.str1.4
                0x00006420       0x8f ./phy/fsl_phyksz8081.o
 *fill*         0x000064af        0x1 ff
 .rodata.enet_ops
                0x000064b0       0x14 ./mdio/fsl_enet_mdio.o
                0x000064b0                enet_ops
 .rodata.ENET_MDIO_Read.str1.4
                0x000064c4       0x25 ./mdio/fsl_enet_mdio.o
 *fill*         0x000064e9        0x3 ff
 .rodata.CLOCK_GetMcgExtClkFreq.str1.4
                0x000064ec       0x49 ./drivers/fsl_clock.o
 *fill*         0x00006535        0x3 ff
 .rodata.CLOCK_GetOsc0ErClkFreq.str1.4
                0x00006538       0x1e ./drivers/fsl_clock.o
 *fill*         0x00006556        0x2 ff
 .rodata.CLOCK_GetEr32kClkFreq.str1.4
                0x00006558       0x1f ./drivers/fsl_clock.o
 *fill*         0x00006577        0x1 ff
 .rodata.CLOCK_GetPll0Freq.str1.4
                0x00006578       0x1d ./drivers/fsl_clock.o
 *fill*         0x00006595        0x3 ff
 .rodata.CLOCK_EnablePll0.str1.4
                0x00006598       0x1a ./drivers/fsl_clock.o
 *fill*         0x000065b2        0x2 ff
 .rodata.CLOCK_SetPbeMode.str1.4
                0x000065b4       0x1a ./drivers/fsl_clock.o
 *fill*         0x000065ce        0x2 ff
 .rodata.CLOCK_BootToPeeMode.str1.4
                0x000065d0       0x1a ./drivers/fsl_clock.o
 *fill*         0x000065ea        0x2 ff
 .rodata.fllFactorTable.1
                0x000065ec       0x10 ./drivers/fsl_clock.o
 .rodata.SDK_DelayAtLeastUs.str1.4
                0x000065fc       0x2b ./drivers/fsl_common_arm.o
 *fill*         0x00006627        0x1 ff
 .rodata.EDMA_HandleIRQ.str1.4
                0x00006628       0x21 ./drivers/fsl_edma.o
 *fill*         0x00006649        0x3 ff
 .rodata.s_enetClock
                0x0000664c        0x4 ./drivers/fsl_enet.o
                0x0000664c                s_enetClock
 .rodata.ENET_GetInstance.str1.4
                0x00006650       0x34 ./drivers/fsl_enet.o
 .rodata.ENET_GetDefaultConfig.str1.4
                0x00006684       0x20 ./drivers/fsl_enet.o
 .rodata.ENET_Up.str1.4
                0x000066a4       0xe0 ./drivers/fsl_enet.o
 .rodata.ENET_SetCallback.str1.4
                0x00006784       0x20 ./drivers/fsl_enet.o
 .rodata.ENET_SetHandler.str1.4
                0x000067a4       0x58 ./drivers/fsl_enet.o
 .rodata.ENET_SetTxBufferDescriptors.str1.4
                0x000067fc       0x46 ./drivers/fsl_enet.o
 *fill*         0x00006842        0x2 ff
 .rodata.ENET_SetRxBufferDescriptors.str1.4
                0x00006844       0x8c ./drivers/fsl_enet.o
 .rodata.ENET_RxBufferAllocAll.str1.4
                0x000068d0       0x6b ./drivers/fsl_enet.o
 *fill*         0x0000693b        0x1 ff
 .rodata.ENET_RxBufferFreeAll.str1.4
                0x0000693c       0x67 ./drivers/fsl_enet.o
 *fill*         0x000069a3        0x1 ff
 .rodata.ENET_ActiveReadRing.str1.4
                0x000069a4       0x64 ./drivers/fsl_enet.o
 .rodata.ENET_ActiveSendRing.str1.4
                0x00006a08       0x4b ./drivers/fsl_enet.o
 *fill*         0x00006a53        0x1 ff
 .rodata.ENET_GetMacAddr.str1.4
                0x00006a54       0x22 ./drivers/fsl_enet.o
 *fill*         0x00006a76        0x2 ff
 .rodata.ENET_SetSMI.str1.4
                0x00006a78       0x45 ./drivers/fsl_enet.o
 *fill*         0x00006abd        0x3 ff
 .rodata.ENET_IncreaseIndex.str1.4
                0x00006ac0       0x1e ./drivers/fsl_enet.o
 *fill*         0x00006ade        0x2 ff
 .rodata.ENET_GetRxFrameSize.str1.4
                0x00006ae0       0x83 ./drivers/fsl_enet.o
 *fill*         0x00006b63        0x1 ff
 .rodata.ENET_ReadFrame.str1.4
                0x00006b64       0x6f ./drivers/fsl_enet.o
 *fill*         0x00006bd3        0x1 ff
 .rodata.ENET_UpdateReadBuffers.str1.4
                0x00006bd4       0x6f ./drivers/fsl_enet.o
 *fill*         0x00006c43        0x1 ff
 .rodata.ENET_SendFrame.str1.4
                0x00006c44       0x8f ./drivers/fsl_enet.o
 *fill*         0x00006cd3        0x1 ff
 .rodata.ENET_ReclaimTxDescriptor.str1.4
                0x00006cd4       0x4b ./drivers/fsl_enet.o
 *fill*         0x00006d1f        0x1 ff
 .rodata.ENET_TransmitIRQHandler.str1.4
                0x00006d20       0x21 ./drivers/fsl_enet.o
 *fill*         0x00006d41        0x3 ff
 .rodata.ENET_ReceiveIRQHandler.str1.4
                0x00006d44       0x21 ./drivers/fsl_enet.o
 *fill*         0x00006d65        0x3 ff
 .rodata.ENET_ErrorIRQHandler.str1.4
                0x00006d68       0x21 ./drivers/fsl_enet.o
 *fill*         0x00006d89        0x3 ff
 .rodata.s_enetDriverVersion
                0x00006d8c        0x4 ./drivers/fsl_enet_cmsis.o
 .rodata.ENET_Phy_Read.str1.4
                0x00006d90       0x1c ./drivers/fsl_enet_cmsis.o
 .rodata.ENET0_Resource
                0x00006dac        0x8 ./drivers/fsl_enet_cmsis.o
 .rodata.Driver_ETH_MAC0
                0x00006db4       0x44 ./drivers/fsl_enet_cmsis.o
                0x00006db4                Driver_ETH_MAC0
 .rodata.s_phyDriverVersion
                0x00006df8        0x4 ./drivers/fsl_enet_phy_cmsis.o
 .rodata.ENETPHY0_Resource
                0x00006dfc        0xc ./drivers/fsl_enet_phy_cmsis.o
 .rodata.Driver_ETH_PHY0
                0x00006e08       0x20 ./drivers/fsl_enet_phy_cmsis.o
                0x00006e08                Driver_ETH_PHY0
 .rodata.s_uartBases
                0x00006e28       0x18 ./drivers/fsl_uart.o
 .rodata.s_uartClock
                0x00006e40       0x18 ./drivers/fsl_uart.o
 .rodata.UART_GetInstance.str1.4
                0x00006e58       0x2b ./drivers/fsl_uart.o
 *fill*         0x00006e83        0x1 ff
 .rodata.UART_Init.str1.4
                0x00006e84       0xfb ./drivers/fsl_uart.o
 *fill*         0x00006f7f        0x1 ff
 .rodata.UART_GetDefaultConfig.str1.4
                0x00006f80       0x20 ./drivers/fsl_uart.o
 .rodata.UART_ReadBlocking.str1.4
                0x00006fa0       0x1e ./drivers/fsl_uart.o
 *fill*         0x00006fbe        0x2 ff
 .rodata.s_UartAdapterBase
                0x00006fc0       0x18 ./component/uart/fsl_adapter_uart.o
 .rodata.HAL_UartInit.str1.4
                0x00006fd8       0xdd ./component/uart/fsl_adapter_uart.o
 *fill*         0x000070b5        0x3 ff
 .rodata.HAL_UartReceiveBlocking.str1.4
                0x000070b8       0x60 ./component/uart/fsl_adapter_uart.o
 .rodata.HAL_UartSendBlocking.str1.4
                0x00007118       0x60 ./component/uart/fsl_adapter_uart.o
 .rodata.mcgConfig_BOARD_BootClockRUN
                0x00007178        0xb ./board/clock_config.o
                0x00007178                mcgConfig_BOARD_BootClockRUN
 *fill*         0x00007183        0x1 ff
 .rodata.simConfig_BOARD_BootClockRUN
                0x00007184        0x8 ./board/clock_config.o
                0x00007184                simConfig_BOARD_BootClockRUN
 .rodata.oscConfig_BOARD_BootClockRUN
                0x0000718c        0x8 ./board/clock_config.o
                0x0000718c                oscConfig_BOARD_BootClockRUN
 .rodata.PORT_SetPinConfig.str1.4
                0x00007194       0x7f ./board/pin_mux.o
 *fill*         0x00007213        0x1 ff
 .rodata.__num_Ciob_streams
                0x00007214        0x4 c:/nxp/mcuxpressoide_11.6.1_8255/ide/plugins/com.nxp.mcuxpresso.tools.win32_11.6.1.202207200623/tools/bin/../lib/gcc/arm-none-eabi/10.3.1/../../../../arm-none-eabi/lib/thumb/v7e-m+fp/hard\libcr_nohost_nf.a(__ciob.o)
                0x00007214                __num_Ciob_streams
 .rodata._initio.str1.1
                0x00007218        0x4 c:/nxp/mcuxpressoide_11.6.1_8255/ide/plugins/com.nxp.mcuxpresso.tools.win32_11.6.1.202207200623/tools/bin/../lib/gcc/arm-none-eabi/10.3.1/../../../../arm-none-eabi/lib/thumb/v7e-m+fp/hard\libcr_c.a(initio.o)
                0x00007220                . = ALIGN (0x8)
 *fill*         0x0000721c        0x4 ff
                0x00007220                _etext = .

.glue_7         0x00007220        0x0
 .glue_7        0x00007220        0x0 linker stubs

.glue_7t        0x00007220        0x0
 .glue_7t       0x00007220        0x0 linker stubs

.vfp11_veneer   0x00007220        0x0
 .vfp11_veneer  0x00007220        0x0 linker stubs

.v4_bx          0x00007220        0x0
 .v4_bx         0x00007220        0x0 linker stubs

.iplt           0x00007220        0x0
 .iplt          0x00007220        0x0 ./utilities/fsl_assert.o

.rel.dyn        0x00007220        0x0
 .rel.iplt      0x00007220        0x0 ./utilities/fsl_assert.o

.m_usb_data
 *(SORT_BY_ALIGNMENT(m_usb_bdt))

.data_RAM2      0x1fff0000        0x0 load address 0x00007220
 FILL mask 0xff
                [!provide]                PROVIDE (__start_data_RAM2 = .)
                [!provide]                PROVIDE (__start_data_SRAM_LOWER = .)
 *(SORT_BY_ALIGNMENT(.ramfunc.$RAM2))
 *(SORT_BY_ALIGNMENT(.ramfunc.$SRAM_LOWER))
 *(SORT_BY_ALIGNMENT(.data.$RAM2))
 *(SORT_BY_ALIGNMENT(.data.$SRAM_LOWER))
 *(SORT_BY_ALIGNMENT(.data.$RAM2.*))
 *(SORT_BY_ALIGNMENT(.data.$SRAM_LOWER.*))
                0x1fff0000                . = ALIGN (0x8)
                [!provide]                PROVIDE (__end_data_RAM2 = .)
                [!provide]                PROVIDE (__end_data_SRAM_LOWER = .)

.data_RAM3      0x14000000        0x0 load address 0x00007220
 FILL mask 0xff
                [!provide]                PROVIDE (__start_data_RAM3 = .)
                [!provide]                PROVIDE (__start_data_FLEX_RAM = .)
 *(SORT_BY_ALIGNMENT(.ramfunc.$RAM3))
 *(SORT_BY_ALIGNMENT(.ramfunc.$FLEX_RAM))
 *(SORT_BY_ALIGNMENT(.data.$RAM3))
 *(SORT_BY_ALIGNMENT(.data.$FLEX_RAM))
 *(SORT_BY_ALIGNMENT(.data.$RAM3.*))
 *(SORT_BY_ALIGNMENT(.data.$FLEX_RAM.*))
                0x14000000                . = ALIGN (0x8)
                [!provide]                PROVIDE (__end_data_RAM3 = .)
                [!provide]                PROVIDE (__end_data_FLEX_RAM = .)

.uninit_RESERVED
                0x20000000        0x0
                0x20000000                _start_uninit_RESERVED = .
 *(SORT_BY_ALIGNMENT(.bss.$RESERVED*))
                0x20000000                . = ALIGN (0x8)
                0x20000000                _end_uninit_RESERVED = .

.data           0x20000000       0x78 load address 0x00007220
 FILL mask 0xff
                0x20000000                _data = .
                [!provide]                PROVIDE (__start_data_RAM = .)
                [!provide]                PROVIDE (__start_data_SRAM_UPPER = .)
 *(SORT_BY_ALIGNMENT(vtable))
 *(SORT_BY_ALIGNMENT(.ramfunc*))
 *(SORT_BY_ALIGNMENT(CodeQuickAccess))
 *(SORT_BY_ALIGNMENT(DataQuickAccess))
 *(SORT_BY_ALIGNMENT(RamFunction))
 *(SORT_BY_ALIGNMENT(.data*))
 .data.g_macAddr
                0x20000000        0x6 ./source/cmsis_enet_txrx_transfer.o
                0x20000000                g_macAddr
 *fill*         0x20000006        0x2 ff
 .data.g_pc_macAddr
                0x20000008        0x6 ./source/cmsis_enet_txrx_transfer.o
                0x20000008                g_pc_macAddr
 *fill*         0x2000000e        0x2 ff
 .data.mdioHandle
                0x20000010        0xc ./source/cmsis_enet_txrx_transfer.o
                0x20000010                mdioHandle
 .data.phyHandle
                0x2000001c        0xc ./source/cmsis_enet_txrx_transfer.o
                0x2000001c                phyHandle
 .data.s_slowIrcFreq
                0x20000028        0x4 ./drivers/fsl_clock.o
 .data.s_fastIrcFreq
                0x2000002c        0x4 ./drivers/fsl_clock.o
 .data.ENET0_BuffConfig
                0x20000030       0x20 ./drivers/fsl_enet_cmsis.o
 .data.ENET0_DriverState
                0x20000050       0x18 ./drivers/fsl_enet_cmsis.o
 .data.ENETPHY0_State
                0x20000068        0x8 ./drivers/fsl_enet_phy_cmsis.o
 .data.SystemCoreClock
                0x20000070        0x4 ./device/system_MK64F12.o
                0x20000070                SystemCoreClock
                0x20000078                . = ALIGN (0x8)
 *fill*         0x20000074        0x4 ff
                0x20000078                _edata = .
                [!provide]                PROVIDE (__end_data_RAM = .)
                [!provide]                PROVIDE (__end_data_SRAM_UPPER = .)

.igot.plt       0x20000078        0x0 load address 0x00007298
 .igot.plt      0x20000078        0x0 ./utilities/fsl_assert.o

.bss_RAM2       0x1fff0000        0x0
                [!provide]                PROVIDE (__start_bss_RAM2 = .)
                [!provide]                PROVIDE (__start_bss_SRAM_LOWER = .)
 *(SORT_BY_ALIGNMENT(.bss.$RAM2))
 *(SORT_BY_ALIGNMENT(.bss.$SRAM_LOWER))
 *(SORT_BY_ALIGNMENT(.bss.$RAM2.*))
 *(SORT_BY_ALIGNMENT(.bss.$SRAM_LOWER.*))
                0x1fff0000                . = ALIGN ((. != 0x0)?0x8:0x1)
                [!provide]                PROVIDE (__end_bss_RAM2 = .)
                [!provide]                PROVIDE (__end_bss_SRAM_LOWER = .)

.bss_RAM3       0x14000000        0x0
                [!provide]                PROVIDE (__start_bss_RAM3 = .)
                [!provide]                PROVIDE (__start_bss_FLEX_RAM = .)
 *(SORT_BY_ALIGNMENT(.bss.$RAM3))
 *(SORT_BY_ALIGNMENT(.bss.$FLEX_RAM))
 *(SORT_BY_ALIGNMENT(.bss.$RAM3.*))
 *(SORT_BY_ALIGNMENT(.bss.$FLEX_RAM.*))
                0x14000000                . = ALIGN ((. != 0x0)?0x8:0x1)
                [!provide]                PROVIDE (__end_bss_RAM3 = .)
                [!provide]                PROVIDE (__end_bss_FLEX_RAM = .)

.bss            0x20000080     0x3598
                0x20000080                _bss = .
                [!provide]                PROVIDE (__start_bss_RAM = .)
                [!provide]                PROVIDE (__start_bss_SRAM_UPPER = .)
 *(SORT_BY_ALIGNMENT(.bss*))
 .bss.g_rxBuffDescrip
                0x20000080       0x20 ./drivers/fsl_enet_cmsis.o
 .bss.g_txBuffDescrip
                0x200000a0       0x20 ./drivers/fsl_enet_cmsis.o
 .bss.g_rxDataBuff
                0x200000c0     0x17c0 ./drivers/fsl_enet_cmsis.o
 .bss.g_txDataBuff
                0x20001880     0x17c0 ./drivers/fsl_enet_cmsis.o
 .bss.s_debugConsole
                0x20003040       0x14 ./utilities/fsl_debug_console.o
 .bss.g_frame   0x20003054      0x3f6 ./source/cmsis_enet_txrx_transfer.o
                0x20003054                g_frame
 *fill*         0x2000344a        0x2 
 .bss.g_testTxNum
                0x2000344c        0x4 ./source/cmsis_enet_txrx_transfer.o
                0x2000344c                g_testTxNum
 .bss.g_rxIndex
                0x20003450        0x4 ./source/cmsis_enet_txrx_transfer.o
                0x20003450                g_rxIndex
 .bss.g_rxCheckIdx
                0x20003454        0x4 ./source/cmsis_enet_txrx_transfer.o
                0x20003454                g_rxCheckIdx
 .bss.g_txCheckIdx
                0x20003458        0x4 ./source/cmsis_enet_txrx_transfer.o
                0x20003458                g_txCheckIdx
 .bss.g_xtal0Freq
                0x2000345c        0x4 ./drivers/fsl_clock.o
                0x2000345c                g_xtal0Freq
 .bss.g_xtal32Freq
                0x20003460        0x4 ./drivers/fsl_clock.o
                0x20003460                g_xtal32Freq
 .bss.s_EDMAHandle
                0x20003464       0x40 ./drivers/fsl_edma.o
 .bss.s_ENETHandle
                0x200034a4        0x4 ./drivers/fsl_enet.o
 .bss.s_enetTxIsr
                0x200034a8        0x4 ./drivers/fsl_enet.o
 .bss.s_enetRxIsr
                0x200034ac        0x4 ./drivers/fsl_enet.o
 .bss.s_enetErrIsr
                0x200034b0        0x4 ./drivers/fsl_enet.o
 .bss.s_enet1588TimerIsr
                0x200034b4        0x4 ./drivers/fsl_enet.o
 .bss.ENET0_Handle
                0x200034b8       0x84 ./drivers/fsl_enet_cmsis.o
 .bss.s_uartHandle
                0x2000353c       0x18 ./drivers/fsl_uart.o
                0x2000353c                s_uartHandle
 .bss.s_uartIsr
                0x20003554        0x4 ./drivers/fsl_uart.o
                0x20003554                s_uartIsr
 .bss.__end_of_heap
                0x20003558        0x4 c:/nxp/mcuxpressoide_11.6.1_8255/ide/plugins/com.nxp.mcuxpresso.tools.win32_11.6.1.202207200623/tools/bin/../lib/gcc/arm-none-eabi/10.3.1/../../../../arm-none-eabi/lib/thumb/v7e-m+fp/hard\libcr_c.a(__init_alloc.o)
                0x20003558                __end_of_heap
 .bss.__heaps   0x2000355c        0x4 c:/nxp/mcuxpressoide_11.6.1_8255/ide/plugins/com.nxp.mcuxpresso.tools.win32_11.6.1.202207200623/tools/bin/../lib/gcc/arm-none-eabi/10.3.1/../../../../arm-none-eabi/lib/thumb/v7e-m+fp/hard\libcr_c.a(__init_alloc.o)
                0x2000355c                __heaps
 .bss.errno     0x20003560        0x4 c:/nxp/mcuxpressoide_11.6.1_8255/ide/plugins/com.nxp.mcuxpresso.tools.win32_11.6.1.202207200623/tools/bin/../lib/gcc/arm-none-eabi/10.3.1/../../../../arm-none-eabi/lib/thumb/v7e-m+fp/hard\libcr_c.a(errno.o)
                0x20003560                errno
 .bss.__Ciob    0x20003564       0xb4 c:/nxp/mcuxpressoide_11.6.1_8255/ide/plugins/com.nxp.mcuxpresso.tools.win32_11.6.1.202207200623/tools/bin/../lib/gcc/arm-none-eabi/10.3.1/../../../../arm-none-eabi/lib/thumb/v7e-m+fp/hard\libcr_nohost_nf.a(__ciob.o)
                0x20003564                __Ciob
 *(SORT_BY_ALIGNMENT(COMMON))
                0x20003618                . = ALIGN (0x8)
                0x20003618                _ebss = .
                [!provide]                PROVIDE (__end_bss_RAM = .)
                [!provide]                PROVIDE (__end_bss_SRAM_UPPER = .)
                [!provide]                PROVIDE (end = .)

.noinit_RAM2    0x1fff0000        0x0
                [!provide]                PROVIDE (__start_noinit_RAM2 = .)
                [!provide]                PROVIDE (__start_noinit_SRAM_LOWER = .)
 *(SORT_BY_ALIGNMENT(.noinit.$RAM2))
 *(SORT_BY_ALIGNMENT(.noinit.$SRAM_LOWER))
 *(SORT_BY_ALIGNMENT(.noinit.$RAM2.*))
 *(SORT_BY_ALIGNMENT(.noinit.$SRAM_LOWER.*))
                0x1fff0000                . = ALIGN (0x8)
                [!provide]                PROVIDE (__end_noinit_RAM2 = .)
                [!provide]                PROVIDE (__end_noinit_SRAM_LOWER = .)

.noinit_RAM3    0x14000000        0x0
                [!provide]                PROVIDE (__start_noinit_RAM3 = .)
                [!provide]                PROVIDE (__start_noinit_FLEX_RAM = .)
 *(SORT_BY_ALIGNMENT(.noinit.$RAM3))
 *(SORT_BY_ALIGNMENT(.noinit.$FLEX_RAM))
 *(SORT_BY_ALIGNMENT(.noinit.$RAM3.*))
 *(SORT_BY_ALIGNMENT(.noinit.$FLEX_RAM.*))
                0x14000000                . = ALIGN (0x8)
                [!provide]                PROVIDE (__end_noinit_RAM3 = .)
                [!provide]                PROVIDE (__end_noinit_FLEX_RAM = .)

.noinit         0x20003618        0x0
                0x20003618                _noinit = .
                [!provide]                PROVIDE (__start_noinit_RAM = .)
                [!provide]                PROVIDE (__start_noinit_SRAM_UPPER = .)
 *(SORT_BY_ALIGNMENT(.noinit*))
                0x20003618                . = ALIGN (0x8)
                0x20003618                _end_noinit = .
                [!provide]                PROVIDE (__end_noinit_RAM = .)
                [!provide]                PROVIDE (__end_noinit_SRAM_UPPER = .)

.ARM.extab
 *(SORT_BY_ALIGNMENT(.ARM.extab*) SORT_BY_ALIGNMENT(.gnu.linkonce.armextab.*))

.ARM.exidx      0x00007298        0x0
                0x00007298                __exidx_start = .
 *(SORT_BY_ALIGNMENT(.ARM.exidx*) SORT_BY_ALIGNMENT(.gnu.linkonce.armexidx.*))
                0x00007298                __exidx_end = .
                0x00001000                _HeapSize = 0x1000

.heap           0x20003618     0x1000
                0x20003618                _pvHeapStart = .
                0x20004618                . = (. + _HeapSize)
 *fill*         0x20003618     0x1000 
                0x20004618                . = ALIGN (0x8)
                0x20004618                _pvHeapLimit = .
                0x00001000                _StackSize = 0x1000

.heap2stackfill
                0x20004618     0x1000
                0x20005618                . = (. + _StackSize)
 *fill*         0x20004618     0x1000 

.stack          0x2002f000        0x0
                0x2002f000                _vStackBase = .
                0x2002f000                . = ALIGN (0x8)
                0x20030000                _vStackTop = (. + _StackSize)
                0x00000000                _image_start = LOADADDR (.text)
                0x00007298                _image_end = (LOADADDR (.data) + SIZEOF (.data))
                0x00007298                _image_size = (_image_end - _image_start)
OUTPUT(frdmk64f_cmsis_enet_txrx_transfer.axf elf32-littlearm)
LOAD linker stubs

.debug_info     0x00000000    0x14a25
 .debug_info    0x00000000       0xa3 ./utilities/fsl_assert.o
 .debug_info    0x000000a3      0xca3 ./utilities/fsl_debug_console.o
 .debug_info    0x00000d46      0x93a ./startup/startup_mk64f12.o
 .debug_info    0x00001680     0x185b ./source/cmsis_enet_txrx_transfer.o
 .debug_info    0x00002edb       0x3c ./source/semihost_hardfault.o
 .debug_info    0x00002f17      0xb54 ./phy/fsl_phyksz8081.o
 .debug_info    0x00003a6b     0x10da ./mdio/fsl_enet_mdio.o
 .debug_info    0x00004b45     0x21c3 ./drivers/fsl_clock.o
 .debug_info    0x00006d08       0xee ./drivers/fsl_common_arm.o
 .debug_info    0x00006df6     0x23af ./drivers/fsl_edma.o
 .debug_info    0x000091a5     0x3924 ./drivers/fsl_enet.o
 .debug_info    0x0000cac9     0x216e ./drivers/fsl_enet_cmsis.o
 .debug_info    0x0000ec37     0x18ea ./drivers/fsl_enet_phy_cmsis.o
 .debug_info    0x00010521     0x1f90 ./drivers/fsl_uart.o
 .debug_info    0x000124b1      0x649 ./device/system_MK64F12.o
 .debug_info    0x00012afa      0xa7e ./component/uart/fsl_adapter_uart.o
 .debug_info    0x00013578       0xbd ./board/board.o
 .debug_info    0x00013635      0xbd9 ./board/clock_config.o
 .debug_info    0x0001420e      0x817 ./board/pin_mux.o

.debug_abbrev   0x00000000     0x28eb
 .debug_abbrev  0x00000000       0x66 ./utilities/fsl_assert.o
 .debug_abbrev  0x00000066      0x24b ./utilities/fsl_debug_console.o
 .debug_abbrev  0x000002b1      0x185 ./startup/startup_mk64f12.o
 .debug_abbrev  0x00000436      0x2aa ./source/cmsis_enet_txrx_transfer.o
 .debug_abbrev  0x000006e0       0x31 ./source/semihost_hardfault.o
 .debug_abbrev  0x00000711      0x1a8 ./phy/fsl_phyksz8081.o
 .debug_abbrev  0x000008b9      0x274 ./mdio/fsl_enet_mdio.o
 .debug_abbrev  0x00000b2d      0x359 ./drivers/fsl_clock.o
 .debug_abbrev  0x00000e86       0x92 ./drivers/fsl_common_arm.o
 .debug_abbrev  0x00000f18      0x3cb ./drivers/fsl_edma.o
 .debug_abbrev  0x000012e3      0x3ed ./drivers/fsl_enet.o
 .debug_abbrev  0x000016d0      0x36a ./drivers/fsl_enet_cmsis.o
 .debug_abbrev  0x00001a3a      0x2b0 ./drivers/fsl_enet_phy_cmsis.o
 .debug_abbrev  0x00001cea      0x42e ./drivers/fsl_uart.o
 .debug_abbrev  0x00002118      0x148 ./device/system_MK64F12.o
 .debug_abbrev  0x00002260      0x1c9 ./component/uart/fsl_adapter_uart.o
 .debug_abbrev  0x00002429       0x85 ./board/board.o
 .debug_abbrev  0x000024ae      0x214 ./board/clock_config.o
 .debug_abbrev  0x000026c2      0x229 ./board/pin_mux.o

.debug_aranges  0x00000000      0xff0
 .debug_aranges
                0x00000000       0x20 ./utilities/fsl_assert.o
 .debug_aranges
                0x00000020       0x78 ./utilities/fsl_debug_console.o
 .debug_aranges
                0x00000098      0x330 ./startup/startup_mk64f12.o
 .debug_aranges
                0x000003c8       0x40 ./source/cmsis_enet_txrx_transfer.o
 .debug_aranges
                0x00000408       0x20 ./source/semihost_hardfault.o
 .debug_aranges
                0x00000428       0x70 ./phy/fsl_phyksz8081.o
 .debug_aranges
                0x00000498       0x58 ./mdio/fsl_enet_mdio.o
 .debug_aranges
                0x000004f0      0x1f8 ./drivers/fsl_clock.o
 .debug_aranges
                0x000006e8       0x28 ./drivers/fsl_common_arm.o
 .debug_aranges
                0x00000710      0x1f8 ./drivers/fsl_edma.o
 .debug_aranges
                0x00000908      0x220 ./drivers/fsl_enet.o
 .debug_aranges
                0x00000b28      0x120 ./drivers/fsl_enet_cmsis.o
 .debug_aranges
                0x00000c48       0xa8 ./drivers/fsl_enet_phy_cmsis.o
 .debug_aranges
                0x00000cf0      0x1b8 ./drivers/fsl_uart.o
 .debug_aranges
                0x00000ea8       0x30 ./device/system_MK64F12.o
 .debug_aranges
                0x00000ed8       0x50 ./component/uart/fsl_adapter_uart.o
 .debug_aranges
                0x00000f28       0x20 ./board/board.o
 .debug_aranges
                0x00000f48       0x58 ./board/clock_config.o
 .debug_aranges
                0x00000fa0       0x50 ./board/pin_mux.o

.debug_ranges   0x00000000      0xed8
 .debug_ranges  0x00000000       0x10 ./utilities/fsl_assert.o
 .debug_ranges  0x00000010       0x68 ./utilities/fsl_debug_console.o
 .debug_ranges  0x00000078      0x320 ./startup/startup_mk64f12.o
 .debug_ranges  0x00000398       0x30 ./source/cmsis_enet_txrx_transfer.o
 .debug_ranges  0x000003c8       0x10 ./source/semihost_hardfault.o
 .debug_ranges  0x000003d8       0x60 ./phy/fsl_phyksz8081.o
 .debug_ranges  0x00000438       0x48 ./mdio/fsl_enet_mdio.o
 .debug_ranges  0x00000480      0x1e8 ./drivers/fsl_clock.o
 .debug_ranges  0x00000668       0x18 ./drivers/fsl_common_arm.o
 .debug_ranges  0x00000680      0x1e8 ./drivers/fsl_edma.o
 .debug_ranges  0x00000868      0x210 ./drivers/fsl_enet.o
 .debug_ranges  0x00000a78      0x128 ./drivers/fsl_enet_cmsis.o
 .debug_ranges  0x00000ba0       0x98 ./drivers/fsl_enet_phy_cmsis.o
 .debug_ranges  0x00000c38      0x1a8 ./drivers/fsl_uart.o
 .debug_ranges  0x00000de0       0x20 ./device/system_MK64F12.o
 .debug_ranges  0x00000e00       0x40 ./component/uart/fsl_adapter_uart.o
 .debug_ranges  0x00000e40       0x10 ./board/board.o
 .debug_ranges  0x00000e50       0x48 ./board/clock_config.o
 .debug_ranges  0x00000e98       0x40 ./board/pin_mux.o

.debug_macro    0x00000000    0x1449a
 .debug_macro   0x00000000      0x123 ./utilities/fsl_assert.o
 .debug_macro   0x00000123      0xab4 ./utilities/fsl_assert.o
 .debug_macro   0x00000bd7       0x10 ./utilities/fsl_assert.o
 .debug_macro   0x00000be7       0x1c ./utilities/fsl_assert.o
 .debug_macro   0x00000c03       0x22 ./utilities/fsl_assert.o
 .debug_macro   0x00000c25      0x12e ./utilities/fsl_assert.o
 .debug_macro   0x00000d53      0x5b3 ./utilities/fsl_assert.o
 .debug_macro   0x00001306       0x22 ./utilities/fsl_assert.o
 .debug_macro   0x00001328       0x10 ./utilities/fsl_assert.o
 .debug_macro   0x00001338       0x58 ./utilities/fsl_assert.o
 .debug_macro   0x00001390       0x1c ./utilities/fsl_assert.o
 .debug_macro   0x000013ac       0x22 ./utilities/fsl_assert.o
 .debug_macro   0x000013ce       0xfb ./utilities/fsl_assert.o
 .debug_macro   0x000014c9      0xeeb ./utilities/fsl_assert.o
 .debug_macro   0x000023b4       0x40 ./utilities/fsl_assert.o
 .debug_macro   0x000023f4     0xec5f ./utilities/fsl_assert.o
 .debug_macro   0x00011053     0x12e8 ./utilities/fsl_assert.o
 .debug_macro   0x0001233b       0x7a ./utilities/fsl_assert.o
 .debug_macro   0x000123b5       0xa8 ./utilities/fsl_assert.o
 .debug_macro   0x0001245d      0x174 ./utilities/fsl_assert.o
 .debug_macro   0x000125d1       0x1c ./utilities/fsl_assert.o
 .debug_macro   0x000125ed       0x1c ./utilities/fsl_assert.o
 .debug_macro   0x00012609       0x2e ./utilities/fsl_assert.o
 .debug_macro   0x00012637      0x149 ./utilities/fsl_debug_console.o
 .debug_macro   0x00012780       0x16 ./utilities/fsl_debug_console.o
 .debug_macro   0x00012796       0x10 ./utilities/fsl_debug_console.o
 .debug_macro   0x000127a6       0x28 ./utilities/fsl_debug_console.o
 .debug_macro   0x000127ce       0xc4 ./utilities/fsl_debug_console.o
 .debug_macro   0x00012892       0x16 ./utilities/fsl_debug_console.o
 .debug_macro   0x000128a8       0x16 ./utilities/fsl_debug_console.o
 .debug_macro   0x000128be       0x46 ./utilities/fsl_debug_console.o
 .debug_macro   0x00012904       0x29 ./startup/startup_mk64f12.o
 .debug_macro   0x0001292d      0x232 ./source/cmsis_enet_txrx_transfer.o
 .debug_macro   0x00012b5f       0x10 ./source/cmsis_enet_txrx_transfer.o
 .debug_macro   0x00012b6f       0x34 ./source/cmsis_enet_txrx_transfer.o
 .debug_macro   0x00012ba3       0x34 ./source/cmsis_enet_txrx_transfer.o
 .debug_macro   0x00012bd7       0xf8 ./source/cmsis_enet_txrx_transfer.o
 .debug_macro   0x00012ccf       0x10 ./source/cmsis_enet_txrx_transfer.o
 .debug_macro   0x00012cdf       0x1c ./source/cmsis_enet_txrx_transfer.o
 .debug_macro   0x00012cfb       0x16 ./source/cmsis_enet_txrx_transfer.o
 .debug_macro   0x00012d11       0x16 ./source/cmsis_enet_txrx_transfer.o
 .debug_macro   0x00012d27       0x16 ./source/cmsis_enet_txrx_transfer.o
 .debug_macro   0x00012d3d      0x1ab ./source/cmsis_enet_txrx_transfer.o
 .debug_macro   0x00012ee8       0xd1 ./source/cmsis_enet_txrx_transfer.o
 .debug_macro   0x00012fb9       0x22 ./source/cmsis_enet_txrx_transfer.o
 .debug_macro   0x00012fdb       0x1c ./source/cmsis_enet_txrx_transfer.o
 .debug_macro   0x00012ff7       0x64 ./source/cmsis_enet_txrx_transfer.o
 .debug_macro   0x0001305b       0xb8 ./source/cmsis_enet_txrx_transfer.o
 .debug_macro   0x00013113       0x52 ./source/cmsis_enet_txrx_transfer.o
 .debug_macro   0x00013165       0x11 ./source/semihost_hardfault.o
 .debug_macro   0x00013176      0x189 ./phy/fsl_phyksz8081.o
 .debug_macro   0x000132ff      0x133 ./mdio/fsl_enet_mdio.o
 .debug_macro   0x00013432       0xcb ./mdio/fsl_enet_mdio.o
 .debug_macro   0x000134fd      0x1d8 ./drivers/fsl_clock.o
 .debug_macro   0x000136d5      0x112 ./drivers/fsl_common_arm.o
 .debug_macro   0x000137e7      0x127 ./drivers/fsl_edma.o
 .debug_macro   0x0001390e       0x10 ./drivers/fsl_edma.o
 .debug_macro   0x0001391e      0x133 ./drivers/fsl_enet.o
 .debug_macro   0x00013a51      0x18d ./drivers/fsl_enet_cmsis.o
 .debug_macro   0x00013bde       0x16 ./drivers/fsl_enet_cmsis.o
 .debug_macro   0x00013bf4      0x181 ./drivers/fsl_enet_phy_cmsis.o
 .debug_macro   0x00013d75       0x5e ./drivers/fsl_enet_phy_cmsis.o
 .debug_macro   0x00013dd3      0x127 ./drivers/fsl_uart.o
 .debug_macro   0x00013efa       0x10 ./drivers/fsl_uart.o
 .debug_macro   0x00013f0a       0x98 ./device/system_MK64F12.o
 .debug_macro   0x00013fa2      0x11e ./component/uart/fsl_adapter_uart.o
 .debug_macro   0x000140c0       0x16 ./component/uart/fsl_adapter_uart.o
 .debug_macro   0x000140d6      0x153 ./board/board.o
 .debug_macro   0x00014229      0x153 ./board/clock_config.o
 .debug_macro   0x0001437c      0x11e ./board/pin_mux.o

.debug_line     0x00000000     0xb891
 .debug_line    0x00000000      0x3df ./utilities/fsl_assert.o
 .debug_line    0x000003df      0xca1 ./utilities/fsl_debug_console.o
 .debug_line    0x00001080      0x911 ./startup/startup_mk64f12.o
 .debug_line    0x00001991      0x891 ./source/cmsis_enet_txrx_transfer.o
 .debug_line    0x00002222       0x59 ./source/semihost_hardfault.o
 .debug_line    0x0000227b      0x6bd ./phy/fsl_phyksz8081.o
 .debug_line    0x00002938      0x513 ./mdio/fsl_enet_mdio.o
 .debug_line    0x00002e4b     0x1510 ./drivers/fsl_clock.o
 .debug_line    0x0000435b      0x388 ./drivers/fsl_common_arm.o
 .debug_line    0x000046e3     0x13ef ./drivers/fsl_edma.o
 .debug_line    0x00005ad2     0x1dfb ./drivers/fsl_enet.o
 .debug_line    0x000078cd      0xa46 ./drivers/fsl_enet_cmsis.o
 .debug_line    0x00008313      0x92d ./drivers/fsl_enet_phy_cmsis.o
 .debug_line    0x00008c40     0x14ea ./drivers/fsl_uart.o
 .debug_line    0x0000a12a      0x403 ./device/system_MK64F12.o
 .debug_line    0x0000a52d      0x578 ./component/uart/fsl_adapter_uart.o
 .debug_line    0x0000aaa5      0x477 ./board/board.o
 .debug_line    0x0000af1c      0x4bd ./board/clock_config.o
 .debug_line    0x0000b3d9      0x4b8 ./board/pin_mux.o

.debug_str      0x00000000    0x85c21
 .debug_str     0x00000000    0x79e43 ./utilities/fsl_assert.o
                              0x79ece (size before relaxing)
 .debug_str     0x00079e43     0x162c ./utilities/fsl_debug_console.o
                              0x7b569 (size before relaxing)
 .debug_str     0x0007b46f      0x7db ./startup/startup_mk64f12.o
                               0x3650 (size before relaxing)
 .debug_str     0x0007bc4a     0x365b ./source/cmsis_enet_txrx_transfer.o
                              0x7e006 (size before relaxing)
 .debug_str     0x0007f2a5       0x1f ./source/semihost_hardfault.o
                               0x2df5 (size before relaxing)
 .debug_str     0x0007f2c4      0x2e7 ./phy/fsl_phyksz8081.o
                              0x7b05e (size before relaxing)
 .debug_str     0x0007f5ab      0x3e1 ./mdio/fsl_enet_mdio.o
                              0x7b7d3 (size before relaxing)
 .debug_str     0x0007f98c     0x193a ./drivers/fsl_clock.o
                              0x7c54c (size before relaxing)
 .debug_str     0x000812c6       0x8b ./drivers/fsl_common_arm.o
                              0x79d93 (size before relaxing)
 .debug_str     0x00081351     0x15ef ./drivers/fsl_edma.o
                              0x7c08b (size before relaxing)
 .debug_str     0x00082940     0x140b ./drivers/fsl_enet.o
                              0x7d0f2 (size before relaxing)
 .debug_str     0x00083d4b      0x4f0 ./drivers/fsl_enet_cmsis.o
                              0x7cde3 (size before relaxing)
 .debug_str     0x0008423b      0x27e ./drivers/fsl_enet_phy_cmsis.o
                              0x7c5e0 (size before relaxing)
 .debug_str     0x000844b9      0xdc4 ./drivers/fsl_uart.o
                              0x7be86 (size before relaxing)
 .debug_str     0x0008527d      0x122 ./device/system_MK64F12.o
                              0x78435 (size before relaxing)
 .debug_str     0x0008539f       0xe9 ./component/uart/fsl_adapter_uart.o
                              0x7ae07 (size before relaxing)
 .debug_str     0x00085488       0x37 ./board/board.o
                              0x7abc4 (size before relaxing)